
> aqherbal_backend@1.0.0 test
> node --experimental-vm-modules ./node_modules/jest/bin/jest.js

  console.log
    [dotenv@17.2.0] injecting env (61) from .env (tip: ≡ƒ¢á∩╕Å  run anywhere with `dotenvx run -- yourcommand`)

      at _log (node_modules/dotenv/lib/main.js:136:11)

[32minfo[39m: SMTP Config: {"host":"smtp.gmail.com","pass":"***","port":587,"timestamp":"2026-01-24T06:11:24.172Z","user":"your-email@gmail.com"}
[33mwarn[39m: Redis disabled via REDIS_DISABLED=true; using local handlers. {"timestamp":"2026-01-24T06:11:24.199Z"}
  console.log
    [dotenv@17.2.0] injecting env (0) from .env (tip: ≡ƒöÉ prevent committing .env to code: https://dotenvx.com/precommit)

      at _log (node_modules/dotenv/lib/main.js:136:11)

  console.warn
    ΓÜá∩╕Å  Insecure default values detected (development only):
       JWT_SECRET
       JWT_REFRESH_SECRET
       These are OK for development but MUST be changed for production!

    [0m [90m  97 |[39m   [90m// Log insecure values in development[39m
     [90m  98 |[39m   [36mif[39m (insecure[33m.[39mlength [33m>[39m [35m0[39m [33m&&[39m process[33m.[39menv[33m.[39m[33mNODE_ENV[39m [33m!==[39m [32m'production'[39m) {
    [31m[1m>[22m[39m[90m  99 |[39m     console[33m.[39mwarn(
     [90m     |[39m             [31m[1m^[22m[39m
     [90m 100 |[39m       [32m'ΓÜá∩╕Å  Insecure default values detected (development only):\n'[39m [33m+[39m
     [90m 101 |[39m       [32m`   ${insecure.join('\n   ')}\n`[39m [33m+[39m
     [90m 102 |[39m       [32m'   These are OK for development but MUST be changed for production!'[39m[0m

      at validateEnv (src/config/validation.js:99:13)
      at src/server.js:23:1

  console.info
    Γ£à Environment validation passed

      at validateEnv (src/config/validation.js:106:11)

  console.log
    [dotenv@17.2.0] injecting env (1) from .env.test (tip: ≡ƒöÉ encrypt with dotenvx: https://dotenvx.com)

      at _log (node_modules/dotenv/lib/main.js:136:11)

node.exe : (node:2992) ExperimentalWarning: VM Modules is an experimental 
feature and might change at any time
At line:1 char:1
+ & "C:\Program Files\nodejs/node.exe" "C:\Program Files\nodejs/node_mo 
...
+ ~~~~~~~~~~~~~~~~~~~~~~~~~~~~~~~~~~~~~~~~~~~~~~~~~~~~~~~~~~~~~~~~~~~~~
    + CategoryInfo          : NotSpecified: ((node:2992) Exp...nge at any 
    time:String) [], RemoteException
    + FullyQualifiedErrorId : NativeCommandError
 
(Use `node --trace-warnings ...` to show where the warning was created)
(node:2992) [MONGODB DRIVER] Warning: useNewUrlParser is a deprecated 
option: useNewUrlParser has no effect since Node.js Driver version 4.0.0 
and will be removed in the next major version
(node:2992) [MONGODB DRIVER] Warning: useUnifiedTopology is a deprecated 
option: useUnifiedTopology has no effect since Node.js Driver version 
4.0.0 and will be removed in the next major version
  console.log
    Γ£ô Test database connected

      at connectTestDB (tests/setup.js:33:13)

[32minfo[39m: [object Object] {"timestamp":"2026-01-24T06:11:24.819Z"}
  console.log
    Γ£ô Database cleared

      at clearDatabase (tests/setup.js:64:13)

[32minfo[39m: [object Object] {"timestamp":"2026-01-24T06:11:34.840Z"}
  console.log
    Γ£ô Database cleared

      at clearDatabase (tests/setup.js:64:13)

[32minfo[39m: [object Object] {"timestamp":"2026-01-24T06:11:44.873Z"}
  console.log
    Γ£ô Database cleared

      at clearDatabase (tests/setup.js:64:13)

[32minfo[39m: [object Object] {"timestamp":"2026-01-24T06:11:55.017Z"}
  console.log
    Γ£ô Database cleared

      at clearDatabase (tests/setup.js:64:13)

[32minfo[39m: [object Object] {"timestamp":"2026-01-24T06:12:05.087Z"}
  console.log
    Γ£ô Database cleared

      at clearDatabase (tests/setup.js:64:13)

[32minfo[39m: [object Object] {"timestamp":"2026-01-24T06:12:15.145Z"}
  console.log
    Γ£ô Database cleared

      at clearDatabase (tests/setup.js:64:13)

[32minfo[39m: [object Object] {"timestamp":"2026-01-24T06:12:25.217Z"}
  console.log
    Γ£ô Database cleared

      at clearDatabase (tests/setup.js:64:13)

[32minfo[39m: [object Object] {"timestamp":"2026-01-24T06:12:35.382Z"}
  console.log
    Γ£ô Database cleared

      at clearDatabase (tests/setup.js:64:13)

[32minfo[39m: [object Object] {"timestamp":"2026-01-24T06:12:45.470Z"}
  console.log
    Γ£ô Database cleared

      at clearDatabase (tests/setup.js:64:13)

[32minfo[39m: [object Object] {"timestamp":"2026-01-24T06:12:55.586Z"}
  console.log
    Γ£ô Database cleared

      at clearDatabase (tests/setup.js:64:13)

[32minfo[39m: [object Object] {"timestamp":"2026-01-24T06:13:05.717Z"}
  console.log
    Γ£ô Database cleared

      at clearDatabase (tests/setup.js:64:13)

  console.log
    Γ£ô Database cleared

      at clearDatabase (tests/setup.js:64:13)

  console.log
    Γ£ô Database cleared

      at clearDatabase (tests/setup.js:64:13)

  console.log
    Γ£ô Database cleared

      at clearDatabase (tests/setup.js:64:13)

[32minfo[39m: [object Object] {"timestamp":"2026-01-24T06:13:06.254Z"}
  console.log
    Γ£ô Database cleared

      at clearDatabase (tests/setup.js:64:13)

[32minfo[39m: [object Object] {"timestamp":"2026-01-24T06:13:06.347Z"}
  console.log
    Γ£ô Database cleared

      at clearDatabase (tests/setup.js:64:13)

[32minfo[39m: [object Object] {"timestamp":"2026-01-24T06:13:06.435Z"}
  console.log
    Γ£ô Database cleared

      at clearDatabase (tests/setup.js:64:13)

[32minfo[39m: [object Object] {"timestamp":"2026-01-24T06:13:06.543Z"}
  console.log
    Γ£ô Database cleared

      at clearDatabase (tests/setup.js:64:13)

[32minfo[39m: [object Object] {"timestamp":"2026-01-24T06:13:06.619Z"}
  console.log
    Γ£ô Database cleared

      at clearDatabase (tests/setup.js:64:13)

[32minfo[39m: [object Object] {"timestamp":"2026-01-24T06:13:06.756Z"}
  console.log
    Γ£ô Database cleared

      at clearDatabase (tests/setup.js:64:13)

[32minfo[39m: [object Object] {"timestamp":"2026-01-24T06:13:06.979Z"}
  console.log
    Γ£ô Database cleared

      at clearDatabase (tests/setup.js:64:13)

  console.log
    Γ£ô Database cleared

      at clearDatabase (tests/setup.js:64:13)

  console.log
    Γ£ô Database cleared

      at clearDatabase (tests/setup.js:64:13)

  console.log
    Γ£ô Database cleared

      at clearDatabase (tests/setup.js:64:13)

  console.log
    Γ£ô Database cleared

      at clearDatabase (tests/setup.js:64:13)

[32minfo[39m: [object Object] {"timestamp":"2026-01-24T06:13:07.330Z"}
  console.log
    Γ£ô Database cleared

      at clearDatabase (tests/setup.js:64:13)

[32minfo[39m: [object Object] {"timestamp":"2026-01-24T06:13:07.398Z"}
  console.log
    Γ£ô Database cleared

      at clearDatabase (tests/setup.js:64:13)

[32minfo[39m: [object Object] {"timestamp":"2026-01-24T06:13:07.462Z"}
  console.log
    Γ£ô Database cleared

      at clearDatabase (tests/setup.js:64:13)

  console.log
    Γ£ô Database cleared

      at clearDatabase (tests/setup.js:64:13)

  console.log
    Γ£ô Database cleared

      at clearDatabase (tests/setup.js:64:13)

  console.log
    Γ£ô Test database disconnected

      at disconnectTestDB (tests/setup.js:46:13)

FAIL aqherbal-backend-tests tests/auth.test.js (108.207 s, 115 MB heap 
size)
  ≡ƒöÉ Authentication & Authorization
    POST /api/v1/auth/register
      ├ù Γ£ô Should register user with valid credentials (10099 ms)
      ├ù Γ£ù Should fail registration with existing email (10087 ms)
      ├ù Γ£ù Should fail registration with invalid email (10120 ms)
      ├ù Γ£ù Should fail registration with weak password (10081 ms)
      ├ù Γ£ù Should fail registration with missing required fields (10070 
ms)
      ├ù Γ£ù Should reject oversized payload (10053 ms)
    POST /api/v1/auth/login
      ├ù Γ£ô Should login with valid credentials (10144 ms)
      ├ù Γ£ù Should fail login with wrong password (10111 ms)
      ├ù Γ£ù Should fail login with non-existent email (10105 ms)
      ├ù Γ£ù Should fail login with missing credentials (10082 ms)
      ├ù Γ£ù Should fail login with unverified email (289 ms)
    POST /api/v1/auth/refresh-token
      ├ù Γ£ô Should refresh token with valid refresh token (124 ms)
      ├ù Γ£ù Should fail with invalid refresh token (95 ms)
      ├ù Γ£ù Should fail with expired refresh token (82 ms)
    POST /api/v1/auth/verify-email
      ├ù Γ£ô Should verify email with valid token (105 ms)
      ├ù Γ£ù Should fail verification with invalid token (82 ms)
    POST /api/v1/auth/forgot-password
      ├ù Γ£ô Should send password reset email (115 ms)
      ├ù Γ£ù Should handle non-existent email gracefully (68 ms)
    POST /api/v1/auth/reset-password
      ├ù Γ£ô Should reset password with valid token (118 ms)
      ├ù Γ£ù Should fail with expired token (247 ms)
      ├ù Γ£ù Should fail with mismatched passwords (84 ms)
    Authorization & Permission Enforcement
      ├ù Γ£ô Admin can access admin endpoints (71 ms)
      ├ù Γ£ù Regular user cannot access admin endpoints (60 ms)
      ├ù Γ£ù Unauthenticated user cannot access protected endpoints (63 
ms)
      ├ù Γ£ù Invalid token is rejected (72 ms)
    Security & Injection Prevention
      ├ù Γ£ù Should reject XSS attempts in email (69 ms)
      ├ù Γ£ù Should reject SQL injection attempts (64 ms)
      ├ù Γ£ù Should reject NoSQL injection attempts (68 ms)
    POST /api/v1/auth/logout
      ├ù Γ£ô Should logout user successfully (53 ms)
      ├ù Γ£ù Should fail logout without authentication (55 ms)

  ΓùÅ ≡ƒöÉ Authentication & Authorization ΓÇ║ POST /api/v1/auth/register 
ΓÇ║ Γ£ô Should register user with valid credentials

    thrown: "Exceeded timeout of 10000 ms for a test.
    Add a timeout value to this test to increase the timeout, if this is 
a long-running test. See https://jestjs.io/docs/api#testname-fn-timeout."

    [0m [90m 16 |[39m   describe([32m'POST 
/api/v1/auth/register'[39m[33m,[39m () [33m=>[39m {
     [90m 17 |[39m     
    [31m[1m>[22m[39m[90m 18 |[39m     it([32m'Γ£ô Should register 
user with valid credentials'[39m[33m,[39m [36masync[39m () 
[33m=>[39m {
     [90m    |[39m     [31m[1m^[22m[39m
     [90m 19 |[39m       [36mconst[39m res [33m=[39m 
[36mawait[39m request(app)
     [90m 20 |[39m         
[33m.[39mpost([32m'/api/v1/auth/register'[39m)
     [90m 21 |[39m         [33m.[39msend({[0m

      at tests/auth.test.js:18:5
      at tests/auth.test.js:16:3
      at tests/auth.test.js:13:1

  ΓùÅ ≡ƒöÉ Authentication & Authorization ΓÇ║ POST /api/v1/auth/register 
ΓÇ║ Γ£ù Should fail registration with existing email

    thrown: "Exceeded timeout of 10000 ms for a test.
    Add a timeout value to this test to increase the timeout, if this is 
a long-running test. See https://jestjs.io/docs/api#testname-fn-timeout."

    [0m [90m 34 |[39m     })[33m;[39m
     [90m 35 |[39m
    [31m[1m>[22m[39m[90m 36 |[39m     it([32m'Γ£ù Should fail 
registration with existing email'[39m[33m,[39m [36masync[39m () 
[33m=>[39m {
     [90m    |[39m     [31m[1m^[22m[39m
     [90m 37 |[39m       [90m// Register first user[39m
     [90m 38 |[39m       [36mawait[39m 
[33mUser[39m[33m.[39mcreate({
     [90m 39 |[39m         email[33m:[39m 
[32m'existing@test.com'[39m[33m,[39m[0m

      at tests/auth.test.js:36:5
      at tests/auth.test.js:16:3
      at tests/auth.test.js:13:1

  ΓùÅ ≡ƒöÉ Authentication & Authorization ΓÇ║ POST /api/v1/auth/register 
ΓÇ║ Γ£ù Should fail registration with invalid email

    thrown: "Exceeded timeout of 10000 ms for a test.
    Add a timeout value to this test to increase the timeout, if this is 
a long-running test. See https://jestjs.io/docs/api#testname-fn-timeout."

    [0m [90m 54 |[39m     })[33m;[39m
     [90m 55 |[39m
    [31m[1m>[22m[39m[90m 56 |[39m     it([32m'Γ£ù Should fail 
registration with invalid email'[39m[33m,[39m [36masync[39m () 
[33m=>[39m {
     [90m    |[39m     [31m[1m^[22m[39m
     [90m 57 |[39m       [36mconst[39m res [33m=[39m 
[36mawait[39m request(app)
     [90m 58 |[39m         
[33m.[39mpost([32m'/api/v1/auth/register'[39m)
     [90m 59 |[39m         [33m.[39msend({[0m

      at tests/auth.test.js:56:5
      at tests/auth.test.js:16:3
      at tests/auth.test.js:13:1

  ΓùÅ ≡ƒöÉ Authentication & Authorization ΓÇ║ POST /api/v1/auth/register 
ΓÇ║ Γ£ù Should fail registration with weak password

    thrown: "Exceeded timeout of 10000 ms for a test.
    Add a timeout value to this test to increase the timeout, if this is 
a long-running test. See https://jestjs.io/docs/api#testname-fn-timeout."

    [0m [90m 67 |[39m     })[33m;[39m
     [90m 68 |[39m
    [31m[1m>[22m[39m[90m 69 |[39m     it([32m'Γ£ù Should fail 
registration with weak password'[39m[33m,[39m [36masync[39m () 
[33m=>[39m {
     [90m    |[39m     [31m[1m^[22m[39m
     [90m 70 |[39m       [36mconst[39m res [33m=[39m 
[36mawait[39m request(app)
     [90m 71 |[39m         
[33m.[39mpost([32m'/api/v1/auth/register'[39m)
     [90m 72 |[39m         [33m.[39msend({[0m

      at tests/auth.test.js:69:5
      at tests/auth.test.js:16:3
      at tests/auth.test.js:13:1

  ΓùÅ ≡ƒöÉ Authentication & Authorization ΓÇ║ POST /api/v1/auth/register 
ΓÇ║ Γ£ù Should fail registration with missing required fields

    thrown: "Exceeded timeout of 10000 ms for a test.
    Add a timeout value to this test to increase the timeout, if this is 
a long-running test. See https://jestjs.io/docs/api#testname-fn-timeout."

    [0m [90m 80 |[39m     })[33m;[39m
     [90m 81 |[39m
    [31m[1m>[22m[39m[90m 82 |[39m     it([32m'Γ£ù Should fail 
registration with missing required fields'[39m[33m,[39m 
[36masync[39m () [33m=>[39m {
     [90m    |[39m     [31m[1m^[22m[39m
     [90m 83 |[39m       [36mconst[39m res [33m=[39m 
[36mawait[39m request(app)
     [90m 84 |[39m         
[33m.[39mpost([32m'/api/v1/auth/register'[39m)
     [90m 85 |[39m         [33m.[39msend({[0m

      at tests/auth.test.js:82:5
      at tests/auth.test.js:16:3
      at tests/auth.test.js:13:1

  ΓùÅ ≡ƒöÉ Authentication & Authorization ΓÇ║ POST /api/v1/auth/register 
ΓÇ║ Γ£ù Should reject oversized payload

    thrown: "Exceeded timeout of 10000 ms for a test.
    Add a timeout value to this test to increase the timeout, if this is 
a long-running test. See https://jestjs.io/docs/api#testname-fn-timeout."

    [0m [90m 92 |[39m     })[33m;[39m
     [90m 93 |[39m
    [31m[1m>[22m[39m[90m 94 |[39m     it([32m'Γ£ù Should reject 
oversized payload'[39m[33m,[39m [36masync[39m () [33m=>[39m {
     [90m    |[39m     [31m[1m^[22m[39m
     [90m 95 |[39m       [36mconst[39m largePayload [33m=[39m 
[32m'x'[39m[33m.[39mrepeat([35m10000[39m)[33m;[39m
     [90m 96 |[39m       
     [90m 97 |[39m       [36mconst[39m res [33m=[39m 
[36mawait[39m request(app)[0m

      at tests/auth.test.js:94:5
      at tests/auth.test.js:16:3
      at tests/auth.test.js:13:1

  ΓùÅ ≡ƒöÉ Authentication & Authorization ΓÇ║ POST /api/v1/auth/login ΓÇ║ 
Γ£ô Should login with valid credentials

    thrown: "Exceeded timeout of 10000 ms for a test.
    Add a timeout value to this test to increase the timeout, if this is 
a long-running test. See https://jestjs.io/docs/api#testname-fn-timeout."

    [0m [90m 121 |[39m     })[33m;[39m
     [90m 122 |[39m
    [31m[1m>[22m[39m[90m 123 |[39m     it([32m'Γ£ô Should login 
with valid credentials'[39m[33m,[39m [36masync[39m () [33m=>[39m {
     [90m     |[39m     [31m[1m^[22m[39m
     [90m 124 |[39m       [36mconst[39m res [33m=[39m 
[36mawait[39m request(app)
     [90m 125 |[39m         
[33m.[39mpost([32m'/api/v1/auth/login'[39m)
     [90m 126 |[39m         [33m.[39msend({[0m

      at tests/auth.test.js:123:5
      at tests/auth.test.js:110:3
      at tests/auth.test.js:13:1

  ΓùÅ ≡ƒöÉ Authentication & Authorization ΓÇ║ POST /api/v1/auth/login ΓÇ║ 
Γ£ù Should fail login with wrong password

    thrown: "Exceeded timeout of 10000 ms for a test.
    Add a timeout value to this test to increase the timeout, if this is 
a long-running test. See https://jestjs.io/docs/api#testname-fn-timeout."

    [0m [90m 135 |[39m     })[33m;[39m
     [90m 136 |[39m
    [31m[1m>[22m[39m[90m 137 |[39m     it([32m'Γ£ù Should fail 
login with wrong password'[39m[33m,[39m [36masync[39m () 
[33m=>[39m {
     [90m     |[39m     [31m[1m^[22m[39m
     [90m 138 |[39m       [36mconst[39m res [33m=[39m 
[36mawait[39m request(app)
     [90m 139 |[39m         
[33m.[39mpost([32m'/api/v1/auth/login'[39m)
     [90m 140 |[39m         [33m.[39msend({[0m

      at tests/auth.test.js:137:5
      at tests/auth.test.js:110:3
      at tests/auth.test.js:13:1

  ΓùÅ ≡ƒöÉ Authentication & Authorization ΓÇ║ POST /api/v1/auth/login ΓÇ║ 
Γ£ù Should fail login with non-existent email

    thrown: "Exceeded timeout of 10000 ms for a test.
    Add a timeout value to this test to increase the timeout, if this is 
a long-running test. See https://jestjs.io/docs/api#testname-fn-timeout."

    [0m [90m 147 |[39m     })[33m;[39m
     [90m 148 |[39m
    [31m[1m>[22m[39m[90m 149 |[39m     it([32m'Γ£ù Should fail 
login with non-existent email'[39m[33m,[39m [36masync[39m () 
[33m=>[39m {
     [90m     |[39m     [31m[1m^[22m[39m
     [90m 150 |[39m       [36mconst[39m res [33m=[39m 
[36mawait[39m request(app)
     [90m 151 |[39m         
[33m.[39mpost([32m'/api/v1/auth/login'[39m)
     [90m 152 |[39m         [33m.[39msend({[0m

      at tests/auth.test.js:149:5
      at tests/auth.test.js:110:3
      at tests/auth.test.js:13:1

  ΓùÅ ≡ƒöÉ Authentication & Authorization ΓÇ║ POST /api/v1/auth/login ΓÇ║ 
Γ£ù Should fail login with missing credentials

    thrown: "Exceeded timeout of 10000 ms for a test.
    Add a timeout value to this test to increase the timeout, if this is 
a long-running test. See https://jestjs.io/docs/api#testname-fn-timeout."

    [0m [90m 158 |[39m     })[33m;[39m
     [90m 159 |[39m
    [31m[1m>[22m[39m[90m 160 |[39m     it([32m'Γ£ù Should fail 
login with missing credentials'[39m[33m,[39m [36masync[39m () 
[33m=>[39m {
     [90m     |[39m     [31m[1m^[22m[39m
     [90m 161 |[39m       [36mconst[39m res [33m=[39m 
[36mawait[39m request(app)
     [90m 162 |[39m         
[33m.[39mpost([32m'/api/v1/auth/login'[39m)
     [90m 163 |[39m         [33m.[39msend({[0m

      at tests/auth.test.js:160:5
      at tests/auth.test.js:110:3
      at tests/auth.test.js:13:1

  ΓùÅ ≡ƒöÉ Authentication & Authorization ΓÇ║ POST /api/v1/auth/login ΓÇ║ 
Γ£ù Should fail login with unverified email

    expect(received).toBe(expected) // Object.is equality

    Expected: 403
    Received: 429

    [0m [90m 183 |[39m         })[33m;[39m
     [90m 184 |[39m
    [31m[1m>[22m[39m[90m 185 |[39m       
expect(res[33m.[39mstatus)[33m.[39mtoBe([35m403[39m)[33m;[39m
     [90m     |[39m                          [31m[1m^[22m[39m
     [90m 186 |[39m     })[33m;[39m
     [90m 187 |[39m   })[33m;[39m
     [90m 188 |[39m[0m

      at Object.<anonymous> (tests/auth.test.js:185:26)

  ΓùÅ ≡ƒöÉ Authentication & Authorization ΓÇ║ POST 
/api/v1/auth/refresh-token ΓÇ║ Γ£ô Should refresh token with valid 
refresh token

    ReferenceError: require is not defined

    [0m [90m 120 |[39m [90m */[39m
     [90m 121 |[39m [36mexport[39m [36mconst[39m generateTestToken 
[33m=[39m (userId[33m,[39m role [33m=[39m [32m'user'[39m) 
[33m=>[39m {
    [31m[1m>[22m[39m[90m 122 |[39m   [36mconst[39m jwt 
[33m=[39m require([32m'jsonwebtoken'[39m)[33m;[39m
     [90m     |[39m               [31m[1m^[22m[39m
     [90m 123 |[39m   [36mconst[39m token [33m=[39m 
jwt[33m.[39msign(
     [90m 124 |[39m     { userId[33m,[39m role[33m,[39m 
email[33m:[39m [32m`test${userId}@example.com`[39m }[33m,[39m
     [90m 125 |[39m     
process[33m.[39menv[33m.[39m[33mJWT_SECRET[39m [33m||[39m 
[32m'test_secret'[39m[33m,[39m[0m

      at generateTestToken (tests/setup.js:122:15)
      at Object.<anonymous> (tests/auth.test.js:204:22)

  ΓùÅ ≡ƒöÉ Authentication & Authorization ΓÇ║ POST 
/api/v1/auth/refresh-token ΓÇ║ Γ£ù Should fail with invalid refresh token

    ReferenceError: require is not defined

    [0m [90m 120 |[39m [90m */[39m
     [90m 121 |[39m [36mexport[39m [36mconst[39m generateTestToken 
[33m=[39m (userId[33m,[39m role [33m=[39m [32m'user'[39m) 
[33m=>[39m {
    [31m[1m>[22m[39m[90m 122 |[39m   [36mconst[39m jwt 
[33m=[39m require([32m'jsonwebtoken'[39m)[33m;[39m
     [90m     |[39m               [31m[1m^[22m[39m
     [90m 123 |[39m   [36mconst[39m token [33m=[39m 
jwt[33m.[39msign(
     [90m 124 |[39m     { userId[33m,[39m role[33m,[39m 
email[33m:[39m [32m`test${userId}@example.com`[39m }[33m,[39m
     [90m 125 |[39m     
process[33m.[39menv[33m.[39m[33mJWT_SECRET[39m [33m||[39m 
[32m'test_secret'[39m[33m,[39m[0m

      at generateTestToken (tests/setup.js:122:15)
      at Object.<anonymous> (tests/auth.test.js:204:22)

  ΓùÅ ≡ƒöÉ Authentication & Authorization ΓÇ║ POST 
/api/v1/auth/refresh-token ΓÇ║ Γ£ù Should fail with expired refresh token

    ReferenceError: require is not defined

    [0m [90m 120 |[39m [90m */[39m
     [90m 121 |[39m [36mexport[39m [36mconst[39m generateTestToken 
[33m=[39m (userId[33m,[39m role [33m=[39m [32m'user'[39m) 
[33m=>[39m {
    [31m[1m>[22m[39m[90m 122 |[39m   [36mconst[39m jwt 
[33m=[39m require([32m'jsonwebtoken'[39m)[33m;[39m
     [90m     |[39m               [31m[1m^[22m[39m
     [90m 123 |[39m   [36mconst[39m token [33m=[39m 
jwt[33m.[39msign(
     [90m 124 |[39m     { userId[33m,[39m role[33m,[39m 
email[33m:[39m [32m`test${userId}@example.com`[39m }[33m,[39m
     [90m 125 |[39m     
process[33m.[39menv[33m.[39m[33mJWT_SECRET[39m [33m||[39m 
[32m'test_secret'[39m[33m,[39m[0m

      at generateTestToken (tests/setup.js:122:15)
      at Object.<anonymous> (tests/auth.test.js:204:22)

  ΓùÅ ≡ƒöÉ Authentication & Authorization ΓÇ║ POST 
/api/v1/auth/verify-email ΓÇ║ Γ£ô Should verify email with valid token

    expect(received).toBe(expected) // Object.is equality

    Expected: 200
    Received: 429

    [0m [90m 252 |[39m         [33m.[39msend({ token[33m:[39m 
[32m'valid_verification_token'[39m })[33m;[39m
     [90m 253 |[39m
    [31m[1m>[22m[39m[90m 254 |[39m       
expect(res[33m.[39mstatus)[33m.[39mtoBe([35m200[39m)[33m;[39m
     [90m     |[39m                          [31m[1m^[22m[39m
     [90m 255 |[39m       expect(res[33m.[39mbody[33m.[39mmessage)[
33m.[39mtoContain([32m'verified'[39m)[33m;[39m
     [90m 256 |[39m
     [90m 257 |[39m       [90m// Check database[39m[0m

      at Object.<anonymous> (tests/auth.test.js:254:26)

  ΓùÅ ≡ƒöÉ Authentication & Authorization ΓÇ║ POST 
/api/v1/auth/verify-email ΓÇ║ Γ£ù Should fail verification with invalid 
token

    expect(received).toBe(expected) // Object.is equality

    Expected: 400
    Received: 429

    [0m [90m 265 |[39m         [33m.[39msend({ token[33m:[39m 
[32m'invalid_token'[39m })[33m;[39m
     [90m 266 |[39m
    [31m[1m>[22m[39m[90m 267 |[39m       
expect(res[33m.[39mstatus)[33m.[39mtoBe([35m400[39m)[33m;[39m
     [90m     |[39m                          [31m[1m^[22m[39m
     [90m 268 |[39m     })[33m;[39m
     [90m 269 |[39m   })[33m;[39m
     [90m 270 |[39m[0m

      at Object.<anonymous> (tests/auth.test.js:267:26)

  ΓùÅ ≡ƒöÉ Authentication & Authorization ΓÇ║ POST 
/api/v1/auth/forgot-password ΓÇ║ Γ£ô Should send password reset email

    expect(received).toBe(expected) // Object.is equality

    Expected: 200
    Received: 429

    [0m [90m 283 |[39m         [33m.[39msend({ email[33m:[39m 
[32m'forgot@test.com'[39m })[33m;[39m
     [90m 284 |[39m
    [31m[1m>[22m[39m[90m 285 |[39m       
expect(res[33m.[39mstatus)[33m.[39mtoBe([35m200[39m)[33m;[39m
     [90m     |[39m                          [31m[1m^[22m[39m
     [90m 286 |[39m       expect(res[33m.[39mbody[33m.[39mmessage)[
33m.[39mtoContain([32m'reset'[39m)[33m;[39m
     [90m 287 |[39m     })[33m;[39m
     [90m 288 |[39m[0m

      at Object.<anonymous> (tests/auth.test.js:285:26)

  ΓùÅ ≡ƒöÉ Authentication & Authorization ΓÇ║ POST 
/api/v1/auth/forgot-password ΓÇ║ Γ£ù Should handle non-existent email 
gracefully

    expect(received).toBe(expected) // Object.is equality

    Expected: 200
    Received: 429

    [0m [90m 293 |[39m
     [90m 294 |[39m       [90m// Should still return 200 for security 
(don't leak user existence)[39m
    [31m[1m>[22m[39m[90m 295 |[39m       
expect(res[33m.[39mstatus)[33m.[39mtoBe([35m200[39m)[33m;[39m
     [90m     |[39m                          [31m[1m^[22m[39m
     [90m 296 |[39m     })[33m;[39m
     [90m 297 |[39m   })[33m;[39m
     [90m 298 |[39m[0m

      at Object.<anonymous> (tests/auth.test.js:295:26)

  ΓùÅ ≡ƒöÉ Authentication & Authorization ΓÇ║ POST 
/api/v1/auth/reset-password ΓÇ║ Γ£ô Should reset password with valid token

    expect(received).toBe(expected) // Object.is equality

    Expected: 200
    Received: 429

    [0m [90m 316 |[39m         })[33m;[39m
     [90m 317 |[39m
    [31m[1m>[22m[39m[90m 318 |[39m       
expect(res[33m.[39mstatus)[33m.[39mtoBe([35m200[39m)[33m;[39m
     [90m     |[39m                          [31m[1m^[22m[39m
     [90m 319 |[39m
     [90m 320 |[39m       [90m// Verify password changed[39m
     [90m 321 |[39m       [36mconst[39m updated [33m=[39m 
[36mawait[39m 
[33mUser[39m[33m.[39mfindById(user[33m.[39m_id)[33m;[39m[0m

      at Object.<anonymous> (tests/auth.test.js:318:26)

  ΓùÅ ≡ƒöÉ Authentication & Authorization ΓÇ║ POST 
/api/v1/auth/reset-password ΓÇ║ Γ£ù Should fail with expired token

    expect(received).toBe(expected) // Object.is equality

    Expected: 400
    Received: 429

    [0m [90m 340 |[39m         })[33m;[39m
     [90m 341 |[39m
    [31m[1m>[22m[39m[90m 342 |[39m       
expect(res[33m.[39mstatus)[33m.[39mtoBe([35m400[39m)[33m;[39m
     [90m     |[39m                          [31m[1m^[22m[39m
     [90m 343 |[39m     })[33m;[39m
     [90m 344 |[39m
     [90m 345 |[39m     it([32m'Γ£ù Should fail with mismatched 
passwords'[39m[33m,[39m [36masync[39m () [33m=>[39m {[0m

      at Object.<anonymous> (tests/auth.test.js:342:26)

  ΓùÅ ≡ƒöÉ Authentication & Authorization ΓÇ║ POST 
/api/v1/auth/reset-password ΓÇ║ Γ£ù Should fail with mismatched passwords

    expect(received).toBe(expected) // Object.is equality

    Expected: 400
    Received: 429

    [0m [90m 352 |[39m         })[33m;[39m
     [90m 353 |[39m
    [31m[1m>[22m[39m[90m 354 |[39m       
expect(res[33m.[39mstatus)[33m.[39mtoBe([35m400[39m)[33m;[39m
     [90m     |[39m                          [31m[1m^[22m[39m
     [90m 355 |[39m       expect(res[33m.[39mbody[33m.[39mmessage)[
33m.[39mtoContain([32m'match'[39m)[33m;[39m
     [90m 356 |[39m     })[33m;[39m
     [90m 357 |[39m   })[33m;[39m[0m

      at Object.<anonymous> (tests/auth.test.js:354:26)

  ΓùÅ ≡ƒöÉ Authentication & Authorization ΓÇ║ Authorization & Permission 
Enforcement ΓÇ║ Γ£ô Admin can access admin endpoints

    ReferenceError: require is not defined

    [0m [90m 120 |[39m [90m */[39m
     [90m 121 |[39m [36mexport[39m [36mconst[39m generateTestToken 
[33m=[39m (userId[33m,[39m role [33m=[39m [32m'user'[39m) 
[33m=>[39m {
    [31m[1m>[22m[39m[90m 122 |[39m   [36mconst[39m jwt 
[33m=[39m require([32m'jsonwebtoken'[39m)[33m;[39m
     [90m     |[39m               [31m[1m^[22m[39m
     [90m 123 |[39m   [36mconst[39m token [33m=[39m 
jwt[33m.[39msign(
     [90m 124 |[39m     { userId[33m,[39m role[33m,[39m 
email[33m:[39m [32m`test${userId}@example.com`[39m }[33m,[39m
     [90m 125 |[39m     
process[33m.[39menv[33m.[39m[33mJWT_SECRET[39m [33m||[39m 
[32m'test_secret'[39m[33m,[39m[0m

      at generateTestToken (tests/setup.js:122:15)
      at Object.<anonymous> (tests/auth.test.js:380:19)

  ΓùÅ ≡ƒöÉ Authentication & Authorization ΓÇ║ Authorization & Permission 
Enforcement ΓÇ║ Γ£ù Regular user cannot access admin endpoints

    ReferenceError: require is not defined

    [0m [90m 120 |[39m [90m */[39m
     [90m 121 |[39m [36mexport[39m [36mconst[39m generateTestToken 
[33m=[39m (userId[33m,[39m role [33m=[39m [32m'user'[39m) 
[33m=>[39m {
    [31m[1m>[22m[39m[90m 122 |[39m   [36mconst[39m jwt 
[33m=[39m require([32m'jsonwebtoken'[39m)[33m;[39m
     [90m     |[39m               [31m[1m^[22m[39m
     [90m 123 |[39m   [36mconst[39m token [33m=[39m 
jwt[33m.[39msign(
     [90m 124 |[39m     { userId[33m,[39m role[33m,[39m 
email[33m:[39m [32m`test${userId}@example.com`[39m }[33m,[39m
     [90m 125 |[39m     
process[33m.[39menv[33m.[39m[33mJWT_SECRET[39m [33m||[39m 
[32m'test_secret'[39m[33m,[39m[0m

      at generateTestToken (tests/setup.js:122:15)
      at Object.<anonymous> (tests/auth.test.js:380:19)

  ΓùÅ ≡ƒöÉ Authentication & Authorization ΓÇ║ Authorization & Permission 
Enforcement ΓÇ║ Γ£ù Unauthenticated user cannot access protected endpoints

    ReferenceError: require is not defined

    [0m [90m 120 |[39m [90m */[39m
     [90m 121 |[39m [36mexport[39m [36mconst[39m generateTestToken 
[33m=[39m (userId[33m,[39m role [33m=[39m [32m'user'[39m) 
[33m=>[39m {
    [31m[1m>[22m[39m[90m 122 |[39m   [36mconst[39m jwt 
[33m=[39m require([32m'jsonwebtoken'[39m)[33m;[39m
     [90m     |[39m               [31m[1m^[22m[39m
     [90m 123 |[39m   [36mconst[39m token [33m=[39m 
jwt[33m.[39msign(
     [90m 124 |[39m     { userId[33m,[39m role[33m,[39m 
email[33m:[39m [32m`test${userId}@example.com`[39m }[33m,[39m
     [90m 125 |[39m     
process[33m.[39menv[33m.[39m[33mJWT_SECRET[39m [33m||[39m 
[32m'test_secret'[39m[33m,[39m[0m

      at generateTestToken (tests/setup.js:122:15)
      at Object.<anonymous> (tests/auth.test.js:380:19)

  ΓùÅ ≡ƒöÉ Authentication & Authorization ΓÇ║ Authorization & Permission 
Enforcement ΓÇ║ Γ£ù Invalid token is rejected

    ReferenceError: require is not defined

    [0m [90m 120 |[39m [90m */[39m
     [90m 121 |[39m [36mexport[39m [36mconst[39m generateTestToken 
[33m=[39m (userId[33m,[39m role [33m=[39m [32m'user'[39m) 
[33m=>[39m {
    [31m[1m>[22m[39m[90m 122 |[39m   [36mconst[39m jwt 
[33m=[39m require([32m'jsonwebtoken'[39m)[33m;[39m
     [90m     |[39m               [31m[1m^[22m[39m
     [90m 123 |[39m   [36mconst[39m token [33m=[39m 
jwt[33m.[39msign(
     [90m 124 |[39m     { userId[33m,[39m role[33m,[39m 
email[33m:[39m [32m`test${userId}@example.com`[39m }[33m,[39m
     [90m 125 |[39m     
process[33m.[39menv[33m.[39m[33mJWT_SECRET[39m [33m||[39m 
[32m'test_secret'[39m[33m,[39m[0m

      at generateTestToken (tests/setup.js:122:15)
      at Object.<anonymous> (tests/auth.test.js:380:19)

  ΓùÅ ≡ƒöÉ Authentication & Authorization ΓÇ║ Security & Injection 
Prevention ΓÇ║ Γ£ù Should reject XSS attempts in email

    expect(received).toBe(expected) // Object.is equality

    Expected: 400
    Received: 429

    [0m [90m 426 |[39m         })[33m;[39m
     [90m 427 |[39m
    [31m[1m>[22m[39m[90m 428 |[39m       
expect(res[33m.[39mstatus)[33m.[39mtoBe([35m400[39m)[33m;[39m
     [90m     |[39m                          [31m[1m^[22m[39m
     [90m 429 |[39m     })[33m;[39m
     [90m 430 |[39m
     [90m 431 |[39m     it([32m'Γ£ù Should reject SQL injection 
attempts'[39m[33m,[39m [36masync[39m () [33m=>[39m {[0m

      at Object.<anonymous> (tests/auth.test.js:428:26)

  ΓùÅ ≡ƒöÉ Authentication & Authorization ΓÇ║ Security & Injection 
Prevention ΓÇ║ Γ£ù Should reject SQL injection attempts

    expect(received).toBe(expected) // Object.is equality

    Expected: 400
    Received: 429

    [0m [90m 437 |[39m         })[33m;[39m
     [90m 438 |[39m
    [31m[1m>[22m[39m[90m 439 |[39m       
expect(res[33m.[39mstatus)[33m.[39mtoBe([35m400[39m)[33m;[39m
     [90m     |[39m                          [31m[1m^[22m[39m
     [90m 440 |[39m     })[33m;[39m
     [90m 441 |[39m
     [90m 442 |[39m     it([32m'Γ£ù Should reject NoSQL injection 
attempts'[39m[33m,[39m [36masync[39m () [33m=>[39m {[0m

      at Object.<anonymous> (tests/auth.test.js:439:26)

  ΓùÅ ≡ƒöÉ Authentication & Authorization ΓÇ║ Security & Injection 
Prevention ΓÇ║ Γ£ù Should reject NoSQL injection attempts

    expect(received).toBe(expected) // Object.is equality

    Expected: 400
    Received: 429

    [0m [90m 448 |[39m         })[33m;[39m
     [90m 449 |[39m
    [31m[1m>[22m[39m[90m 450 |[39m       
expect(res[33m.[39mstatus)[33m.[39mtoBe([35m400[39m)[33m;[39m
     [90m     |[39m                          [31m[1m^[22m[39m
     [90m 451 |[39m     })[33m;[39m
     [90m 452 |[39m   })[33m;[39m
     [90m 453 |[39m[0m

      at Object.<anonymous> (tests/auth.test.js:450:26)

  ΓùÅ ≡ƒöÉ Authentication & Authorization ΓÇ║ POST /api/v1/auth/logout 
ΓÇ║ Γ£ô Should logout user successfully

    ReferenceError: require is not defined

    [0m [90m 120 |[39m [90m */[39m
     [90m 121 |[39m [36mexport[39m [36mconst[39m generateTestToken 
[33m=[39m (userId[33m,[39m role [33m=[39m [32m'user'[39m) 
[33m=>[39m {
    [31m[1m>[22m[39m[90m 122 |[39m   [36mconst[39m jwt 
[33m=[39m require([32m'jsonwebtoken'[39m)[33m;[39m
     [90m     |[39m               [31m[1m^[22m[39m
     [90m 123 |[39m   [36mconst[39m token [33m=[39m 
jwt[33m.[39msign(
     [90m 124 |[39m     { userId[33m,[39m role[33m,[39m 
email[33m:[39m [32m`test${userId}@example.com`[39m }[33m,[39m
     [90m 125 |[39m     
process[33m.[39menv[33m.[39m[33mJWT_SECRET[39m [33m||[39m 
[32m'test_secret'[39m[33m,[39m[0m

      at generateTestToken (tests/setup.js:122:15)
      at Object.<anonymous> (tests/auth.test.js:465:19)

  ΓùÅ ≡ƒöÉ Authentication & Authorization ΓÇ║ POST /api/v1/auth/logout 
ΓÇ║ Γ£ù Should fail logout without authentication

    ReferenceError: require is not defined

    [0m [90m 120 |[39m [90m */[39m
     [90m 121 |[39m [36mexport[39m [36mconst[39m generateTestToken 
[33m=[39m (userId[33m,[39m role [33m=[39m [32m'user'[39m) 
[33m=>[39m {
    [31m[1m>[22m[39m[90m 122 |[39m   [36mconst[39m jwt 
[33m=[39m require([32m'jsonwebtoken'[39m)[33m;[39m
     [90m     |[39m               [31m[1m^[22m[39m
     [90m 123 |[39m   [36mconst[39m token [33m=[39m 
jwt[33m.[39msign(
     [90m 124 |[39m     { userId[33m,[39m role[33m,[39m 
email[33m:[39m [32m`test${userId}@example.com`[39m }[33m,[39m
     [90m 125 |[39m     
process[33m.[39menv[33m.[39m[33mJWT_SECRET[39m [33m||[39m 
[32m'test_secret'[39m[33m,[39m[0m

      at generateTestToken (tests/setup.js:122:15)
      at Object.<anonymous> (tests/auth.test.js:465:19)

  console.log
    [dotenv@17.2.0] injecting env (61) from .env (tip: ΓÜÖ∩╕Å  suppress all logs with { quiet: true })

      at _log (node_modules/dotenv/lib/main.js:136:11)

[32minfo[39m: SMTP Config: {"host":"smtp.gmail.com","pass":"***","port":587,"timestamp":"2026-01-24T06:13:10.168Z","user":"your-email@gmail.com"}
[33mwarn[39m: Redis disabled via REDIS_DISABLED=true; using local handlers. {"timestamp":"2026-01-24T06:13:10.180Z"}
  console.log
    [dotenv@17.2.0] injecting env (0) from .env (tip: ΓÜÖ∩╕Å  override existing env vars with { override: true })

      at _log (node_modules/dotenv/lib/main.js:136:11)

  console.warn
    ΓÜá∩╕Å  Insecure default values detected (development only):
       JWT_SECRET
       JWT_REFRESH_SECRET
       These are OK for development but MUST be changed for production!

    [0m [90m  97 |[39m   [90m// Log insecure values in development[39m
     [90m  98 |[39m   [36mif[39m (insecure[33m.[39mlength [33m>[39m [35m0[39m [33m&&[39m process[33m.[39menv[33m.[39m[33mNODE_ENV[39m [33m!==[39m [32m'production'[39m) {
    [31m[1m>[22m[39m[90m  99 |[39m     console[33m.[39mwarn(
     [90m     |[39m             [31m[1m^[22m[39m
     [90m 100 |[39m       [32m'ΓÜá∩╕Å  Insecure default values detected (development only):\n'[39m [33m+[39m
     [90m 101 |[39m       [32m`   ${insecure.join('\n   ')}\n`[39m [33m+[39m
     [90m 102 |[39m       [32m'   These are OK for development but MUST be changed for production!'[39m[0m

      at validateEnv (src/config/validation.js:99:13)
      at src/server.js:23:1

  console.info
    Γ£à Environment validation passed

      at validateEnv (src/config/validation.js:106:11)

  console.log
    [dotenv@17.2.0] injecting env (1) from .env.test (tip: ΓÜÖ∩╕Å  specify custom .env file path with { path: '/custom/path/.env' })

      at _log (node_modules/dotenv/lib/main.js:136:11)

(node:2992) [MONGODB DRIVER] Warning: useNewUrlParser is a deprecated 
option: useNewUrlParser has no effect since Node.js Driver version 4.0.0 
and will be removed in the next major version
(node:2992) [MONGODB DRIVER] Warning: useUnifiedTopology is a deprecated 
option: useUnifiedTopology has no effect since Node.js Driver version 
4.0.0 and will be removed in the next major version
  console.log
    Γ£ô Test database connected

      at connectTestDB (tests/setup.js:33:13)

  console.log
    Γ£ô Database cleared

      at clearDatabase (tests/setup.js:64:13)

  console.log
    Γ£ô Database cleared

      at clearDatabase (tests/setup.js:64:13)

  console.log
    Γ£ô Database cleared

      at clearDatabase (tests/setup.js:64:13)

  console.log
    Γ£ô Database cleared

      at clearDatabase (tests/setup.js:64:13)

  console.log
    Γ£ô Database cleared

      at clearDatabase (tests/setup.js:64:13)

  console.log
    Γ£ô Database cleared

      at clearDatabase (tests/setup.js:64:13)

  console.log
    Γ£ô Database cleared

      at clearDatabase (tests/setup.js:64:13)

  console.log
    Γ£ô Database cleared

      at clearDatabase (tests/setup.js:64:13)

  console.log
    Γ£ô Database cleared

      at clearDatabase (tests/setup.js:64:13)

  console.log
    Γ£ô Database cleared

      at clearDatabase (tests/setup.js:64:13)

  console.log
    Γ£ô Database cleared

      at clearDatabase (tests/setup.js:64:13)

  console.log
    Γ£ô Database cleared

      at clearDatabase (tests/setup.js:64:13)

  console.log
    Γ£ô Database cleared

      at clearDatabase (tests/setup.js:64:13)

  console.log
    Γ£ô Database cleared

      at clearDatabase (tests/setup.js:64:13)

  console.log
    Γ£ô Database cleared

      at clearDatabase (tests/setup.js:64:13)

  console.log
    Γ£ô Database cleared

      at clearDatabase (tests/setup.js:64:13)

  console.log
    Γ£ô Database cleared

      at clearDatabase (tests/setup.js:64:13)

  console.log
    Γ£ô Database cleared

      at clearDatabase (tests/setup.js:64:13)

  console.log
    Γ£ô Database cleared

      at clearDatabase (tests/setup.js:64:13)

  console.log
    Γ£ô Database cleared

      at clearDatabase (tests/setup.js:64:13)

  console.log
    Γ£ô Database cleared

      at clearDatabase (tests/setup.js:64:13)

  console.log
    Γ£ô Database cleared

      at clearDatabase (tests/setup.js:64:13)

  console.log
    Γ£ô Database cleared

      at clearDatabase (tests/setup.js:64:13)

  console.log
    Γ£ô Database cleared

      at clearDatabase (tests/setup.js:64:13)

  console.log
    Γ£ô Test database disconnected

      at disconnectTestDB (tests/setup.js:46:13)

FAIL aqherbal-backend-tests tests/coupons.test.js (200 MB heap size)
  ≡ƒÄƒ∩╕Å Coupons
    POST /api/v1/coupons
      ├ù Γ£ô Should create percentage coupon (425 ms)
      ├ù Γ£ô Should create fixed coupon (69 ms)
      ├ù Γ£ù Should fail without admin role (81 ms)
      ├ù Γ£ù Should fail with duplicate code (61 ms)
      ├ù Γ£ù Should validate discount value (61 ms)
      ├ù Γ£ù Should require expiry date in future (70 ms)
    POST /api/v1/coupons/validate
      ├ù Γ£ô Should validate valid coupon (60 ms)
      ├ù Γ£ù Should reject invalid coupon code (96 ms)
      ├ù Γ£ù Should reject expired coupon (86 ms)
      ├ù Γ£ù Should reject if min order value not met (82 ms)
      ├ù Γ£ù Should reject if max uses reached (59 ms)
      ├ù Γ£ù Should reject if user max uses exceeded (58 ms)
      ├ù Γ£ô Should calculate percentage discount correctly (84 ms)
      ├ù Γ£ô Should apply fixed discount (60 ms)
    POST /api/v1/cart/apply-coupon
      ├ù Γ£ô Should apply coupon to cart (55 ms)
      ├ù Γ£ù Should fail with empty cart (58 ms)
    PUT /api/v1/coupons/:id
      ├ù Γ£ô Should update coupon (80 ms)
      ├ù Γ£ù Should not allow users to update (82 ms)
    DELETE /api/v1/coupons/:id
      ├ù Γ£ô Should delete coupon (71 ms)
      ├ù Γ£ù Should not allow users to delete (57 ms)
    GET /api/v1/coupons
      ├ù Γ£ô Should list active coupons for users (62 ms)
      ├ù Γ£ô Should list all coupons for admin (65 ms)
    ≡ƒöº Edge Cases
      ├ù Γ£ô Should handle case-insensitive coupon code (60 ms)
      ├ù Γ£ô Should not apply discount greater than order amount (55 ms)

  ΓùÅ ≡ƒÄƒ∩╕Å Coupons ΓÇ║ POST /api/v1/coupons ΓÇ║ Γ£ô Should create 
percentage coupon

    ReferenceError: require is not defined

    [0m [90m 120 |[39m [90m */[39m
     [90m 121 |[39m [36mexport[39m [36mconst[39m generateTestToken 
[33m=[39m (userId[33m,[39m role [33m=[39m [32m'user'[39m) 
[33m=>[39m {
    [31m[1m>[22m[39m[90m 122 |[39m   [36mconst[39m jwt 
[33m=[39m require([32m'jsonwebtoken'[39m)[33m;[39m
     [90m     |[39m               [31m[1m^[22m[39m
     [90m 123 |[39m   [36mconst[39m token [33m=[39m 
jwt[33m.[39msign(
     [90m 124 |[39m     { userId[33m,[39m role[33m,[39m 
email[33m:[39m [32m`test${userId}@example.com`[39m }[33m,[39m
     [90m 125 |[39m     
process[33m.[39menv[33m.[39m[33mJWT_SECRET[39m [33m||[39m 
[32m'test_secret'[39m[33m,[39m[0m

      at generateTestToken (tests/setup.js:122:15)
      at Object.<anonymous> (tests/coupons.test.js:35:17)

  ΓùÅ ≡ƒÄƒ∩╕Å Coupons ΓÇ║ POST /api/v1/coupons ΓÇ║ Γ£ô Should create 
fixed coupon

    ReferenceError: require is not defined

    [0m [90m 120 |[39m [90m */[39m
     [90m 121 |[39m [36mexport[39m [36mconst[39m generateTestToken 
[33m=[39m (userId[33m,[39m role [33m=[39m [32m'user'[39m) 
[33m=>[39m {
    [31m[1m>[22m[39m[90m 122 |[39m   [36mconst[39m jwt 
[33m=[39m require([32m'jsonwebtoken'[39m)[33m;[39m
     [90m     |[39m               [31m[1m^[22m[39m
     [90m 123 |[39m   [36mconst[39m token [33m=[39m 
jwt[33m.[39msign(
     [90m 124 |[39m     { userId[33m,[39m role[33m,[39m 
email[33m:[39m [32m`test${userId}@example.com`[39m }[33m,[39m
     [90m 125 |[39m     
process[33m.[39menv[33m.[39m[33mJWT_SECRET[39m [33m||[39m 
[32m'test_secret'[39m[33m,[39m[0m

      at generateTestToken (tests/setup.js:122:15)
      at Object.<anonymous> (tests/coupons.test.js:35:17)

  ΓùÅ ≡ƒÄƒ∩╕Å Coupons ΓÇ║ POST /api/v1/coupons ΓÇ║ Γ£ù Should fail 
without admin role

    ReferenceError: require is not defined

    [0m [90m 120 |[39m [90m */[39m
     [90m 121 |[39m [36mexport[39m [36mconst[39m generateTestToken 
[33m=[39m (userId[33m,[39m role [33m=[39m [32m'user'[39m) 
[33m=>[39m {
    [31m[1m>[22m[39m[90m 122 |[39m   [36mconst[39m jwt 
[33m=[39m require([32m'jsonwebtoken'[39m)[33m;[39m
     [90m     |[39m               [31m[1m^[22m[39m
     [90m 123 |[39m   [36mconst[39m token [33m=[39m 
jwt[33m.[39msign(
     [90m 124 |[39m     { userId[33m,[39m role[33m,[39m 
email[33m:[39m [32m`test${userId}@example.com`[39m }[33m,[39m
     [90m 125 |[39m     
process[33m.[39menv[33m.[39m[33mJWT_SECRET[39m [33m||[39m 
[32m'test_secret'[39m[33m,[39m[0m

      at generateTestToken (tests/setup.js:122:15)
      at Object.<anonymous> (tests/coupons.test.js:35:17)

  ΓùÅ ≡ƒÄƒ∩╕Å Coupons ΓÇ║ POST /api/v1/coupons ΓÇ║ Γ£ù Should fail with 
duplicate code

    ReferenceError: require is not defined

    [0m [90m 120 |[39m [90m */[39m
     [90m 121 |[39m [36mexport[39m [36mconst[39m generateTestToken 
[33m=[39m (userId[33m,[39m role [33m=[39m [32m'user'[39m) 
[33m=>[39m {
    [31m[1m>[22m[39m[90m 122 |[39m   [36mconst[39m jwt 
[33m=[39m require([32m'jsonwebtoken'[39m)[33m;[39m
     [90m     |[39m               [31m[1m^[22m[39m
     [90m 123 |[39m   [36mconst[39m token [33m=[39m 
jwt[33m.[39msign(
     [90m 124 |[39m     { userId[33m,[39m role[33m,[39m 
email[33m:[39m [32m`test${userId}@example.com`[39m }[33m,[39m
     [90m 125 |[39m     
process[33m.[39menv[33m.[39m[33mJWT_SECRET[39m [33m||[39m 
[32m'test_secret'[39m[33m,[39m[0m

      at generateTestToken (tests/setup.js:122:15)
      at Object.<anonymous> (tests/coupons.test.js:35:17)

  ΓùÅ ≡ƒÄƒ∩╕Å Coupons ΓÇ║ POST /api/v1/coupons ΓÇ║ Γ£ù Should validate 
discount value

    ReferenceError: require is not defined

    [0m [90m 120 |[39m [90m */[39m
     [90m 121 |[39m [36mexport[39m [36mconst[39m generateTestToken 
[33m=[39m (userId[33m,[39m role [33m=[39m [32m'user'[39m) 
[33m=>[39m {
    [31m[1m>[22m[39m[90m 122 |[39m   [36mconst[39m jwt 
[33m=[39m require([32m'jsonwebtoken'[39m)[33m;[39m
     [90m     |[39m               [31m[1m^[22m[39m
     [90m 123 |[39m   [36mconst[39m token [33m=[39m 
jwt[33m.[39msign(
     [90m 124 |[39m     { userId[33m,[39m role[33m,[39m 
email[33m:[39m [32m`test${userId}@example.com`[39m }[33m,[39m
     [90m 125 |[39m     
process[33m.[39menv[33m.[39m[33mJWT_SECRET[39m [33m||[39m 
[32m'test_secret'[39m[33m,[39m[0m

      at generateTestToken (tests/setup.js:122:15)
      at Object.<anonymous> (tests/coupons.test.js:35:17)

  ΓùÅ ≡ƒÄƒ∩╕Å Coupons ΓÇ║ POST /api/v1/coupons ΓÇ║ Γ£ù Should require 
expiry date in future

    ReferenceError: require is not defined

    [0m [90m 120 |[39m [90m */[39m
     [90m 121 |[39m [36mexport[39m [36mconst[39m generateTestToken 
[33m=[39m (userId[33m,[39m role [33m=[39m [32m'user'[39m) 
[33m=>[39m {
    [31m[1m>[22m[39m[90m 122 |[39m   [36mconst[39m jwt 
[33m=[39m require([32m'jsonwebtoken'[39m)[33m;[39m
     [90m     |[39m               [31m[1m^[22m[39m
     [90m 123 |[39m   [36mconst[39m token [33m=[39m 
jwt[33m.[39msign(
     [90m 124 |[39m     { userId[33m,[39m role[33m,[39m 
email[33m:[39m [32m`test${userId}@example.com`[39m }[33m,[39m
     [90m 125 |[39m     
process[33m.[39menv[33m.[39m[33mJWT_SECRET[39m [33m||[39m 
[32m'test_secret'[39m[33m,[39m[0m

      at generateTestToken (tests/setup.js:122:15)
      at Object.<anonymous> (tests/coupons.test.js:35:17)

  ΓùÅ ≡ƒÄƒ∩╕Å Coupons ΓÇ║ POST /api/v1/coupons/validate ΓÇ║ Γ£ô Should 
validate valid coupon

    ReferenceError: require is not defined

    [0m [90m 120 |[39m [90m */[39m
     [90m 121 |[39m [36mexport[39m [36mconst[39m generateTestToken 
[33m=[39m (userId[33m,[39m role [33m=[39m [32m'user'[39m) 
[33m=>[39m {
    [31m[1m>[22m[39m[90m 122 |[39m   [36mconst[39m jwt 
[33m=[39m require([32m'jsonwebtoken'[39m)[33m;[39m
     [90m     |[39m               [31m[1m^[22m[39m
     [90m 123 |[39m   [36mconst[39m token [33m=[39m 
jwt[33m.[39msign(
     [90m 124 |[39m     { userId[33m,[39m role[33m,[39m 
email[33m:[39m [32m`test${userId}@example.com`[39m }[33m,[39m
     [90m 125 |[39m     
process[33m.[39menv[33m.[39m[33mJWT_SECRET[39m [33m||[39m 
[32m'test_secret'[39m[33m,[39m[0m

      at generateTestToken (tests/setup.js:122:15)
      at Object.<anonymous> (tests/coupons.test.js:35:17)

  ΓùÅ ≡ƒÄƒ∩╕Å Coupons ΓÇ║ POST /api/v1/coupons/validate ΓÇ║ Γ£ù Should 
reject invalid coupon code

    ReferenceError: require is not defined

    [0m [90m 120 |[39m [90m */[39m
     [90m 121 |[39m [36mexport[39m [36mconst[39m generateTestToken 
[33m=[39m (userId[33m,[39m role [33m=[39m [32m'user'[39m) 
[33m=>[39m {
    [31m[1m>[22m[39m[90m 122 |[39m   [36mconst[39m jwt 
[33m=[39m require([32m'jsonwebtoken'[39m)[33m;[39m
     [90m     |[39m               [31m[1m^[22m[39m
     [90m 123 |[39m   [36mconst[39m token [33m=[39m 
jwt[33m.[39msign(
     [90m 124 |[39m     { userId[33m,[39m role[33m,[39m 
email[33m:[39m [32m`test${userId}@example.com`[39m }[33m,[39m
     [90m 125 |[39m     
process[33m.[39menv[33m.[39m[33mJWT_SECRET[39m [33m||[39m 
[32m'test_secret'[39m[33m,[39m[0m

      at generateTestToken (tests/setup.js:122:15)
      at Object.<anonymous> (tests/coupons.test.js:35:17)

  ΓùÅ ≡ƒÄƒ∩╕Å Coupons ΓÇ║ POST /api/v1/coupons/validate ΓÇ║ Γ£ù Should 
reject expired coupon

    ReferenceError: require is not defined

    [0m [90m 120 |[39m [90m */[39m
     [90m 121 |[39m [36mexport[39m [36mconst[39m generateTestToken 
[33m=[39m (userId[33m,[39m role [33m=[39m [32m'user'[39m) 
[33m=>[39m {
    [31m[1m>[22m[39m[90m 122 |[39m   [36mconst[39m jwt 
[33m=[39m require([32m'jsonwebtoken'[39m)[33m;[39m
     [90m     |[39m               [31m[1m^[22m[39m
     [90m 123 |[39m   [36mconst[39m token [33m=[39m 
jwt[33m.[39msign(
     [90m 124 |[39m     { userId[33m,[39m role[33m,[39m 
email[33m:[39m [32m`test${userId}@example.com`[39m }[33m,[39m
     [90m 125 |[39m     
process[33m.[39menv[33m.[39m[33mJWT_SECRET[39m [33m||[39m 
[32m'test_secret'[39m[33m,[39m[0m

      at generateTestToken (tests/setup.js:122:15)
      at Object.<anonymous> (tests/coupons.test.js:35:17)

  ΓùÅ ≡ƒÄƒ∩╕Å Coupons ΓÇ║ POST /api/v1/coupons/validate ΓÇ║ Γ£ù Should 
reject if min order value not met

    ReferenceError: require is not defined

    [0m [90m 120 |[39m [90m */[39m
     [90m 121 |[39m [36mexport[39m [36mconst[39m generateTestToken 
[33m=[39m (userId[33m,[39m role [33m=[39m [32m'user'[39m) 
[33m=>[39m {
    [31m[1m>[22m[39m[90m 122 |[39m   [36mconst[39m jwt 
[33m=[39m require([32m'jsonwebtoken'[39m)[33m;[39m
     [90m     |[39m               [31m[1m^[22m[39m
     [90m 123 |[39m   [36mconst[39m token [33m=[39m 
jwt[33m.[39msign(
     [90m 124 |[39m     { userId[33m,[39m role[33m,[39m 
email[33m:[39m [32m`test${userId}@example.com`[39m }[33m,[39m
     [90m 125 |[39m     
process[33m.[39menv[33m.[39m[33mJWT_SECRET[39m [33m||[39m 
[32m'test_secret'[39m[33m,[39m[0m

      at generateTestToken (tests/setup.js:122:15)
      at Object.<anonymous> (tests/coupons.test.js:35:17)

  ΓùÅ ≡ƒÄƒ∩╕Å Coupons ΓÇ║ POST /api/v1/coupons/validate ΓÇ║ Γ£ù Should 
reject if max uses reached

    ReferenceError: require is not defined

    [0m [90m 120 |[39m [90m */[39m
     [90m 121 |[39m [36mexport[39m [36mconst[39m generateTestToken 
[33m=[39m (userId[33m,[39m role [33m=[39m [32m'user'[39m) 
[33m=>[39m {
    [31m[1m>[22m[39m[90m 122 |[39m   [36mconst[39m jwt 
[33m=[39m require([32m'jsonwebtoken'[39m)[33m;[39m
     [90m     |[39m               [31m[1m^[22m[39m
     [90m 123 |[39m   [36mconst[39m token [33m=[39m 
jwt[33m.[39msign(
     [90m 124 |[39m     { userId[33m,[39m role[33m,[39m 
email[33m:[39m [32m`test${userId}@example.com`[39m }[33m,[39m
     [90m 125 |[39m     
process[33m.[39menv[33m.[39m[33mJWT_SECRET[39m [33m||[39m 
[32m'test_secret'[39m[33m,[39m[0m

      at generateTestToken (tests/setup.js:122:15)
      at Object.<anonymous> (tests/coupons.test.js:35:17)

  ΓùÅ ≡ƒÄƒ∩╕Å Coupons ΓÇ║ POST /api/v1/coupons/validate ΓÇ║ Γ£ù Should 
reject if user max uses exceeded

    ReferenceError: require is not defined

    [0m [90m 120 |[39m [90m */[39m
     [90m 121 |[39m [36mexport[39m [36mconst[39m generateTestToken 
[33m=[39m (userId[33m,[39m role [33m=[39m [32m'user'[39m) 
[33m=>[39m {
    [31m[1m>[22m[39m[90m 122 |[39m   [36mconst[39m jwt 
[33m=[39m require([32m'jsonwebtoken'[39m)[33m;[39m
     [90m     |[39m               [31m[1m^[22m[39m
     [90m 123 |[39m   [36mconst[39m token [33m=[39m 
jwt[33m.[39msign(
     [90m 124 |[39m     { userId[33m,[39m role[33m,[39m 
email[33m:[39m [32m`test${userId}@example.com`[39m }[33m,[39m
     [90m 125 |[39m     
process[33m.[39menv[33m.[39m[33mJWT_SECRET[39m [33m||[39m 
[32m'test_secret'[39m[33m,[39m[0m

      at generateTestToken (tests/setup.js:122:15)
      at Object.<anonymous> (tests/coupons.test.js:35:17)

  ΓùÅ ≡ƒÄƒ∩╕Å Coupons ΓÇ║ POST /api/v1/coupons/validate ΓÇ║ Γ£ô Should 
calculate percentage discount correctly

    ReferenceError: require is not defined

    [0m [90m 120 |[39m [90m */[39m
     [90m 121 |[39m [36mexport[39m [36mconst[39m generateTestToken 
[33m=[39m (userId[33m,[39m role [33m=[39m [32m'user'[39m) 
[33m=>[39m {
    [31m[1m>[22m[39m[90m 122 |[39m   [36mconst[39m jwt 
[33m=[39m require([32m'jsonwebtoken'[39m)[33m;[39m
     [90m     |[39m               [31m[1m^[22m[39m
     [90m 123 |[39m   [36mconst[39m token [33m=[39m 
jwt[33m.[39msign(
     [90m 124 |[39m     { userId[33m,[39m role[33m,[39m 
email[33m:[39m [32m`test${userId}@example.com`[39m }[33m,[39m
     [90m 125 |[39m     
process[33m.[39menv[33m.[39m[33mJWT_SECRET[39m [33m||[39m 
[32m'test_secret'[39m[33m,[39m[0m

      at generateTestToken (tests/setup.js:122:15)
      at Object.<anonymous> (tests/coupons.test.js:35:17)

  ΓùÅ ≡ƒÄƒ∩╕Å Coupons ΓÇ║ POST /api/v1/coupons/validate ΓÇ║ Γ£ô Should 
apply fixed discount

    ReferenceError: require is not defined

    [0m [90m 120 |[39m [90m */[39m
     [90m 121 |[39m [36mexport[39m [36mconst[39m generateTestToken 
[33m=[39m (userId[33m,[39m role [33m=[39m [32m'user'[39m) 
[33m=>[39m {
    [31m[1m>[22m[39m[90m 122 |[39m   [36mconst[39m jwt 
[33m=[39m require([32m'jsonwebtoken'[39m)[33m;[39m
     [90m     |[39m               [31m[1m^[22m[39m
     [90m 123 |[39m   [36mconst[39m token [33m=[39m 
jwt[33m.[39msign(
     [90m 124 |[39m     { userId[33m,[39m role[33m,[39m 
email[33m:[39m [32m`test${userId}@example.com`[39m }[33m,[39m
     [90m 125 |[39m     
process[33m.[39menv[33m.[39m[33mJWT_SECRET[39m [33m||[39m 
[32m'test_secret'[39m[33m,[39m[0m

      at generateTestToken (tests/setup.js:122:15)
      at Object.<anonymous> (tests/coupons.test.js:35:17)

  ΓùÅ ≡ƒÄƒ∩╕Å Coupons ΓÇ║ POST /api/v1/cart/apply-coupon ΓÇ║ Γ£ô Should 
apply coupon to cart

    ReferenceError: require is not defined

    [0m [90m 120 |[39m [90m */[39m
     [90m 121 |[39m [36mexport[39m [36mconst[39m generateTestToken 
[33m=[39m (userId[33m,[39m role [33m=[39m [32m'user'[39m) 
[33m=>[39m {
    [31m[1m>[22m[39m[90m 122 |[39m   [36mconst[39m jwt 
[33m=[39m require([32m'jsonwebtoken'[39m)[33m;[39m
     [90m     |[39m               [31m[1m^[22m[39m
     [90m 123 |[39m   [36mconst[39m token [33m=[39m 
jwt[33m.[39msign(
     [90m 124 |[39m     { userId[33m,[39m role[33m,[39m 
email[33m:[39m [32m`test${userId}@example.com`[39m }[33m,[39m
     [90m 125 |[39m     
process[33m.[39menv[33m.[39m[33mJWT_SECRET[39m [33m||[39m 
[32m'test_secret'[39m[33m,[39m[0m

      at generateTestToken (tests/setup.js:122:15)
      at Object.<anonymous> (tests/coupons.test.js:35:17)

  ΓùÅ ≡ƒÄƒ∩╕Å Coupons ΓÇ║ POST /api/v1/cart/apply-coupon ΓÇ║ Γ£ù Should 
fail with empty cart

    ReferenceError: require is not defined

    [0m [90m 120 |[39m [90m */[39m
     [90m 121 |[39m [36mexport[39m [36mconst[39m generateTestToken 
[33m=[39m (userId[33m,[39m role [33m=[39m [32m'user'[39m) 
[33m=>[39m {
    [31m[1m>[22m[39m[90m 122 |[39m   [36mconst[39m jwt 
[33m=[39m require([32m'jsonwebtoken'[39m)[33m;[39m
     [90m     |[39m               [31m[1m^[22m[39m
     [90m 123 |[39m   [36mconst[39m token [33m=[39m 
jwt[33m.[39msign(
     [90m 124 |[39m     { userId[33m,[39m role[33m,[39m 
email[33m:[39m [32m`test${userId}@example.com`[39m }[33m,[39m
     [90m 125 |[39m     
process[33m.[39menv[33m.[39m[33mJWT_SECRET[39m [33m||[39m 
[32m'test_secret'[39m[33m,[39m[0m

      at generateTestToken (tests/setup.js:122:15)
      at Object.<anonymous> (tests/coupons.test.js:35:17)

  ΓùÅ ≡ƒÄƒ∩╕Å Coupons ΓÇ║ PUT /api/v1/coupons/:id ΓÇ║ Γ£ô Should update 
coupon

    ReferenceError: require is not defined

    [0m [90m 120 |[39m [90m */[39m
     [90m 121 |[39m [36mexport[39m [36mconst[39m generateTestToken 
[33m=[39m (userId[33m,[39m role [33m=[39m [32m'user'[39m) 
[33m=>[39m {
    [31m[1m>[22m[39m[90m 122 |[39m   [36mconst[39m jwt 
[33m=[39m require([32m'jsonwebtoken'[39m)[33m;[39m
     [90m     |[39m               [31m[1m^[22m[39m
     [90m 123 |[39m   [36mconst[39m token [33m=[39m 
jwt[33m.[39msign(
     [90m 124 |[39m     { userId[33m,[39m role[33m,[39m 
email[33m:[39m [32m`test${userId}@example.com`[39m }[33m,[39m
     [90m 125 |[39m     
process[33m.[39menv[33m.[39m[33mJWT_SECRET[39m [33m||[39m 
[32m'test_secret'[39m[33m,[39m[0m

      at generateTestToken (tests/setup.js:122:15)
      at Object.<anonymous> (tests/coupons.test.js:35:17)

  ΓùÅ ≡ƒÄƒ∩╕Å Coupons ΓÇ║ PUT /api/v1/coupons/:id ΓÇ║ Γ£ù Should not 
allow users to update

    ReferenceError: require is not defined

    [0m [90m 120 |[39m [90m */[39m
     [90m 121 |[39m [36mexport[39m [36mconst[39m generateTestToken 
[33m=[39m (userId[33m,[39m role [33m=[39m [32m'user'[39m) 
[33m=>[39m {
    [31m[1m>[22m[39m[90m 122 |[39m   [36mconst[39m jwt 
[33m=[39m require([32m'jsonwebtoken'[39m)[33m;[39m
     [90m     |[39m               [31m[1m^[22m[39m
     [90m 123 |[39m   [36mconst[39m token [33m=[39m 
jwt[33m.[39msign(
     [90m 124 |[39m     { userId[33m,[39m role[33m,[39m 
email[33m:[39m [32m`test${userId}@example.com`[39m }[33m,[39m
     [90m 125 |[39m     
process[33m.[39menv[33m.[39m[33mJWT_SECRET[39m [33m||[39m 
[32m'test_secret'[39m[33m,[39m[0m

      at generateTestToken (tests/setup.js:122:15)
      at Object.<anonymous> (tests/coupons.test.js:35:17)

  ΓùÅ ≡ƒÄƒ∩╕Å Coupons ΓÇ║ DELETE /api/v1/coupons/:id ΓÇ║ Γ£ô Should 
delete coupon

    ReferenceError: require is not defined

    [0m [90m 120 |[39m [90m */[39m
     [90m 121 |[39m [36mexport[39m [36mconst[39m generateTestToken 
[33m=[39m (userId[33m,[39m role [33m=[39m [32m'user'[39m) 
[33m=>[39m {
    [31m[1m>[22m[39m[90m 122 |[39m   [36mconst[39m jwt 
[33m=[39m require([32m'jsonwebtoken'[39m)[33m;[39m
     [90m     |[39m               [31m[1m^[22m[39m
     [90m 123 |[39m   [36mconst[39m token [33m=[39m 
jwt[33m.[39msign(
     [90m 124 |[39m     { userId[33m,[39m role[33m,[39m 
email[33m:[39m [32m`test${userId}@example.com`[39m }[33m,[39m
     [90m 125 |[39m     
process[33m.[39menv[33m.[39m[33mJWT_SECRET[39m [33m||[39m 
[32m'test_secret'[39m[33m,[39m[0m

      at generateTestToken (tests/setup.js:122:15)
      at Object.<anonymous> (tests/coupons.test.js:35:17)

  ΓùÅ ≡ƒÄƒ∩╕Å Coupons ΓÇ║ DELETE /api/v1/coupons/:id ΓÇ║ Γ£ù Should not 
allow users to delete

    ReferenceError: require is not defined

    [0m [90m 120 |[39m [90m */[39m
     [90m 121 |[39m [36mexport[39m [36mconst[39m generateTestToken 
[33m=[39m (userId[33m,[39m role [33m=[39m [32m'user'[39m) 
[33m=>[39m {
    [31m[1m>[22m[39m[90m 122 |[39m   [36mconst[39m jwt 
[33m=[39m require([32m'jsonwebtoken'[39m)[33m;[39m
     [90m     |[39m               [31m[1m^[22m[39m
     [90m 123 |[39m   [36mconst[39m token [33m=[39m 
jwt[33m.[39msign(
     [90m 124 |[39m     { userId[33m,[39m role[33m,[39m 
email[33m:[39m [32m`test${userId}@example.com`[39m }[33m,[39m
     [90m 125 |[39m     
process[33m.[39menv[33m.[39m[33mJWT_SECRET[39m [33m||[39m 
[32m'test_secret'[39m[33m,[39m[0m

      at generateTestToken (tests/setup.js:122:15)
      at Object.<anonymous> (tests/coupons.test.js:35:17)

  ΓùÅ ≡ƒÄƒ∩╕Å Coupons ΓÇ║ GET /api/v1/coupons ΓÇ║ Γ£ô Should list active 
coupons for users

    ReferenceError: require is not defined

    [0m [90m 120 |[39m [90m */[39m
     [90m 121 |[39m [36mexport[39m [36mconst[39m generateTestToken 
[33m=[39m (userId[33m,[39m role [33m=[39m [32m'user'[39m) 
[33m=>[39m {
    [31m[1m>[22m[39m[90m 122 |[39m   [36mconst[39m jwt 
[33m=[39m require([32m'jsonwebtoken'[39m)[33m;[39m
     [90m     |[39m               [31m[1m^[22m[39m
     [90m 123 |[39m   [36mconst[39m token [33m=[39m 
jwt[33m.[39msign(
     [90m 124 |[39m     { userId[33m,[39m role[33m,[39m 
email[33m:[39m [32m`test${userId}@example.com`[39m }[33m,[39m
     [90m 125 |[39m     
process[33m.[39menv[33m.[39m[33mJWT_SECRET[39m [33m||[39m 
[32m'test_secret'[39m[33m,[39m[0m

      at generateTestToken (tests/setup.js:122:15)
      at Object.<anonymous> (tests/coupons.test.js:35:17)

  ΓùÅ ≡ƒÄƒ∩╕Å Coupons ΓÇ║ GET /api/v1/coupons ΓÇ║ Γ£ô Should list all 
coupons for admin

    ReferenceError: require is not defined

    [0m [90m 120 |[39m [90m */[39m
     [90m 121 |[39m [36mexport[39m [36mconst[39m generateTestToken 
[33m=[39m (userId[33m,[39m role [33m=[39m [32m'user'[39m) 
[33m=>[39m {
    [31m[1m>[22m[39m[90m 122 |[39m   [36mconst[39m jwt 
[33m=[39m require([32m'jsonwebtoken'[39m)[33m;[39m
     [90m     |[39m               [31m[1m^[22m[39m
     [90m 123 |[39m   [36mconst[39m token [33m=[39m 
jwt[33m.[39msign(
     [90m 124 |[39m     { userId[33m,[39m role[33m,[39m 
email[33m:[39m [32m`test${userId}@example.com`[39m }[33m,[39m
     [90m 125 |[39m     
process[33m.[39menv[33m.[39m[33mJWT_SECRET[39m [33m||[39m 
[32m'test_secret'[39m[33m,[39m[0m

      at generateTestToken (tests/setup.js:122:15)
      at Object.<anonymous> (tests/coupons.test.js:35:17)

  ΓùÅ ≡ƒÄƒ∩╕Å Coupons ΓÇ║ ≡ƒöº Edge Cases ΓÇ║ Γ£ô Should handle 
case-insensitive coupon code

    ReferenceError: require is not defined

    [0m [90m 120 |[39m [90m */[39m
     [90m 121 |[39m [36mexport[39m [36mconst[39m generateTestToken 
[33m=[39m (userId[33m,[39m role [33m=[39m [32m'user'[39m) 
[33m=>[39m {
    [31m[1m>[22m[39m[90m 122 |[39m   [36mconst[39m jwt 
[33m=[39m require([32m'jsonwebtoken'[39m)[33m;[39m
     [90m     |[39m               [31m[1m^[22m[39m
     [90m 123 |[39m   [36mconst[39m token [33m=[39m 
jwt[33m.[39msign(
     [90m 124 |[39m     { userId[33m,[39m role[33m,[39m 
email[33m:[39m [32m`test${userId}@example.com`[39m }[33m,[39m
     [90m 125 |[39m     
process[33m.[39menv[33m.[39m[33mJWT_SECRET[39m [33m||[39m 
[32m'test_secret'[39m[33m,[39m[0m

      at generateTestToken (tests/setup.js:122:15)
      at Object.<anonymous> (tests/coupons.test.js:35:17)

  ΓùÅ ≡ƒÄƒ∩╕Å Coupons ΓÇ║ ≡ƒöº Edge Cases ΓÇ║ Γ£ô Should not apply 
discount greater than order amount

    ReferenceError: require is not defined

    [0m [90m 120 |[39m [90m */[39m
     [90m 121 |[39m [36mexport[39m [36mconst[39m generateTestToken 
[33m=[39m (userId[33m,[39m role [33m=[39m [32m'user'[39m) 
[33m=>[39m {
    [31m[1m>[22m[39m[90m 122 |[39m   [36mconst[39m jwt 
[33m=[39m require([32m'jsonwebtoken'[39m)[33m;[39m
     [90m     |[39m               [31m[1m^[22m[39m
     [90m 123 |[39m   [36mconst[39m token [33m=[39m 
jwt[33m.[39msign(
     [90m 124 |[39m     { userId[33m,[39m role[33m,[39m 
email[33m:[39m [32m`test${userId}@example.com`[39m }[33m,[39m
     [90m 125 |[39m     
process[33m.[39menv[33m.[39m[33mJWT_SECRET[39m [33m||[39m 
[32m'test_secret'[39m[33m,[39m[0m

      at generateTestToken (tests/setup.js:122:15)
      at Object.<anonymous> (tests/coupons.test.js:35:17)

  console.log
    [dotenv@17.2.0] injecting env (61) from .env (tip: ≡ƒ¢á∩╕Å  run anywhere with `dotenvx run -- yourcommand`)

      at _log (node_modules/dotenv/lib/main.js:136:11)

[32minfo[39m: SMTP Config: {"host":"smtp.gmail.com","pass":"***","port":587,"timestamp":"2026-01-24T06:13:14.149Z","user":"your-email@gmail.com"}
[33mwarn[39m: Redis disabled via REDIS_DISABLED=true; using local handlers. {"timestamp":"2026-01-24T06:13:14.162Z"}
  console.log
    [dotenv@17.2.0] injecting env (0) from .env (tip: ≡ƒöÉ prevent committing .env to code: https://dotenvx.com/precommit)

      at _log (node_modules/dotenv/lib/main.js:136:11)

  console.warn
    ΓÜá∩╕Å  Insecure default values detected (development only):
       JWT_SECRET
       JWT_REFRESH_SECRET
       These are OK for development but MUST be changed for production!

    [0m [90m  97 |[39m   [90m// Log insecure values in development[39m
     [90m  98 |[39m   [36mif[39m (insecure[33m.[39mlength [33m>[39m [35m0[39m [33m&&[39m process[33m.[39menv[33m.[39m[33mNODE_ENV[39m [33m!==[39m [32m'production'[39m) {
    [31m[1m>[22m[39m[90m  99 |[39m     console[33m.[39mwarn(
     [90m     |[39m             [31m[1m^[22m[39m
     [90m 100 |[39m       [32m'ΓÜá∩╕Å  Insecure default values detected (development only):\n'[39m [33m+[39m
     [90m 101 |[39m       [32m`   ${insecure.join('\n   ')}\n`[39m [33m+[39m
     [90m 102 |[39m       [32m'   These are OK for development but MUST be changed for production!'[39m[0m

      at validateEnv (src/config/validation.js:99:13)
      at src/server.js:23:1

  console.info
    Γ£à Environment validation passed

      at validateEnv (src/config/validation.js:106:11)

  console.log
    [dotenv@17.2.0] injecting env (1) from .env.test (tip: ΓÜÖ∩╕Å  specify custom .env file path with { path: '/custom/path/.env' })

      at _log (node_modules/dotenv/lib/main.js:136:11)

(node:2992) [MONGODB DRIVER] Warning: useNewUrlParser is a deprecated 
option: useNewUrlParser has no effect since Node.js Driver version 4.0.0 
and will be removed in the next major version
(node:2992) [MONGODB DRIVER] Warning: useUnifiedTopology is a deprecated 
option: useUnifiedTopology has no effect since Node.js Driver version 
4.0.0 and will be removed in the next major version
  console.log
    Γ£ô Test database connected

      at connectTestDB (tests/setup.js:33:13)

  console.log
    Γ£ô Database cleared

      at clearDatabase (tests/setup.js:64:13)

  console.log
    Γ£ô Database cleared

      at clearDatabase (tests/setup.js:64:13)

  console.log
    Γ£ô Database cleared

      at clearDatabase (tests/setup.js:64:13)

  console.log
    Γ£ô Database cleared

      at clearDatabase (tests/setup.js:64:13)

  console.log
    Γ£ô Database cleared

      at clearDatabase (tests/setup.js:64:13)

  console.log
    Γ£ô Database cleared

      at clearDatabase (tests/setup.js:64:13)

  console.log
    Γ£ô Database cleared

      at clearDatabase (tests/setup.js:64:13)

  console.log
    Γ£ô Database cleared

      at clearDatabase (tests/setup.js:64:13)

  console.log
    Γ£ô Database cleared

      at clearDatabase (tests/setup.js:64:13)

  console.log
    Γ£ô Database cleared

      at clearDatabase (tests/setup.js:64:13)

  console.log
    Γ£ô Test database disconnected

      at disconnectTestDB (tests/setup.js:46:13)

FAIL aqherbal-backend-tests tests/integration.test.js (273 MB heap size)
  ≡ƒöù Integration Tests - Complete Customer Workflows
    ≡ƒ¢Æ Complete Purchase Workflow
      ├ù Γ£ô Should complete full purchase: Browse ΓåÆ Add to Cart ΓåÆ 
Apply Coupon ΓåÆ Order ΓåÆ Pay (425 ms)
    ≡ƒôª Cart to Order Conversion
      ├ù Γ£ô Should clear cart after order creation (63 ms)
      ├ù Γ£ô Should update inventory after order (58 ms)
    ≡ƒæñ Multiple Orders Management
      ├ù Γ£ô Should allow user to place multiple orders (60 ms)
    Γ¡É Post-Purchase Review Flow
      ├ù Γ£ô Should allow review of purchased product (60 ms)
      ├ù Γ£ù Should prevent review without completed order (61 ms)
    Γ¥î Order Cancellation Flow
      ├ù Γ£ô Should allow cancellation of pending order (57 ms)
    ΓÜí Concurrent Request Handling
      ├ù Γ£ô Should handle concurrent cart operations (60 ms)
      ├ù Γ£ô Should prevent overselling on concurrent orders (67 ms)
    ≡ƒôè Data Consistency Across Modules
      ├ù Γ£ô Should maintain data consistency: Cart ΓåÆ Order ΓåÆ Payment 
ΓåÆ Inventory (70 ms)

  ΓùÅ ≡ƒöù Integration Tests - Complete Customer Workflows ΓÇ║ ≡ƒ¢Æ 
Complete Purchase Workflow ΓÇ║ Γ£ô Should complete full purchase: Browse 
ΓåÆ Add to Cart ΓåÆ Apply Coupon ΓåÆ Order ΓåÆ Pay

    ReferenceError: require is not defined

    [0m [90m 120 |[39m [90m */[39m
     [90m 121 |[39m [36mexport[39m [36mconst[39m generateTestToken 
[33m=[39m (userId[33m,[39m role [33m=[39m [32m'user'[39m) 
[33m=>[39m {
    [31m[1m>[22m[39m[90m 122 |[39m   [36mconst[39m jwt 
[33m=[39m require([32m'jsonwebtoken'[39m)[33m;[39m
     [90m     |[39m               [31m[1m^[22m[39m
     [90m 123 |[39m   [36mconst[39m token [33m=[39m 
jwt[33m.[39msign(
     [90m 124 |[39m     { userId[33m,[39m role[33m,[39m 
email[33m:[39m [32m`test${userId}@example.com`[39m }[33m,[39m
     [90m 125 |[39m     
process[33m.[39menv[33m.[39m[33mJWT_SECRET[39m [33m||[39m 
[32m'test_secret'[39m[33m,[39m[0m

      at generateTestToken (tests/setup.js:122:15)
      at Object.<anonymous> (tests/integration.test.js:47:17)

  ΓùÅ ≡ƒöù Integration Tests - Complete Customer Workflows ΓÇ║ ≡ƒôª Cart 
to Order Conversion ΓÇ║ Γ£ô Should clear cart after order creation

    ReferenceError: require is not defined

    [0m [90m 120 |[39m [90m */[39m
     [90m 121 |[39m [36mexport[39m [36mconst[39m generateTestToken 
[33m=[39m (userId[33m,[39m role [33m=[39m [32m'user'[39m) 
[33m=>[39m {
    [31m[1m>[22m[39m[90m 122 |[39m   [36mconst[39m jwt 
[33m=[39m require([32m'jsonwebtoken'[39m)[33m;[39m
     [90m     |[39m               [31m[1m^[22m[39m
     [90m 123 |[39m   [36mconst[39m token [33m=[39m 
jwt[33m.[39msign(
     [90m 124 |[39m     { userId[33m,[39m role[33m,[39m 
email[33m:[39m [32m`test${userId}@example.com`[39m }[33m,[39m
     [90m 125 |[39m     
process[33m.[39menv[33m.[39m[33mJWT_SECRET[39m [33m||[39m 
[32m'test_secret'[39m[33m,[39m[0m

      at generateTestToken (tests/setup.js:122:15)
      at Object.<anonymous> (tests/integration.test.js:47:17)

  ΓùÅ ≡ƒöù Integration Tests - Complete Customer Workflows ΓÇ║ ≡ƒôª Cart 
to Order Conversion ΓÇ║ Γ£ô Should update inventory after order

    ReferenceError: require is not defined

    [0m [90m 120 |[39m [90m */[39m
     [90m 121 |[39m [36mexport[39m [36mconst[39m generateTestToken 
[33m=[39m (userId[33m,[39m role [33m=[39m [32m'user'[39m) 
[33m=>[39m {
    [31m[1m>[22m[39m[90m 122 |[39m   [36mconst[39m jwt 
[33m=[39m require([32m'jsonwebtoken'[39m)[33m;[39m
     [90m     |[39m               [31m[1m^[22m[39m
     [90m 123 |[39m   [36mconst[39m token [33m=[39m 
jwt[33m.[39msign(
     [90m 124 |[39m     { userId[33m,[39m role[33m,[39m 
email[33m:[39m [32m`test${userId}@example.com`[39m }[33m,[39m
     [90m 125 |[39m     
process[33m.[39menv[33m.[39m[33mJWT_SECRET[39m [33m||[39m 
[32m'test_secret'[39m[33m,[39m[0m

      at generateTestToken (tests/setup.js:122:15)
      at Object.<anonymous> (tests/integration.test.js:47:17)

  ΓùÅ ≡ƒöù Integration Tests - Complete Customer Workflows ΓÇ║ ≡ƒæñ 
Multiple Orders Management ΓÇ║ Γ£ô Should allow user to place multiple 
orders

    ReferenceError: require is not defined

    [0m [90m 120 |[39m [90m */[39m
     [90m 121 |[39m [36mexport[39m [36mconst[39m generateTestToken 
[33m=[39m (userId[33m,[39m role [33m=[39m [32m'user'[39m) 
[33m=>[39m {
    [31m[1m>[22m[39m[90m 122 |[39m   [36mconst[39m jwt 
[33m=[39m require([32m'jsonwebtoken'[39m)[33m;[39m
     [90m     |[39m               [31m[1m^[22m[39m
     [90m 123 |[39m   [36mconst[39m token [33m=[39m 
jwt[33m.[39msign(
     [90m 124 |[39m     { userId[33m,[39m role[33m,[39m 
email[33m:[39m [32m`test${userId}@example.com`[39m }[33m,[39m
     [90m 125 |[39m     
process[33m.[39menv[33m.[39m[33mJWT_SECRET[39m [33m||[39m 
[32m'test_secret'[39m[33m,[39m[0m

      at generateTestToken (tests/setup.js:122:15)
      at Object.<anonymous> (tests/integration.test.js:47:17)

  ΓùÅ ≡ƒöù Integration Tests - Complete Customer Workflows ΓÇ║ Γ¡É 
Post-Purchase Review Flow ΓÇ║ Γ£ô Should allow review of purchased product

    ReferenceError: require is not defined

    [0m [90m 120 |[39m [90m */[39m
     [90m 121 |[39m [36mexport[39m [36mconst[39m generateTestToken 
[33m=[39m (userId[33m,[39m role [33m=[39m [32m'user'[39m) 
[33m=>[39m {
    [31m[1m>[22m[39m[90m 122 |[39m   [36mconst[39m jwt 
[33m=[39m require([32m'jsonwebtoken'[39m)[33m;[39m
     [90m     |[39m               [31m[1m^[22m[39m
     [90m 123 |[39m   [36mconst[39m token [33m=[39m 
jwt[33m.[39msign(
     [90m 124 |[39m     { userId[33m,[39m role[33m,[39m 
email[33m:[39m [32m`test${userId}@example.com`[39m }[33m,[39m
     [90m 125 |[39m     
process[33m.[39menv[33m.[39m[33mJWT_SECRET[39m [33m||[39m 
[32m'test_secret'[39m[33m,[39m[0m

      at generateTestToken (tests/setup.js:122:15)
      at Object.<anonymous> (tests/integration.test.js:47:17)

  ΓùÅ ≡ƒöù Integration Tests - Complete Customer Workflows ΓÇ║ Γ¡É 
Post-Purchase Review Flow ΓÇ║ Γ£ù Should prevent review without completed 
order

    ReferenceError: require is not defined

    [0m [90m 120 |[39m [90m */[39m
     [90m 121 |[39m [36mexport[39m [36mconst[39m generateTestToken 
[33m=[39m (userId[33m,[39m role [33m=[39m [32m'user'[39m) 
[33m=>[39m {
    [31m[1m>[22m[39m[90m 122 |[39m   [36mconst[39m jwt 
[33m=[39m require([32m'jsonwebtoken'[39m)[33m;[39m
     [90m     |[39m               [31m[1m^[22m[39m
     [90m 123 |[39m   [36mconst[39m token [33m=[39m 
jwt[33m.[39msign(
     [90m 124 |[39m     { userId[33m,[39m role[33m,[39m 
email[33m:[39m [32m`test${userId}@example.com`[39m }[33m,[39m
     [90m 125 |[39m     
process[33m.[39menv[33m.[39m[33mJWT_SECRET[39m [33m||[39m 
[32m'test_secret'[39m[33m,[39m[0m

      at generateTestToken (tests/setup.js:122:15)
      at Object.<anonymous> (tests/integration.test.js:47:17)

  ΓùÅ ≡ƒöù Integration Tests - Complete Customer Workflows ΓÇ║ Γ¥î Order 
Cancellation Flow ΓÇ║ Γ£ô Should allow cancellation of pending order

    ReferenceError: require is not defined

    [0m [90m 120 |[39m [90m */[39m
     [90m 121 |[39m [36mexport[39m [36mconst[39m generateTestToken 
[33m=[39m (userId[33m,[39m role [33m=[39m [32m'user'[39m) 
[33m=>[39m {
    [31m[1m>[22m[39m[90m 122 |[39m   [36mconst[39m jwt 
[33m=[39m require([32m'jsonwebtoken'[39m)[33m;[39m
     [90m     |[39m               [31m[1m^[22m[39m
     [90m 123 |[39m   [36mconst[39m token [33m=[39m 
jwt[33m.[39msign(
     [90m 124 |[39m     { userId[33m,[39m role[33m,[39m 
email[33m:[39m [32m`test${userId}@example.com`[39m }[33m,[39m
     [90m 125 |[39m     
process[33m.[39menv[33m.[39m[33mJWT_SECRET[39m [33m||[39m 
[32m'test_secret'[39m[33m,[39m[0m

      at generateTestToken (tests/setup.js:122:15)
      at Object.<anonymous> (tests/integration.test.js:47:17)

  ΓùÅ ≡ƒöù Integration Tests - Complete Customer Workflows ΓÇ║ ΓÜí 
Concurrent Request Handling ΓÇ║ Γ£ô Should handle concurrent cart 
operations

    ReferenceError: require is not defined

    [0m [90m 120 |[39m [90m */[39m
     [90m 121 |[39m [36mexport[39m [36mconst[39m generateTestToken 
[33m=[39m (userId[33m,[39m role [33m=[39m [32m'user'[39m) 
[33m=>[39m {
    [31m[1m>[22m[39m[90m 122 |[39m   [36mconst[39m jwt 
[33m=[39m require([32m'jsonwebtoken'[39m)[33m;[39m
     [90m     |[39m               [31m[1m^[22m[39m
     [90m 123 |[39m   [36mconst[39m token [33m=[39m 
jwt[33m.[39msign(
     [90m 124 |[39m     { userId[33m,[39m role[33m,[39m 
email[33m:[39m [32m`test${userId}@example.com`[39m }[33m,[39m
     [90m 125 |[39m     
process[33m.[39menv[33m.[39m[33mJWT_SECRET[39m [33m||[39m 
[32m'test_secret'[39m[33m,[39m[0m

      at generateTestToken (tests/setup.js:122:15)
      at Object.<anonymous> (tests/integration.test.js:47:17)

  ΓùÅ ≡ƒöù Integration Tests - Complete Customer Workflows ΓÇ║ ΓÜí 
Concurrent Request Handling ΓÇ║ Γ£ô Should prevent overselling on 
concurrent orders

    ReferenceError: require is not defined

    [0m [90m 120 |[39m [90m */[39m
     [90m 121 |[39m [36mexport[39m [36mconst[39m generateTestToken 
[33m=[39m (userId[33m,[39m role [33m=[39m [32m'user'[39m) 
[33m=>[39m {
    [31m[1m>[22m[39m[90m 122 |[39m   [36mconst[39m jwt 
[33m=[39m require([32m'jsonwebtoken'[39m)[33m;[39m
     [90m     |[39m               [31m[1m^[22m[39m
     [90m 123 |[39m   [36mconst[39m token [33m=[39m 
jwt[33m.[39msign(
     [90m 124 |[39m     { userId[33m,[39m role[33m,[39m 
email[33m:[39m [32m`test${userId}@example.com`[39m }[33m,[39m
     [90m 125 |[39m     
process[33m.[39menv[33m.[39m[33mJWT_SECRET[39m [33m||[39m 
[32m'test_secret'[39m[33m,[39m[0m

      at generateTestToken (tests/setup.js:122:15)
      at Object.<anonymous> (tests/integration.test.js:47:17)

  ΓùÅ ≡ƒöù Integration Tests - Complete Customer Workflows ΓÇ║ ≡ƒôè Data 
Consistency Across Modules ΓÇ║ Γ£ô Should maintain data consistency: Cart 
ΓåÆ Order ΓåÆ Payment ΓåÆ Inventory

    ReferenceError: require is not defined

    [0m [90m 120 |[39m [90m */[39m
     [90m 121 |[39m [36mexport[39m [36mconst[39m generateTestToken 
[33m=[39m (userId[33m,[39m role [33m=[39m [32m'user'[39m) 
[33m=>[39m {
    [31m[1m>[22m[39m[90m 122 |[39m   [36mconst[39m jwt 
[33m=[39m require([32m'jsonwebtoken'[39m)[33m;[39m
     [90m     |[39m               [31m[1m^[22m[39m
     [90m 123 |[39m   [36mconst[39m token [33m=[39m 
jwt[33m.[39msign(
     [90m 124 |[39m     { userId[33m,[39m role[33m,[39m 
email[33m:[39m [32m`test${userId}@example.com`[39m }[33m,[39m
     [90m 125 |[39m     
process[33m.[39menv[33m.[39m[33mJWT_SECRET[39m [33m||[39m 
[32m'test_secret'[39m[33m,[39m[0m

      at generateTestToken (tests/setup.js:122:15)
      at Object.<anonymous> (tests/integration.test.js:47:17)

  console.log
    [dotenv@17.2.0] injecting env (61) from .env (tip: ≡ƒöÉ encrypt with dotenvx: https://dotenvx.com)

      at _log (node_modules/dotenv/lib/main.js:136:11)

[32minfo[39m: SMTP Config: {"host":"smtp.gmail.com","pass":"***","port":587,"timestamp":"2026-01-24T06:13:17.122Z","user":"your-email@gmail.com"}
[33mwarn[39m: Redis disabled via REDIS_DISABLED=true; using local handlers. {"timestamp":"2026-01-24T06:13:17.141Z"}
  console.log
    [dotenv@17.2.0] injecting env (0) from .env (tip: ≡ƒöÉ prevent committing .env to code: https://dotenvx.com/precommit)

      at _log (node_modules/dotenv/lib/main.js:136:11)

  console.warn
    ΓÜá∩╕Å  Insecure default values detected (development only):
       JWT_SECRET
       JWT_REFRESH_SECRET
       These are OK for development but MUST be changed for production!

    [0m [90m  97 |[39m   [90m// Log insecure values in development[39m
     [90m  98 |[39m   [36mif[39m (insecure[33m.[39mlength [33m>[39m [35m0[39m [33m&&[39m process[33m.[39menv[33m.[39m[33mNODE_ENV[39m [33m!==[39m [32m'production'[39m) {
    [31m[1m>[22m[39m[90m  99 |[39m     console[33m.[39mwarn(
     [90m     |[39m             [31m[1m^[22m[39m
     [90m 100 |[39m       [32m'ΓÜá∩╕Å  Insecure default values detected (development only):\n'[39m [33m+[39m
     [90m 101 |[39m       [32m`   ${insecure.join('\n   ')}\n`[39m [33m+[39m
     [90m 102 |[39m       [32m'   These are OK for development but MUST be changed for production!'[39m[0m

      at validateEnv (src/config/validation.js:99:13)
      at src/server.js:23:1

  console.info
    Γ£à Environment validation passed

      at validateEnv (src/config/validation.js:106:11)

  console.log
    [dotenv@17.2.0] injecting env (1) from .env.test (tip: ΓÜÖ∩╕Å  load multiple .env files with { path: ['.env.local', '.env'] })

      at _log (node_modules/dotenv/lib/main.js:136:11)

(node:2992) [MONGODB DRIVER] Warning: useNewUrlParser is a deprecated 
option: useNewUrlParser has no effect since Node.js Driver version 4.0.0 
and will be removed in the next major version
(node:2992) [MONGODB DRIVER] Warning: useUnifiedTopology is a deprecated 
option: useUnifiedTopology has no effect since Node.js Driver version 
4.0.0 and will be removed in the next major version
  console.log
    Γ£ô Test database connected

      at connectTestDB (tests/setup.js:33:13)

  console.log
    Γ£ô Database cleared

      at clearDatabase (tests/setup.js:64:13)

  console.log
    Γ£ô Database cleared

      at clearDatabase (tests/setup.js:64:13)

  console.log
    Γ£ô Database cleared

      at clearDatabase (tests/setup.js:64:13)

  console.log
    Γ£ô Database cleared

      at clearDatabase (tests/setup.js:64:13)

  console.log
    Γ£ô Database cleared

      at clearDatabase (tests/setup.js:64:13)

  console.log
    Γ£ô Database cleared

      at clearDatabase (tests/setup.js:64:13)

  console.log
    Γ£ô Database cleared

      at clearDatabase (tests/setup.js:64:13)

  console.log
    Γ£ô Database cleared

      at clearDatabase (tests/setup.js:64:13)

  console.log
    Γ£ô Database cleared

      at clearDatabase (tests/setup.js:64:13)

  console.log
    Γ£ô Database cleared

      at clearDatabase (tests/setup.js:64:13)

  console.log
    Γ£ô Database cleared

      at clearDatabase (tests/setup.js:64:13)

  console.log
    Γ£ô Database cleared

      at clearDatabase (tests/setup.js:64:13)

  console.log
    Γ£ô Database cleared

      at clearDatabase (tests/setup.js:64:13)

  console.log
    Γ£ô Database cleared

      at clearDatabase (tests/setup.js:64:13)

  console.log
    Γ£ô Database cleared

      at clearDatabase (tests/setup.js:64:13)

  console.log
    Γ£ô Database cleared

      at clearDatabase (tests/setup.js:64:13)

  console.log
    Γ£ô Database cleared

      at clearDatabase (tests/setup.js:64:13)

  console.log
    Γ£ô Database cleared

      at clearDatabase (tests/setup.js:64:13)

  console.log
    Γ£ô Database cleared

      at clearDatabase (tests/setup.js:64:13)

  console.log
    Γ£ô Database cleared

      at clearDatabase (tests/setup.js:64:13)

  console.log
    Γ£ô Database cleared

      at clearDatabase (tests/setup.js:64:13)

  console.log
    Γ£ô Database cleared

      at clearDatabase (tests/setup.js:64:13)

  console.log
    Γ£ô Database cleared

      at clearDatabase (tests/setup.js:64:13)

  console.log
    Γ£ô Database cleared

      at clearDatabase (tests/setup.js:64:13)

  console.log
    Γ£ô Database cleared

      at clearDatabase (tests/setup.js:64:13)

  console.log
    Γ£ô Database cleared

      at clearDatabase (tests/setup.js:64:13)

  console.log
    Γ£ô Database cleared

      at clearDatabase (tests/setup.js:64:13)

  console.log
    Γ£ô Database cleared

      at clearDatabase (tests/setup.js:64:13)

  console.log
    Γ£ô Database cleared

      at clearDatabase (tests/setup.js:64:13)

  console.log
    Γ£ô Database cleared

      at clearDatabase (tests/setup.js:64:13)

  console.log
    Γ£ô Database cleared

      at clearDatabase (tests/setup.js:64:13)

  console.log
    Γ£ô Database cleared

      at clearDatabase (tests/setup.js:64:13)

  console.log
    Γ£ô Database cleared

      at clearDatabase (tests/setup.js:64:13)

  console.log
    Γ£ô Database cleared

      at clearDatabase (tests/setup.js:64:13)

  console.log
    Γ£ô Database cleared

      at clearDatabase (tests/setup.js:64:13)

  console.log
    Γ£ô Database cleared

      at clearDatabase (tests/setup.js:64:13)

  console.log
    Γ£ô Database cleared

      at clearDatabase (tests/setup.js:64:13)

  console.log
    Γ£ô Test database disconnected

      at disconnectTestDB (tests/setup.js:46:13)

FAIL aqherbal-backend-tests tests/security.test.js (5.087 s, 219 MB heap 
size)
  ≡ƒöÆ Security & Authorization
    ≡ƒùä∩╕Å SQL/NoSQL Injection Prevention
      ├ù Γ£ù Should prevent MongoDB injection in login (453 ms)
      ├ù Γ£ù Should prevent injection via email field (70 ms)
      ├ù Γ£ù Should prevent query operator injection (67 ms)
      ├ù Γ£ù Should sanitize search input (65 ms)
    ≡ƒÆë XSS Prevention
      ├ù Γ£ù Should sanitize review content (67 ms)
      ├ù Γ£ù Should escape product name in API response (73 ms)
    ≡ƒöæ Authentication Enforcement
      ├ù Γ£ù Should deny requests without token (78 ms)
      ├ù Γ£ù Should reject malformed authorization header (72 ms)
      ├ù Γ£ù Should reject expired token (80 ms)
      ├ù Γ£ù Should reject tampered token (106 ms)
      ├ù Γ£ù Should reject token from different user (99 ms)
    ≡ƒæ« Authorization & Role Enforcement
      ├ù Γ£ù Should prevent user from accessing admin endpoints (63 ms)
      ├ù Γ£ù Should prevent user from approving products (61 ms)
      ├ù Γ£ù Should prevent user from viewing analytics (57 ms)
      ├ù Γ£ô Should allow admin to access admin endpoints (68 ms)
      ├ù Γ£ù Should prevent role escalation via token manipulation (61 ms)
    ≡ƒæñ Field-Level Authorization
      ├ù Γ£ù Should not allow users to modify other user profiles (56 ms)
      ├ù Γ£ù Should not allow users to delete other user accounts (62 ms)
      ├ù Γ£ù Should not allow users to view other user orders (62 ms)
    ΓÅ▒∩╕Å Rate Limiting
      ├ù Γ£ô Should enforce rate limiting on login attempts (58 ms)
      ├ù Γ£ô Should have rate limit headers (58 ms)
    ≡ƒ¢í∩╕Å CSRF Prevention
      ├ù Γ£ù Should reject POST without CSRF token (if required) (70 ms)
    ≡ƒöÉ Sensitive Data Protection
      ├ù Γ£ù Should not expose password in user response (59 ms)
      ├ù Γ£ù Should not expose hashed password in user list (59 ms)
      ├ù Γ£ô Should not expose email verification tokens (61 ms)
    ΓÜí Business Logic Authorization
      ├ù Γ£ù Should not allow user to apply admin-only coupons (67 ms)
      ├ù Γ£ù Should not allow user to bypass payment (67 ms)
      ├ù Γ£ù Should not allow shipping address spoofing (61 ms)
    Γ£à Input Validation
      ├ù Γ£ù Should reject oversized payloads (82 ms)
      ├ù Γ£ù Should validate email format (81 ms)
      ├ù Γ£ù Should reject null/undefined in required fields (70 ms)
      ├ù Γ£ù Should validate number ranges (67 ms)
    ≡ƒöÉ Session & Token Security
      ├ù Γ£ô Should invalidate token on logout (80 ms)
      ├ù Γ£ô Should require fresh token after sensitive operations (99 ms)
    ≡ƒôï HTTP Security Headers
      ├ù Γ£ô Should have X-Content-Type-Options header (84 ms)
      ├ù Γ£ô Should have X-Frame-Options header (77 ms)
      ├ù Γ£ô Should have Strict-Transport-Security (HTTPS) (69 ms)

  ΓùÅ ≡ƒöÆ Security & Authorization ΓÇ║ ≡ƒùä∩╕Å SQL/NoSQL Injection 
Prevention ΓÇ║ Γ£ù Should prevent MongoDB injection in login

    ReferenceError: require is not defined

    [0m [90m 120 |[39m [90m */[39m
     [90m 121 |[39m [36mexport[39m [36mconst[39m generateTestToken 
[33m=[39m (userId[33m,[39m role [33m=[39m [32m'user'[39m) 
[33m=>[39m {
    [31m[1m>[22m[39m[90m 122 |[39m   [36mconst[39m jwt 
[33m=[39m require([32m'jsonwebtoken'[39m)[33m;[39m
     [90m     |[39m               [31m[1m^[22m[39m
     [90m 123 |[39m   [36mconst[39m token [33m=[39m 
jwt[33m.[39msign(
     [90m 124 |[39m     { userId[33m,[39m role[33m,[39m 
email[33m:[39m [32m`test${userId}@example.com`[39m }[33m,[39m
     [90m 125 |[39m     
process[33m.[39menv[33m.[39m[33mJWT_SECRET[39m [33m||[39m 
[32m'test_secret'[39m[33m,[39m[0m

      at generateTestToken (tests/setup.js:122:15)
      at Object.<anonymous> (tests/security.test.js:29:17)

  ΓùÅ ≡ƒöÆ Security & Authorization ΓÇ║ ≡ƒùä∩╕Å SQL/NoSQL Injection 
Prevention ΓÇ║ Γ£ù Should prevent injection via email field

    ReferenceError: require is not defined

    [0m [90m 120 |[39m [90m */[39m
     [90m 121 |[39m [36mexport[39m [36mconst[39m generateTestToken 
[33m=[39m (userId[33m,[39m role [33m=[39m [32m'user'[39m) 
[33m=>[39m {
    [31m[1m>[22m[39m[90m 122 |[39m   [36mconst[39m jwt 
[33m=[39m require([32m'jsonwebtoken'[39m)[33m;[39m
     [90m     |[39m               [31m[1m^[22m[39m
     [90m 123 |[39m   [36mconst[39m token [33m=[39m 
jwt[33m.[39msign(
     [90m 124 |[39m     { userId[33m,[39m role[33m,[39m 
email[33m:[39m [32m`test${userId}@example.com`[39m }[33m,[39m
     [90m 125 |[39m     
process[33m.[39menv[33m.[39m[33mJWT_SECRET[39m [33m||[39m 
[32m'test_secret'[39m[33m,[39m[0m

      at generateTestToken (tests/setup.js:122:15)
      at Object.<anonymous> (tests/security.test.js:29:17)

  ΓùÅ ≡ƒöÆ Security & Authorization ΓÇ║ ≡ƒùä∩╕Å SQL/NoSQL Injection 
Prevention ΓÇ║ Γ£ù Should prevent query operator injection

    ReferenceError: require is not defined

    [0m [90m 120 |[39m [90m */[39m
     [90m 121 |[39m [36mexport[39m [36mconst[39m generateTestToken 
[33m=[39m (userId[33m,[39m role [33m=[39m [32m'user'[39m) 
[33m=>[39m {
    [31m[1m>[22m[39m[90m 122 |[39m   [36mconst[39m jwt 
[33m=[39m require([32m'jsonwebtoken'[39m)[33m;[39m
     [90m     |[39m               [31m[1m^[22m[39m
     [90m 123 |[39m   [36mconst[39m token [33m=[39m 
jwt[33m.[39msign(
     [90m 124 |[39m     { userId[33m,[39m role[33m,[39m 
email[33m:[39m [32m`test${userId}@example.com`[39m }[33m,[39m
     [90m 125 |[39m     
process[33m.[39menv[33m.[39m[33mJWT_SECRET[39m [33m||[39m 
[32m'test_secret'[39m[33m,[39m[0m

      at generateTestToken (tests/setup.js:122:15)
      at Object.<anonymous> (tests/security.test.js:29:17)

  ΓùÅ ≡ƒöÆ Security & Authorization ΓÇ║ ≡ƒùä∩╕Å SQL/NoSQL Injection 
Prevention ΓÇ║ Γ£ù Should sanitize search input

    ReferenceError: require is not defined

    [0m [90m 120 |[39m [90m */[39m
     [90m 121 |[39m [36mexport[39m [36mconst[39m generateTestToken 
[33m=[39m (userId[33m,[39m role [33m=[39m [32m'user'[39m) 
[33m=>[39m {
    [31m[1m>[22m[39m[90m 122 |[39m   [36mconst[39m jwt 
[33m=[39m require([32m'jsonwebtoken'[39m)[33m;[39m
     [90m     |[39m               [31m[1m^[22m[39m
     [90m 123 |[39m   [36mconst[39m token [33m=[39m 
jwt[33m.[39msign(
     [90m 124 |[39m     { userId[33m,[39m role[33m,[39m 
email[33m:[39m [32m`test${userId}@example.com`[39m }[33m,[39m
     [90m 125 |[39m     
process[33m.[39menv[33m.[39m[33mJWT_SECRET[39m [33m||[39m 
[32m'test_secret'[39m[33m,[39m[0m

      at generateTestToken (tests/setup.js:122:15)
      at Object.<anonymous> (tests/security.test.js:29:17)

  ΓùÅ ≡ƒöÆ Security & Authorization ΓÇ║ ≡ƒÆë XSS Prevention ΓÇ║ Γ£ù 
Should sanitize review content

    ReferenceError: require is not defined

    [0m [90m 120 |[39m [90m */[39m
     [90m 121 |[39m [36mexport[39m [36mconst[39m generateTestToken 
[33m=[39m (userId[33m,[39m role [33m=[39m [32m'user'[39m) 
[33m=>[39m {
    [31m[1m>[22m[39m[90m 122 |[39m   [36mconst[39m jwt 
[33m=[39m require([32m'jsonwebtoken'[39m)[33m;[39m
     [90m     |[39m               [31m[1m^[22m[39m
     [90m 123 |[39m   [36mconst[39m token [33m=[39m 
jwt[33m.[39msign(
     [90m 124 |[39m     { userId[33m,[39m role[33m,[39m 
email[33m:[39m [32m`test${userId}@example.com`[39m }[33m,[39m
     [90m 125 |[39m     
process[33m.[39menv[33m.[39m[33mJWT_SECRET[39m [33m||[39m 
[32m'test_secret'[39m[33m,[39m[0m

      at generateTestToken (tests/setup.js:122:15)
      at Object.<anonymous> (tests/security.test.js:29:17)

  ΓùÅ ≡ƒöÆ Security & Authorization ΓÇ║ ≡ƒÆë XSS Prevention ΓÇ║ Γ£ù 
Should escape product name in API response

    ReferenceError: require is not defined

    [0m [90m 120 |[39m [90m */[39m
     [90m 121 |[39m [36mexport[39m [36mconst[39m generateTestToken 
[33m=[39m (userId[33m,[39m role [33m=[39m [32m'user'[39m) 
[33m=>[39m {
    [31m[1m>[22m[39m[90m 122 |[39m   [36mconst[39m jwt 
[33m=[39m require([32m'jsonwebtoken'[39m)[33m;[39m
     [90m     |[39m               [31m[1m^[22m[39m
     [90m 123 |[39m   [36mconst[39m token [33m=[39m 
jwt[33m.[39msign(
     [90m 124 |[39m     { userId[33m,[39m role[33m,[39m 
email[33m:[39m [32m`test${userId}@example.com`[39m }[33m,[39m
     [90m 125 |[39m     
process[33m.[39menv[33m.[39m[33mJWT_SECRET[39m [33m||[39m 
[32m'test_secret'[39m[33m,[39m[0m

      at generateTestToken (tests/setup.js:122:15)
      at Object.<anonymous> (tests/security.test.js:29:17)

  ΓùÅ ≡ƒöÆ Security & Authorization ΓÇ║ ≡ƒöæ Authentication Enforcement 
ΓÇ║ Γ£ù Should deny requests without token

    ReferenceError: require is not defined

    [0m [90m 120 |[39m [90m */[39m
     [90m 121 |[39m [36mexport[39m [36mconst[39m generateTestToken 
[33m=[39m (userId[33m,[39m role [33m=[39m [32m'user'[39m) 
[33m=>[39m {
    [31m[1m>[22m[39m[90m 122 |[39m   [36mconst[39m jwt 
[33m=[39m require([32m'jsonwebtoken'[39m)[33m;[39m
     [90m     |[39m               [31m[1m^[22m[39m
     [90m 123 |[39m   [36mconst[39m token [33m=[39m 
jwt[33m.[39msign(
     [90m 124 |[39m     { userId[33m,[39m role[33m,[39m 
email[33m:[39m [32m`test${userId}@example.com`[39m }[33m,[39m
     [90m 125 |[39m     
process[33m.[39menv[33m.[39m[33mJWT_SECRET[39m [33m||[39m 
[32m'test_secret'[39m[33m,[39m[0m

      at generateTestToken (tests/setup.js:122:15)
      at Object.<anonymous> (tests/security.test.js:29:17)

  ΓùÅ ≡ƒöÆ Security & Authorization ΓÇ║ ≡ƒöæ Authentication Enforcement 
ΓÇ║ Γ£ù Should reject malformed authorization header

    ReferenceError: require is not defined

    [0m [90m 120 |[39m [90m */[39m
     [90m 121 |[39m [36mexport[39m [36mconst[39m generateTestToken 
[33m=[39m (userId[33m,[39m role [33m=[39m [32m'user'[39m) 
[33m=>[39m {
    [31m[1m>[22m[39m[90m 122 |[39m   [36mconst[39m jwt 
[33m=[39m require([32m'jsonwebtoken'[39m)[33m;[39m
     [90m     |[39m               [31m[1m^[22m[39m
     [90m 123 |[39m   [36mconst[39m token [33m=[39m 
jwt[33m.[39msign(
     [90m 124 |[39m     { userId[33m,[39m role[33m,[39m 
email[33m:[39m [32m`test${userId}@example.com`[39m }[33m,[39m
     [90m 125 |[39m     
process[33m.[39menv[33m.[39m[33mJWT_SECRET[39m [33m||[39m 
[32m'test_secret'[39m[33m,[39m[0m

      at generateTestToken (tests/setup.js:122:15)
      at Object.<anonymous> (tests/security.test.js:29:17)

  ΓùÅ ≡ƒöÆ Security & Authorization ΓÇ║ ≡ƒöæ Authentication Enforcement 
ΓÇ║ Γ£ù Should reject expired token

    ReferenceError: require is not defined

    [0m [90m 120 |[39m [90m */[39m
     [90m 121 |[39m [36mexport[39m [36mconst[39m generateTestToken 
[33m=[39m (userId[33m,[39m role [33m=[39m [32m'user'[39m) 
[33m=>[39m {
    [31m[1m>[22m[39m[90m 122 |[39m   [36mconst[39m jwt 
[33m=[39m require([32m'jsonwebtoken'[39m)[33m;[39m
     [90m     |[39m               [31m[1m^[22m[39m
     [90m 123 |[39m   [36mconst[39m token [33m=[39m 
jwt[33m.[39msign(
     [90m 124 |[39m     { userId[33m,[39m role[33m,[39m 
email[33m:[39m [32m`test${userId}@example.com`[39m }[33m,[39m
     [90m 125 |[39m     
process[33m.[39menv[33m.[39m[33mJWT_SECRET[39m [33m||[39m 
[32m'test_secret'[39m[33m,[39m[0m

      at generateTestToken (tests/setup.js:122:15)
      at Object.<anonymous> (tests/security.test.js:29:17)

  ΓùÅ ≡ƒöÆ Security & Authorization ΓÇ║ ≡ƒöæ Authentication Enforcement 
ΓÇ║ Γ£ù Should reject tampered token

    ReferenceError: require is not defined

    [0m [90m 120 |[39m [90m */[39m
     [90m 121 |[39m [36mexport[39m [36mconst[39m generateTestToken 
[33m=[39m (userId[33m,[39m role [33m=[39m [32m'user'[39m) 
[33m=>[39m {
    [31m[1m>[22m[39m[90m 122 |[39m   [36mconst[39m jwt 
[33m=[39m require([32m'jsonwebtoken'[39m)[33m;[39m
     [90m     |[39m               [31m[1m^[22m[39m
     [90m 123 |[39m   [36mconst[39m token [33m=[39m 
jwt[33m.[39msign(
     [90m 124 |[39m     { userId[33m,[39m role[33m,[39m 
email[33m:[39m [32m`test${userId}@example.com`[39m }[33m,[39m
     [90m 125 |[39m     
process[33m.[39menv[33m.[39m[33mJWT_SECRET[39m [33m||[39m 
[32m'test_secret'[39m[33m,[39m[0m

      at generateTestToken (tests/setup.js:122:15)
      at Object.<anonymous> (tests/security.test.js:29:17)

  ΓùÅ ≡ƒöÆ Security & Authorization ΓÇ║ ≡ƒöæ Authentication Enforcement 
ΓÇ║ Γ£ù Should reject token from different user

    ReferenceError: require is not defined

    [0m [90m 120 |[39m [90m */[39m
     [90m 121 |[39m [36mexport[39m [36mconst[39m generateTestToken 
[33m=[39m (userId[33m,[39m role [33m=[39m [32m'user'[39m) 
[33m=>[39m {
    [31m[1m>[22m[39m[90m 122 |[39m   [36mconst[39m jwt 
[33m=[39m require([32m'jsonwebtoken'[39m)[33m;[39m
     [90m     |[39m               [31m[1m^[22m[39m
     [90m 123 |[39m   [36mconst[39m token [33m=[39m 
jwt[33m.[39msign(
     [90m 124 |[39m     { userId[33m,[39m role[33m,[39m 
email[33m:[39m [32m`test${userId}@example.com`[39m }[33m,[39m
     [90m 125 |[39m     
process[33m.[39menv[33m.[39m[33mJWT_SECRET[39m [33m||[39m 
[32m'test_secret'[39m[33m,[39m[0m

      at generateTestToken (tests/setup.js:122:15)
      at Object.<anonymous> (tests/security.test.js:29:17)

  ΓùÅ ≡ƒöÆ Security & Authorization ΓÇ║ ≡ƒæ« Authorization & Role 
Enforcement ΓÇ║ Γ£ù Should prevent user from accessing admin endpoints

    ReferenceError: require is not defined

    [0m [90m 120 |[39m [90m */[39m
     [90m 121 |[39m [36mexport[39m [36mconst[39m generateTestToken 
[33m=[39m (userId[33m,[39m role [33m=[39m [32m'user'[39m) 
[33m=>[39m {
    [31m[1m>[22m[39m[90m 122 |[39m   [36mconst[39m jwt 
[33m=[39m require([32m'jsonwebtoken'[39m)[33m;[39m
     [90m     |[39m               [31m[1m^[22m[39m
     [90m 123 |[39m   [36mconst[39m token [33m=[39m 
jwt[33m.[39msign(
     [90m 124 |[39m     { userId[33m,[39m role[33m,[39m 
email[33m:[39m [32m`test${userId}@example.com`[39m }[33m,[39m
     [90m 125 |[39m     
process[33m.[39menv[33m.[39m[33mJWT_SECRET[39m [33m||[39m 
[32m'test_secret'[39m[33m,[39m[0m

      at generateTestToken (tests/setup.js:122:15)
      at Object.<anonymous> (tests/security.test.js:29:17)

  ΓùÅ ≡ƒöÆ Security & Authorization ΓÇ║ ≡ƒæ« Authorization & Role 
Enforcement ΓÇ║ Γ£ù Should prevent user from approving products

    ReferenceError: require is not defined

    [0m [90m 120 |[39m [90m */[39m
     [90m 121 |[39m [36mexport[39m [36mconst[39m generateTestToken 
[33m=[39m (userId[33m,[39m role [33m=[39m [32m'user'[39m) 
[33m=>[39m {
    [31m[1m>[22m[39m[90m 122 |[39m   [36mconst[39m jwt 
[33m=[39m require([32m'jsonwebtoken'[39m)[33m;[39m
     [90m     |[39m               [31m[1m^[22m[39m
     [90m 123 |[39m   [36mconst[39m token [33m=[39m 
jwt[33m.[39msign(
     [90m 124 |[39m     { userId[33m,[39m role[33m,[39m 
email[33m:[39m [32m`test${userId}@example.com`[39m }[33m,[39m
     [90m 125 |[39m     
process[33m.[39menv[33m.[39m[33mJWT_SECRET[39m [33m||[39m 
[32m'test_secret'[39m[33m,[39m[0m

      at generateTestToken (tests/setup.js:122:15)
      at Object.<anonymous> (tests/security.test.js:29:17)

  ΓùÅ ≡ƒöÆ Security & Authorization ΓÇ║ ≡ƒæ« Authorization & Role 
Enforcement ΓÇ║ Γ£ù Should prevent user from viewing analytics

    ReferenceError: require is not defined

    [0m [90m 120 |[39m [90m */[39m
     [90m 121 |[39m [36mexport[39m [36mconst[39m generateTestToken 
[33m=[39m (userId[33m,[39m role [33m=[39m [32m'user'[39m) 
[33m=>[39m {
    [31m[1m>[22m[39m[90m 122 |[39m   [36mconst[39m jwt 
[33m=[39m require([32m'jsonwebtoken'[39m)[33m;[39m
     [90m     |[39m               [31m[1m^[22m[39m
     [90m 123 |[39m   [36mconst[39m token [33m=[39m 
jwt[33m.[39msign(
     [90m 124 |[39m     { userId[33m,[39m role[33m,[39m 
email[33m:[39m [32m`test${userId}@example.com`[39m }[33m,[39m
     [90m 125 |[39m     
process[33m.[39menv[33m.[39m[33mJWT_SECRET[39m [33m||[39m 
[32m'test_secret'[39m[33m,[39m[0m

      at generateTestToken (tests/setup.js:122:15)
      at Object.<anonymous> (tests/security.test.js:29:17)

  ΓùÅ ≡ƒöÆ Security & Authorization ΓÇ║ ≡ƒæ« Authorization & Role 
Enforcement ΓÇ║ Γ£ô Should allow admin to access admin endpoints

    ReferenceError: require is not defined

    [0m [90m 120 |[39m [90m */[39m
     [90m 121 |[39m [36mexport[39m [36mconst[39m generateTestToken 
[33m=[39m (userId[33m,[39m role [33m=[39m [32m'user'[39m) 
[33m=>[39m {
    [31m[1m>[22m[39m[90m 122 |[39m   [36mconst[39m jwt 
[33m=[39m require([32m'jsonwebtoken'[39m)[33m;[39m
     [90m     |[39m               [31m[1m^[22m[39m
     [90m 123 |[39m   [36mconst[39m token [33m=[39m 
jwt[33m.[39msign(
     [90m 124 |[39m     { userId[33m,[39m role[33m,[39m 
email[33m:[39m [32m`test${userId}@example.com`[39m }[33m,[39m
     [90m 125 |[39m     
process[33m.[39menv[33m.[39m[33mJWT_SECRET[39m [33m||[39m 
[32m'test_secret'[39m[33m,[39m[0m

      at generateTestToken (tests/setup.js:122:15)
      at Object.<anonymous> (tests/security.test.js:29:17)

  ΓùÅ ≡ƒöÆ Security & Authorization ΓÇ║ ≡ƒæ« Authorization & Role 
Enforcement ΓÇ║ Γ£ù Should prevent role escalation via token manipulation

    ReferenceError: require is not defined

    [0m [90m 120 |[39m [90m */[39m
     [90m 121 |[39m [36mexport[39m [36mconst[39m generateTestToken 
[33m=[39m (userId[33m,[39m role [33m=[39m [32m'user'[39m) 
[33m=>[39m {
    [31m[1m>[22m[39m[90m 122 |[39m   [36mconst[39m jwt 
[33m=[39m require([32m'jsonwebtoken'[39m)[33m;[39m
     [90m     |[39m               [31m[1m^[22m[39m
     [90m 123 |[39m   [36mconst[39m token [33m=[39m 
jwt[33m.[39msign(
     [90m 124 |[39m     { userId[33m,[39m role[33m,[39m 
email[33m:[39m [32m`test${userId}@example.com`[39m }[33m,[39m
     [90m 125 |[39m     
process[33m.[39menv[33m.[39m[33mJWT_SECRET[39m [33m||[39m 
[32m'test_secret'[39m[33m,[39m[0m

      at generateTestToken (tests/setup.js:122:15)
      at Object.<anonymous> (tests/security.test.js:29:17)

  ΓùÅ ≡ƒöÆ Security & Authorization ΓÇ║ ≡ƒæñ Field-Level Authorization 
ΓÇ║ Γ£ù Should not allow users to modify other user profiles

    ReferenceError: require is not defined

    [0m [90m 120 |[39m [90m */[39m
     [90m 121 |[39m [36mexport[39m [36mconst[39m generateTestToken 
[33m=[39m (userId[33m,[39m role [33m=[39m [32m'user'[39m) 
[33m=>[39m {
    [31m[1m>[22m[39m[90m 122 |[39m   [36mconst[39m jwt 
[33m=[39m require([32m'jsonwebtoken'[39m)[33m;[39m
     [90m     |[39m               [31m[1m^[22m[39m
     [90m 123 |[39m   [36mconst[39m token [33m=[39m 
jwt[33m.[39msign(
     [90m 124 |[39m     { userId[33m,[39m role[33m,[39m 
email[33m:[39m [32m`test${userId}@example.com`[39m }[33m,[39m
     [90m 125 |[39m     
process[33m.[39menv[33m.[39m[33mJWT_SECRET[39m [33m||[39m 
[32m'test_secret'[39m[33m,[39m[0m

      at generateTestToken (tests/setup.js:122:15)
      at Object.<anonymous> (tests/security.test.js:29:17)

  ΓùÅ ≡ƒöÆ Security & Authorization ΓÇ║ ≡ƒæñ Field-Level Authorization 
ΓÇ║ Γ£ù Should not allow users to delete other user accounts

    ReferenceError: require is not defined

    [0m [90m 120 |[39m [90m */[39m
     [90m 121 |[39m [36mexport[39m [36mconst[39m generateTestToken 
[33m=[39m (userId[33m,[39m role [33m=[39m [32m'user'[39m) 
[33m=>[39m {
    [31m[1m>[22m[39m[90m 122 |[39m   [36mconst[39m jwt 
[33m=[39m require([32m'jsonwebtoken'[39m)[33m;[39m
     [90m     |[39m               [31m[1m^[22m[39m
     [90m 123 |[39m   [36mconst[39m token [33m=[39m 
jwt[33m.[39msign(
     [90m 124 |[39m     { userId[33m,[39m role[33m,[39m 
email[33m:[39m [32m`test${userId}@example.com`[39m }[33m,[39m
     [90m 125 |[39m     
process[33m.[39menv[33m.[39m[33mJWT_SECRET[39m [33m||[39m 
[32m'test_secret'[39m[33m,[39m[0m

      at generateTestToken (tests/setup.js:122:15)
      at Object.<anonymous> (tests/security.test.js:29:17)

  ΓùÅ ≡ƒöÆ Security & Authorization ΓÇ║ ≡ƒæñ Field-Level Authorization 
ΓÇ║ Γ£ù Should not allow users to view other user orders

    ReferenceError: require is not defined

    [0m [90m 120 |[39m [90m */[39m
     [90m 121 |[39m [36mexport[39m [36mconst[39m generateTestToken 
[33m=[39m (userId[33m,[39m role [33m=[39m [32m'user'[39m) 
[33m=>[39m {
    [31m[1m>[22m[39m[90m 122 |[39m   [36mconst[39m jwt 
[33m=[39m require([32m'jsonwebtoken'[39m)[33m;[39m
     [90m     |[39m               [31m[1m^[22m[39m
     [90m 123 |[39m   [36mconst[39m token [33m=[39m 
jwt[33m.[39msign(
     [90m 124 |[39m     { userId[33m,[39m role[33m,[39m 
email[33m:[39m [32m`test${userId}@example.com`[39m }[33m,[39m
     [90m 125 |[39m     
process[33m.[39menv[33m.[39m[33mJWT_SECRET[39m [33m||[39m 
[32m'test_secret'[39m[33m,[39m[0m

      at generateTestToken (tests/setup.js:122:15)
      at Object.<anonymous> (tests/security.test.js:29:17)

  ΓùÅ ≡ƒöÆ Security & Authorization ΓÇ║ ΓÅ▒∩╕Å Rate Limiting ΓÇ║ Γ£ô 
Should enforce rate limiting on login attempts

    ReferenceError: require is not defined

    [0m [90m 120 |[39m [90m */[39m
     [90m 121 |[39m [36mexport[39m [36mconst[39m generateTestToken 
[33m=[39m (userId[33m,[39m role [33m=[39m [32m'user'[39m) 
[33m=>[39m {
    [31m[1m>[22m[39m[90m 122 |[39m   [36mconst[39m jwt 
[33m=[39m require([32m'jsonwebtoken'[39m)[33m;[39m
     [90m     |[39m               [31m[1m^[22m[39m
     [90m 123 |[39m   [36mconst[39m token [33m=[39m 
jwt[33m.[39msign(
     [90m 124 |[39m     { userId[33m,[39m role[33m,[39m 
email[33m:[39m [32m`test${userId}@example.com`[39m }[33m,[39m
     [90m 125 |[39m     
process[33m.[39menv[33m.[39m[33mJWT_SECRET[39m [33m||[39m 
[32m'test_secret'[39m[33m,[39m[0m

      at generateTestToken (tests/setup.js:122:15)
      at Object.<anonymous> (tests/security.test.js:29:17)

  ΓùÅ ≡ƒöÆ Security & Authorization ΓÇ║ ΓÅ▒∩╕Å Rate Limiting ΓÇ║ Γ£ô 
Should have rate limit headers

    ReferenceError: require is not defined

    [0m [90m 120 |[39m [90m */[39m
     [90m 121 |[39m [36mexport[39m [36mconst[39m generateTestToken 
[33m=[39m (userId[33m,[39m role [33m=[39m [32m'user'[39m) 
[33m=>[39m {
    [31m[1m>[22m[39m[90m 122 |[39m   [36mconst[39m jwt 
[33m=[39m require([32m'jsonwebtoken'[39m)[33m;[39m
     [90m     |[39m               [31m[1m^[22m[39m
     [90m 123 |[39m   [36mconst[39m token [33m=[39m 
jwt[33m.[39msign(
     [90m 124 |[39m     { userId[33m,[39m role[33m,[39m 
email[33m:[39m [32m`test${userId}@example.com`[39m }[33m,[39m
     [90m 125 |[39m     
process[33m.[39menv[33m.[39m[33mJWT_SECRET[39m [33m||[39m 
[32m'test_secret'[39m[33m,[39m[0m

      at generateTestToken (tests/setup.js:122:15)
      at Object.<anonymous> (tests/security.test.js:29:17)

  ΓùÅ ≡ƒöÆ Security & Authorization ΓÇ║ ≡ƒ¢í∩╕Å CSRF Prevention ΓÇ║ Γ£ù 
Should reject POST without CSRF token (if required)

    ReferenceError: require is not defined

    [0m [90m 120 |[39m [90m */[39m
     [90m 121 |[39m [36mexport[39m [36mconst[39m generateTestToken 
[33m=[39m (userId[33m,[39m role [33m=[39m [32m'user'[39m) 
[33m=>[39m {
    [31m[1m>[22m[39m[90m 122 |[39m   [36mconst[39m jwt 
[33m=[39m require([32m'jsonwebtoken'[39m)[33m;[39m
     [90m     |[39m               [31m[1m^[22m[39m
     [90m 123 |[39m   [36mconst[39m token [33m=[39m 
jwt[33m.[39msign(
     [90m 124 |[39m     { userId[33m,[39m role[33m,[39m 
email[33m:[39m [32m`test${userId}@example.com`[39m }[33m,[39m
     [90m 125 |[39m     
process[33m.[39menv[33m.[39m[33mJWT_SECRET[39m [33m||[39m 
[32m'test_secret'[39m[33m,[39m[0m

      at generateTestToken (tests/setup.js:122:15)
      at Object.<anonymous> (tests/security.test.js:29:17)

  ΓùÅ ≡ƒöÆ Security & Authorization ΓÇ║ ≡ƒöÉ Sensitive Data Protection 
ΓÇ║ Γ£ù Should not expose password in user response

    ReferenceError: require is not defined

    [0m [90m 120 |[39m [90m */[39m
     [90m 121 |[39m [36mexport[39m [36mconst[39m generateTestToken 
[33m=[39m (userId[33m,[39m role [33m=[39m [32m'user'[39m) 
[33m=>[39m {
    [31m[1m>[22m[39m[90m 122 |[39m   [36mconst[39m jwt 
[33m=[39m require([32m'jsonwebtoken'[39m)[33m;[39m
     [90m     |[39m               [31m[1m^[22m[39m
     [90m 123 |[39m   [36mconst[39m token [33m=[39m 
jwt[33m.[39msign(
     [90m 124 |[39m     { userId[33m,[39m role[33m,[39m 
email[33m:[39m [32m`test${userId}@example.com`[39m }[33m,[39m
     [90m 125 |[39m     
process[33m.[39menv[33m.[39m[33mJWT_SECRET[39m [33m||[39m 
[32m'test_secret'[39m[33m,[39m[0m

      at generateTestToken (tests/setup.js:122:15)
      at Object.<anonymous> (tests/security.test.js:29:17)

  ΓùÅ ≡ƒöÆ Security & Authorization ΓÇ║ ≡ƒöÉ Sensitive Data Protection 
ΓÇ║ Γ£ù Should not expose hashed password in user list

    ReferenceError: require is not defined

    [0m [90m 120 |[39m [90m */[39m
     [90m 121 |[39m [36mexport[39m [36mconst[39m generateTestToken 
[33m=[39m (userId[33m,[39m role [33m=[39m [32m'user'[39m) 
[33m=>[39m {
    [31m[1m>[22m[39m[90m 122 |[39m   [36mconst[39m jwt 
[33m=[39m require([32m'jsonwebtoken'[39m)[33m;[39m
     [90m     |[39m               [31m[1m^[22m[39m
     [90m 123 |[39m   [36mconst[39m token [33m=[39m 
jwt[33m.[39msign(
     [90m 124 |[39m     { userId[33m,[39m role[33m,[39m 
email[33m:[39m [32m`test${userId}@example.com`[39m }[33m,[39m
     [90m 125 |[39m     
process[33m.[39menv[33m.[39m[33mJWT_SECRET[39m [33m||[39m 
[32m'test_secret'[39m[33m,[39m[0m

      at generateTestToken (tests/setup.js:122:15)
      at Object.<anonymous> (tests/security.test.js:29:17)

  ΓùÅ ≡ƒöÆ Security & Authorization ΓÇ║ ≡ƒöÉ Sensitive Data Protection 
ΓÇ║ Γ£ô Should not expose email verification tokens

    ReferenceError: require is not defined

    [0m [90m 120 |[39m [90m */[39m
     [90m 121 |[39m [36mexport[39m [36mconst[39m generateTestToken 
[33m=[39m (userId[33m,[39m role [33m=[39m [32m'user'[39m) 
[33m=>[39m {
    [31m[1m>[22m[39m[90m 122 |[39m   [36mconst[39m jwt 
[33m=[39m require([32m'jsonwebtoken'[39m)[33m;[39m
     [90m     |[39m               [31m[1m^[22m[39m
     [90m 123 |[39m   [36mconst[39m token [33m=[39m 
jwt[33m.[39msign(
     [90m 124 |[39m     { userId[33m,[39m role[33m,[39m 
email[33m:[39m [32m`test${userId}@example.com`[39m }[33m,[39m
     [90m 125 |[39m     
process[33m.[39menv[33m.[39m[33mJWT_SECRET[39m [33m||[39m 
[32m'test_secret'[39m[33m,[39m[0m

      at generateTestToken (tests/setup.js:122:15)
      at Object.<anonymous> (tests/security.test.js:29:17)

  ΓùÅ ≡ƒöÆ Security & Authorization ΓÇ║ ΓÜí Business Logic Authorization 
ΓÇ║ Γ£ù Should not allow user to apply admin-only coupons

    ReferenceError: require is not defined

    [0m [90m 120 |[39m [90m */[39m
     [90m 121 |[39m [36mexport[39m [36mconst[39m generateTestToken 
[33m=[39m (userId[33m,[39m role [33m=[39m [32m'user'[39m) 
[33m=>[39m {
    [31m[1m>[22m[39m[90m 122 |[39m   [36mconst[39m jwt 
[33m=[39m require([32m'jsonwebtoken'[39m)[33m;[39m
     [90m     |[39m               [31m[1m^[22m[39m
     [90m 123 |[39m   [36mconst[39m token [33m=[39m 
jwt[33m.[39msign(
     [90m 124 |[39m     { userId[33m,[39m role[33m,[39m 
email[33m:[39m [32m`test${userId}@example.com`[39m }[33m,[39m
     [90m 125 |[39m     
process[33m.[39menv[33m.[39m[33mJWT_SECRET[39m [33m||[39m 
[32m'test_secret'[39m[33m,[39m[0m

      at generateTestToken (tests/setup.js:122:15)
      at Object.<anonymous> (tests/security.test.js:29:17)

  ΓùÅ ≡ƒöÆ Security & Authorization ΓÇ║ ΓÜí Business Logic Authorization 
ΓÇ║ Γ£ù Should not allow user to bypass payment

    ReferenceError: require is not defined

    [0m [90m 120 |[39m [90m */[39m
     [90m 121 |[39m [36mexport[39m [36mconst[39m generateTestToken 
[33m=[39m (userId[33m,[39m role [33m=[39m [32m'user'[39m) 
[33m=>[39m {
    [31m[1m>[22m[39m[90m 122 |[39m   [36mconst[39m jwt 
[33m=[39m require([32m'jsonwebtoken'[39m)[33m;[39m
     [90m     |[39m               [31m[1m^[22m[39m
     [90m 123 |[39m   [36mconst[39m token [33m=[39m 
jwt[33m.[39msign(
     [90m 124 |[39m     { userId[33m,[39m role[33m,[39m 
email[33m:[39m [32m`test${userId}@example.com`[39m }[33m,[39m
     [90m 125 |[39m     
process[33m.[39menv[33m.[39m[33mJWT_SECRET[39m [33m||[39m 
[32m'test_secret'[39m[33m,[39m[0m

      at generateTestToken (tests/setup.js:122:15)
      at Object.<anonymous> (tests/security.test.js:29:17)

  ΓùÅ ≡ƒöÆ Security & Authorization ΓÇ║ ΓÜí Business Logic Authorization 
ΓÇ║ Γ£ù Should not allow shipping address spoofing

    ReferenceError: require is not defined

    [0m [90m 120 |[39m [90m */[39m
     [90m 121 |[39m [36mexport[39m [36mconst[39m generateTestToken 
[33m=[39m (userId[33m,[39m role [33m=[39m [32m'user'[39m) 
[33m=>[39m {
    [31m[1m>[22m[39m[90m 122 |[39m   [36mconst[39m jwt 
[33m=[39m require([32m'jsonwebtoken'[39m)[33m;[39m
     [90m     |[39m               [31m[1m^[22m[39m
     [90m 123 |[39m   [36mconst[39m token [33m=[39m 
jwt[33m.[39msign(
     [90m 124 |[39m     { userId[33m,[39m role[33m,[39m 
email[33m:[39m [32m`test${userId}@example.com`[39m }[33m,[39m
     [90m 125 |[39m     
process[33m.[39menv[33m.[39m[33mJWT_SECRET[39m [33m||[39m 
[32m'test_secret'[39m[33m,[39m[0m

      at generateTestToken (tests/setup.js:122:15)
      at Object.<anonymous> (tests/security.test.js:29:17)

  ΓùÅ ≡ƒöÆ Security & Authorization ΓÇ║ Γ£à Input Validation ΓÇ║ Γ£ù 
Should reject oversized payloads

    ReferenceError: require is not defined

    [0m [90m 120 |[39m [90m */[39m
     [90m 121 |[39m [36mexport[39m [36mconst[39m generateTestToken 
[33m=[39m (userId[33m,[39m role [33m=[39m [32m'user'[39m) 
[33m=>[39m {
    [31m[1m>[22m[39m[90m 122 |[39m   [36mconst[39m jwt 
[33m=[39m require([32m'jsonwebtoken'[39m)[33m;[39m
     [90m     |[39m               [31m[1m^[22m[39m
     [90m 123 |[39m   [36mconst[39m token [33m=[39m 
jwt[33m.[39msign(
     [90m 124 |[39m     { userId[33m,[39m role[33m,[39m 
email[33m:[39m [32m`test${userId}@example.com`[39m }[33m,[39m
     [90m 125 |[39m     
process[33m.[39menv[33m.[39m[33mJWT_SECRET[39m [33m||[39m 
[32m'test_secret'[39m[33m,[39m[0m

      at generateTestToken (tests/setup.js:122:15)
      at Object.<anonymous> (tests/security.test.js:29:17)

  ΓùÅ ≡ƒöÆ Security & Authorization ΓÇ║ Γ£à Input Validation ΓÇ║ Γ£ù 
Should validate email format

    ReferenceError: require is not defined

    [0m [90m 120 |[39m [90m */[39m
     [90m 121 |[39m [36mexport[39m [36mconst[39m generateTestToken 
[33m=[39m (userId[33m,[39m role [33m=[39m [32m'user'[39m) 
[33m=>[39m {
    [31m[1m>[22m[39m[90m 122 |[39m   [36mconst[39m jwt 
[33m=[39m require([32m'jsonwebtoken'[39m)[33m;[39m
     [90m     |[39m               [31m[1m^[22m[39m
     [90m 123 |[39m   [36mconst[39m token [33m=[39m 
jwt[33m.[39msign(
     [90m 124 |[39m     { userId[33m,[39m role[33m,[39m 
email[33m:[39m [32m`test${userId}@example.com`[39m }[33m,[39m
     [90m 125 |[39m     
process[33m.[39menv[33m.[39m[33mJWT_SECRET[39m [33m||[39m 
[32m'test_secret'[39m[33m,[39m[0m

      at generateTestToken (tests/setup.js:122:15)
      at Object.<anonymous> (tests/security.test.js:29:17)

  ΓùÅ ≡ƒöÆ Security & Authorization ΓÇ║ Γ£à Input Validation ΓÇ║ Γ£ù 
Should reject null/undefined in required fields

    ReferenceError: require is not defined

    [0m [90m 120 |[39m [90m */[39m
     [90m 121 |[39m [36mexport[39m [36mconst[39m generateTestToken 
[33m=[39m (userId[33m,[39m role [33m=[39m [32m'user'[39m) 
[33m=>[39m {
    [31m[1m>[22m[39m[90m 122 |[39m   [36mconst[39m jwt 
[33m=[39m require([32m'jsonwebtoken'[39m)[33m;[39m
     [90m     |[39m               [31m[1m^[22m[39m
     [90m 123 |[39m   [36mconst[39m token [33m=[39m 
jwt[33m.[39msign(
     [90m 124 |[39m     { userId[33m,[39m role[33m,[39m 
email[33m:[39m [32m`test${userId}@example.com`[39m }[33m,[39m
     [90m 125 |[39m     
process[33m.[39menv[33m.[39m[33mJWT_SECRET[39m [33m||[39m 
[32m'test_secret'[39m[33m,[39m[0m

      at generateTestToken (tests/setup.js:122:15)
      at Object.<anonymous> (tests/security.test.js:29:17)

  ΓùÅ ≡ƒöÆ Security & Authorization ΓÇ║ Γ£à Input Validation ΓÇ║ Γ£ù 
Should validate number ranges

    ReferenceError: require is not defined

    [0m [90m 120 |[39m [90m */[39m
     [90m 121 |[39m [36mexport[39m [36mconst[39m generateTestToken 
[33m=[39m (userId[33m,[39m role [33m=[39m [32m'user'[39m) 
[33m=>[39m {
    [31m[1m>[22m[39m[90m 122 |[39m   [36mconst[39m jwt 
[33m=[39m require([32m'jsonwebtoken'[39m)[33m;[39m
     [90m     |[39m               [31m[1m^[22m[39m
     [90m 123 |[39m   [36mconst[39m token [33m=[39m 
jwt[33m.[39msign(
     [90m 124 |[39m     { userId[33m,[39m role[33m,[39m 
email[33m:[39m [32m`test${userId}@example.com`[39m }[33m,[39m
     [90m 125 |[39m     
process[33m.[39menv[33m.[39m[33mJWT_SECRET[39m [33m||[39m 
[32m'test_secret'[39m[33m,[39m[0m

      at generateTestToken (tests/setup.js:122:15)
      at Object.<anonymous> (tests/security.test.js:29:17)

  ΓùÅ ≡ƒöÆ Security & Authorization ΓÇ║ ≡ƒöÉ Session & Token Security ΓÇ║ 
Γ£ô Should invalidate token on logout

    ReferenceError: require is not defined

    [0m [90m 120 |[39m [90m */[39m
     [90m 121 |[39m [36mexport[39m [36mconst[39m generateTestToken 
[33m=[39m (userId[33m,[39m role [33m=[39m [32m'user'[39m) 
[33m=>[39m {
    [31m[1m>[22m[39m[90m 122 |[39m   [36mconst[39m jwt 
[33m=[39m require([32m'jsonwebtoken'[39m)[33m;[39m
     [90m     |[39m               [31m[1m^[22m[39m
     [90m 123 |[39m   [36mconst[39m token [33m=[39m 
jwt[33m.[39msign(
     [90m 124 |[39m     { userId[33m,[39m role[33m,[39m 
email[33m:[39m [32m`test${userId}@example.com`[39m }[33m,[39m
     [90m 125 |[39m     
process[33m.[39menv[33m.[39m[33mJWT_SECRET[39m [33m||[39m 
[32m'test_secret'[39m[33m,[39m[0m

      at generateTestToken (tests/setup.js:122:15)
      at Object.<anonymous> (tests/security.test.js:29:17)

  ΓùÅ ≡ƒöÆ Security & Authorization ΓÇ║ ≡ƒöÉ Session & Token Security ΓÇ║ 
Γ£ô Should require fresh token after sensitive operations

    ReferenceError: require is not defined

    [0m [90m 120 |[39m [90m */[39m
     [90m 121 |[39m [36mexport[39m [36mconst[39m generateTestToken 
[33m=[39m (userId[33m,[39m role [33m=[39m [32m'user'[39m) 
[33m=>[39m {
    [31m[1m>[22m[39m[90m 122 |[39m   [36mconst[39m jwt 
[33m=[39m require([32m'jsonwebtoken'[39m)[33m;[39m
     [90m     |[39m               [31m[1m^[22m[39m
     [90m 123 |[39m   [36mconst[39m token [33m=[39m 
jwt[33m.[39msign(
     [90m 124 |[39m     { userId[33m,[39m role[33m,[39m 
email[33m:[39m [32m`test${userId}@example.com`[39m }[33m,[39m
     [90m 125 |[39m     
process[33m.[39menv[33m.[39m[33mJWT_SECRET[39m [33m||[39m 
[32m'test_secret'[39m[33m,[39m[0m

      at generateTestToken (tests/setup.js:122:15)
      at Object.<anonymous> (tests/security.test.js:29:17)

  ΓùÅ ≡ƒöÆ Security & Authorization ΓÇ║ ≡ƒôï HTTP Security Headers ΓÇ║ 
Γ£ô Should have X-Content-Type-Options header

    ReferenceError: require is not defined

    [0m [90m 120 |[39m [90m */[39m
     [90m 121 |[39m [36mexport[39m [36mconst[39m generateTestToken 
[33m=[39m (userId[33m,[39m role [33m=[39m [32m'user'[39m) 
[33m=>[39m {
    [31m[1m>[22m[39m[90m 122 |[39m   [36mconst[39m jwt 
[33m=[39m require([32m'jsonwebtoken'[39m)[33m;[39m
     [90m     |[39m               [31m[1m^[22m[39m
     [90m 123 |[39m   [36mconst[39m token [33m=[39m 
jwt[33m.[39msign(
     [90m 124 |[39m     { userId[33m,[39m role[33m,[39m 
email[33m:[39m [32m`test${userId}@example.com`[39m }[33m,[39m
     [90m 125 |[39m     
process[33m.[39menv[33m.[39m[33mJWT_SECRET[39m [33m||[39m 
[32m'test_secret'[39m[33m,[39m[0m

      at generateTestToken (tests/setup.js:122:15)
      at Object.<anonymous> (tests/security.test.js:29:17)

  ΓùÅ ≡ƒöÆ Security & Authorization ΓÇ║ ≡ƒôï HTTP Security Headers ΓÇ║ 
Γ£ô Should have X-Frame-Options header

    ReferenceError: require is not defined

    [0m [90m 120 |[39m [90m */[39m
     [90m 121 |[39m [36mexport[39m [36mconst[39m generateTestToken 
[33m=[39m (userId[33m,[39m role [33m=[39m [32m'user'[39m) 
[33m=>[39m {
    [31m[1m>[22m[39m[90m 122 |[39m   [36mconst[39m jwt 
[33m=[39m require([32m'jsonwebtoken'[39m)[33m;[39m
     [90m     |[39m               [31m[1m^[22m[39m
     [90m 123 |[39m   [36mconst[39m token [33m=[39m 
jwt[33m.[39msign(
     [90m 124 |[39m     { userId[33m,[39m role[33m,[39m 
email[33m:[39m [32m`test${userId}@example.com`[39m }[33m,[39m
     [90m 125 |[39m     
process[33m.[39menv[33m.[39m[33mJWT_SECRET[39m [33m||[39m 
[32m'test_secret'[39m[33m,[39m[0m

      at generateTestToken (tests/setup.js:122:15)
      at Object.<anonymous> (tests/security.test.js:29:17)

  ΓùÅ ≡ƒöÆ Security & Authorization ΓÇ║ ≡ƒôï HTTP Security Headers ΓÇ║ 
Γ£ô Should have Strict-Transport-Security (HTTPS)

    ReferenceError: require is not defined

    [0m [90m 120 |[39m [90m */[39m
     [90m 121 |[39m [36mexport[39m [36mconst[39m generateTestToken 
[33m=[39m (userId[33m,[39m role [33m=[39m [32m'user'[39m) 
[33m=>[39m {
    [31m[1m>[22m[39m[90m 122 |[39m   [36mconst[39m jwt 
[33m=[39m require([32m'jsonwebtoken'[39m)[33m;[39m
     [90m     |[39m               [31m[1m^[22m[39m
     [90m 123 |[39m   [36mconst[39m token [33m=[39m 
jwt[33m.[39msign(
     [90m 124 |[39m     { userId[33m,[39m role[33m,[39m 
email[33m:[39m [32m`test${userId}@example.com`[39m }[33m,[39m
     [90m 125 |[39m     
process[33m.[39menv[33m.[39m[33mJWT_SECRET[39m [33m||[39m 
[32m'test_secret'[39m[33m,[39m[0m

      at generateTestToken (tests/setup.js:122:15)
      at Object.<anonymous> (tests/security.test.js:29:17)

  console.log
    [dotenv@17.2.0] injecting env (61) from .env (tip: ΓÜÖ∩╕Å  suppress all logs with { quiet: true })

      at _log (node_modules/dotenv/lib/main.js:136:11)

[32minfo[39m: SMTP Config: {"host":"smtp.gmail.com","pass":"***","port":587,"timestamp":"2026-01-24T06:13:23.082Z","user":"your-email@gmail.com"}
[33mwarn[39m: Redis disabled via REDIS_DISABLED=true; using local handlers. {"timestamp":"2026-01-24T06:13:23.104Z"}
  console.log
    [dotenv@17.2.0] injecting env (0) from .env (tip: ΓÜÖ∩╕Å  enable debug logging with { debug: true })

      at _log (node_modules/dotenv/lib/main.js:136:11)

  console.warn
    ΓÜá∩╕Å  Insecure default values detected (development only):
       JWT_SECRET
       JWT_REFRESH_SECRET
       These are OK for development but MUST be changed for production!

    [0m [90m  97 |[39m   [90m// Log insecure values in development[39m
     [90m  98 |[39m   [36mif[39m (insecure[33m.[39mlength [33m>[39m [35m0[39m [33m&&[39m process[33m.[39menv[33m.[39m[33mNODE_ENV[39m [33m!==[39m [32m'production'[39m) {
    [31m[1m>[22m[39m[90m  99 |[39m     console[33m.[39mwarn(
     [90m     |[39m             [31m[1m^[22m[39m
     [90m 100 |[39m       [32m'ΓÜá∩╕Å  Insecure default values detected (development only):\n'[39m [33m+[39m
     [90m 101 |[39m       [32m`   ${insecure.join('\n   ')}\n`[39m [33m+[39m
     [90m 102 |[39m       [32m'   These are OK for development but MUST be changed for production!'[39m[0m

      at validateEnv (src/config/validation.js:99:13)
      at src/server.js:23:1

  console.info
    Γ£à Environment validation passed

      at validateEnv (src/config/validation.js:106:11)

  console.log
    [dotenv@17.2.0] injecting env (1) from .env.test (tip: ≡ƒ¢á∩╕Å  run anywhere with `dotenvx run -- yourcommand`)

      at _log (node_modules/dotenv/lib/main.js:136:11)

(node:2992) [MONGODB DRIVER] Warning: useNewUrlParser is a deprecated 
option: useNewUrlParser has no effect since Node.js Driver version 4.0.0 
and will be removed in the next major version
(node:2992) [MONGODB DRIVER] Warning: useUnifiedTopology is a deprecated 
option: useUnifiedTopology has no effect since Node.js Driver version 
4.0.0 and will be removed in the next major version
  console.log
    Γ£ô Test database connected

      at connectTestDB (tests/setup.js:33:13)

  console.log
    Γ£ô Database cleared

      at clearDatabase (tests/setup.js:64:13)

  console.log
    Γ£ô Database cleared

      at clearDatabase (tests/setup.js:64:13)

  console.log
    Γ£ô Database cleared

      at clearDatabase (tests/setup.js:64:13)

  console.log
    Γ£ô Database cleared

      at clearDatabase (tests/setup.js:64:13)

  console.log
    Γ£ô Database cleared

      at clearDatabase (tests/setup.js:64:13)

  console.log
    Γ£ô Database cleared

      at clearDatabase (tests/setup.js:64:13)

  console.log
    Γ£ô Database cleared

      at clearDatabase (tests/setup.js:64:13)

  console.log
    Γ£ô Database cleared

      at clearDatabase (tests/setup.js:64:13)

  console.log
    Γ£ô Database cleared

      at clearDatabase (tests/setup.js:64:13)

  console.log
    Γ£ô Database cleared

      at clearDatabase (tests/setup.js:64:13)

  console.log
    Γ£ô Database cleared

      at clearDatabase (tests/setup.js:64:13)

  console.log
    Γ£ô Database cleared

      at clearDatabase (tests/setup.js:64:13)

  console.log
    Γ£ô Database cleared

      at clearDatabase (tests/setup.js:64:13)

  console.log
    Γ£ô Database cleared

      at clearDatabase (tests/setup.js:64:13)

  console.log
    Γ£ô Database cleared

      at clearDatabase (tests/setup.js:64:13)

  console.log
    Γ£ô Database cleared

      at clearDatabase (tests/setup.js:64:13)

  console.log
    Γ£ô Database cleared

      at clearDatabase (tests/setup.js:64:13)

  console.log
    Γ£ô Database cleared

      at clearDatabase (tests/setup.js:64:13)

  console.log
    Γ£ô Database cleared

      at clearDatabase (tests/setup.js:64:13)

  console.log
    Γ£ô Database cleared

      at clearDatabase (tests/setup.js:64:13)

  console.log
    Γ£ô Test database disconnected

      at disconnectTestDB (tests/setup.js:46:13)

FAIL aqherbal-backend-tests tests/admin.test.js (9.498 s, 242 MB heap 
size)
  ≡ƒæ¿ΓÇì≡ƒÆ╝ Admin Dashboard & Management
    GET /api/v1/admin/dashboard
      ├ù Γ£ô Should return dashboard stats (2000 ms)
      ├ù Γ£ô Should have sales breakdown (128 ms)
      ├ù Γ£ô Should count pending products (133 ms)
      ├ù Γ£ù Should not allow regular users to access (123 ms)
      ├ù Γ£ù Should require authentication (124 ms)
    GET /api/v1/admin/users
      ├ù Γ£ô Should list users (124 ms)
      ├ù Γ£ô Should have pagination (134 ms)
      ├ù Γ£ô Should search users by email (127 ms)
      ├ù Γ£ô Should filter by role (280 ms)
    GET /api/v1/admin/users/:id
      ├ù Γ£ô Should get user details with order history (335 ms)
    GET /api/v1/admin/products/pending
      ├ù Γ£ô Should list pending products (743 ms)
    PUT /api/v1/admin/products/:id/approve
      ├ù Γ£ô Should approve product (412 ms)
      ├ù Γ£ô Should reject product with reason (215 ms)
      ├ù Γ£ù Should not allow regular users (326 ms)
    GET /api/v1/admin/orders
      ├ù Γ£ô Should list all orders (217 ms)
      ├ù Γ£ô Should filter by status (169 ms)
    GET /api/v1/admin/analytics
      ├ù Γ£ô Should return sales analytics (107 ms)
      ├ù Γ£ô Should accept date range filter (98 ms)
    GET /api/v1/admin/logs
      ├ù Γ£ô Should return admin action logs (92 ms)
      ├ù Γ£ô Should filter by action type (87 ms)

  ΓùÅ ≡ƒæ¿ΓÇì≡ƒÆ╝ Admin Dashboard & Management ΓÇ║ GET 
/api/v1/admin/dashboard ΓÇ║ Γ£ô Should return dashboard stats

    ReferenceError: require is not defined

    [0m [90m 120 |[39m [90m */[39m
     [90m 121 |[39m [36mexport[39m [36mconst[39m generateTestToken 
[33m=[39m (userId[33m,[39m role [33m=[39m [32m'user'[39m) 
[33m=>[39m {
    [31m[1m>[22m[39m[90m 122 |[39m   [36mconst[39m jwt 
[33m=[39m require([32m'jsonwebtoken'[39m)[33m;[39m
     [90m     |[39m               [31m[1m^[22m[39m
     [90m 123 |[39m   [36mconst[39m token [33m=[39m 
jwt[33m.[39msign(
     [90m 124 |[39m     { userId[33m,[39m role[33m,[39m 
email[33m:[39m [32m`test${userId}@example.com`[39m }[33m,[39m
     [90m 125 |[39m     
process[33m.[39menv[33m.[39m[33mJWT_SECRET[39m [33m||[39m 
[32m'test_secret'[39m[33m,[39m[0m

      at generateTestToken (tests/setup.js:122:15)
      at Object.<anonymous> (tests/admin.test.js:33:18)

  ΓùÅ ≡ƒæ¿ΓÇì≡ƒÆ╝ Admin Dashboard & Management ΓÇ║ GET 
/api/v1/admin/dashboard ΓÇ║ Γ£ô Should have sales breakdown

    ReferenceError: require is not defined

    [0m [90m 120 |[39m [90m */[39m
     [90m 121 |[39m [36mexport[39m [36mconst[39m generateTestToken 
[33m=[39m (userId[33m,[39m role [33m=[39m [32m'user'[39m) 
[33m=>[39m {
    [31m[1m>[22m[39m[90m 122 |[39m   [36mconst[39m jwt 
[33m=[39m require([32m'jsonwebtoken'[39m)[33m;[39m
     [90m     |[39m               [31m[1m^[22m[39m
     [90m 123 |[39m   [36mconst[39m token [33m=[39m 
jwt[33m.[39msign(
     [90m 124 |[39m     { userId[33m,[39m role[33m,[39m 
email[33m:[39m [32m`test${userId}@example.com`[39m }[33m,[39m
     [90m 125 |[39m     
process[33m.[39menv[33m.[39m[33mJWT_SECRET[39m [33m||[39m 
[32m'test_secret'[39m[33m,[39m[0m

      at generateTestToken (tests/setup.js:122:15)
      at Object.<anonymous> (tests/admin.test.js:33:18)

  ΓùÅ ≡ƒæ¿ΓÇì≡ƒÆ╝ Admin Dashboard & Management ΓÇ║ GET 
/api/v1/admin/dashboard ΓÇ║ Γ£ô Should count pending products

    ReferenceError: require is not defined

    [0m [90m 120 |[39m [90m */[39m
     [90m 121 |[39m [36mexport[39m [36mconst[39m generateTestToken 
[33m=[39m (userId[33m,[39m role [33m=[39m [32m'user'[39m) 
[33m=>[39m {
    [31m[1m>[22m[39m[90m 122 |[39m   [36mconst[39m jwt 
[33m=[39m require([32m'jsonwebtoken'[39m)[33m;[39m
     [90m     |[39m               [31m[1m^[22m[39m
     [90m 123 |[39m   [36mconst[39m token [33m=[39m 
jwt[33m.[39msign(
     [90m 124 |[39m     { userId[33m,[39m role[33m,[39m 
email[33m:[39m [32m`test${userId}@example.com`[39m }[33m,[39m
     [90m 125 |[39m     
process[33m.[39menv[33m.[39m[33mJWT_SECRET[39m [33m||[39m 
[32m'test_secret'[39m[33m,[39m[0m

      at generateTestToken (tests/setup.js:122:15)
      at Object.<anonymous> (tests/admin.test.js:33:18)

  ΓùÅ ≡ƒæ¿ΓÇì≡ƒÆ╝ Admin Dashboard & Management ΓÇ║ GET 
/api/v1/admin/dashboard ΓÇ║ Γ£ù Should not allow regular users to access

    ReferenceError: require is not defined

    [0m [90m 120 |[39m [90m */[39m
     [90m 121 |[39m [36mexport[39m [36mconst[39m generateTestToken 
[33m=[39m (userId[33m,[39m role [33m=[39m [32m'user'[39m) 
[33m=>[39m {
    [31m[1m>[22m[39m[90m 122 |[39m   [36mconst[39m jwt 
[33m=[39m require([32m'jsonwebtoken'[39m)[33m;[39m
     [90m     |[39m               [31m[1m^[22m[39m
     [90m 123 |[39m   [36mconst[39m token [33m=[39m 
jwt[33m.[39msign(
     [90m 124 |[39m     { userId[33m,[39m role[33m,[39m 
email[33m:[39m [32m`test${userId}@example.com`[39m }[33m,[39m
     [90m 125 |[39m     
process[33m.[39menv[33m.[39m[33mJWT_SECRET[39m [33m||[39m 
[32m'test_secret'[39m[33m,[39m[0m

      at generateTestToken (tests/setup.js:122:15)
      at Object.<anonymous> (tests/admin.test.js:33:18)

  ΓùÅ ≡ƒæ¿ΓÇì≡ƒÆ╝ Admin Dashboard & Management ΓÇ║ GET 
/api/v1/admin/dashboard ΓÇ║ Γ£ù Should require authentication

    ReferenceError: require is not defined

    [0m [90m 120 |[39m [90m */[39m
     [90m 121 |[39m [36mexport[39m [36mconst[39m generateTestToken 
[33m=[39m (userId[33m,[39m role [33m=[39m [32m'user'[39m) 
[33m=>[39m {
    [31m[1m>[22m[39m[90m 122 |[39m   [36mconst[39m jwt 
[33m=[39m require([32m'jsonwebtoken'[39m)[33m;[39m
     [90m     |[39m               [31m[1m^[22m[39m
     [90m 123 |[39m   [36mconst[39m token [33m=[39m 
jwt[33m.[39msign(
     [90m 124 |[39m     { userId[33m,[39m role[33m,[39m 
email[33m:[39m [32m`test${userId}@example.com`[39m }[33m,[39m
     [90m 125 |[39m     
process[33m.[39menv[33m.[39m[33mJWT_SECRET[39m [33m||[39m 
[32m'test_secret'[39m[33m,[39m[0m

      at generateTestToken (tests/setup.js:122:15)
      at Object.<anonymous> (tests/admin.test.js:33:18)

  ΓùÅ ≡ƒæ¿ΓÇì≡ƒÆ╝ Admin Dashboard & Management ΓÇ║ GET 
/api/v1/admin/users ΓÇ║ Γ£ô Should list users

    ReferenceError: require is not defined

    [0m [90m 120 |[39m [90m */[39m
     [90m 121 |[39m [36mexport[39m [36mconst[39m generateTestToken 
[33m=[39m (userId[33m,[39m role [33m=[39m [32m'user'[39m) 
[33m=>[39m {
    [31m[1m>[22m[39m[90m 122 |[39m   [36mconst[39m jwt 
[33m=[39m require([32m'jsonwebtoken'[39m)[33m;[39m
     [90m     |[39m               [31m[1m^[22m[39m
     [90m 123 |[39m   [36mconst[39m token [33m=[39m 
jwt[33m.[39msign(
     [90m 124 |[39m     { userId[33m,[39m role[33m,[39m 
email[33m:[39m [32m`test${userId}@example.com`[39m }[33m,[39m
     [90m 125 |[39m     
process[33m.[39menv[33m.[39m[33mJWT_SECRET[39m [33m||[39m 
[32m'test_secret'[39m[33m,[39m[0m

      at generateTestToken (tests/setup.js:122:15)
      at Object.<anonymous> (tests/admin.test.js:33:18)

  ΓùÅ ≡ƒæ¿ΓÇì≡ƒÆ╝ Admin Dashboard & Management ΓÇ║ GET 
/api/v1/admin/users ΓÇ║ Γ£ô Should have pagination

    ReferenceError: require is not defined

    [0m [90m 120 |[39m [90m */[39m
     [90m 121 |[39m [36mexport[39m [36mconst[39m generateTestToken 
[33m=[39m (userId[33m,[39m role [33m=[39m [32m'user'[39m) 
[33m=>[39m {
    [31m[1m>[22m[39m[90m 122 |[39m   [36mconst[39m jwt 
[33m=[39m require([32m'jsonwebtoken'[39m)[33m;[39m
     [90m     |[39m               [31m[1m^[22m[39m
     [90m 123 |[39m   [36mconst[39m token [33m=[39m 
jwt[33m.[39msign(
     [90m 124 |[39m     { userId[33m,[39m role[33m,[39m 
email[33m:[39m [32m`test${userId}@example.com`[39m }[33m,[39m
     [90m 125 |[39m     
process[33m.[39menv[33m.[39m[33mJWT_SECRET[39m [33m||[39m 
[32m'test_secret'[39m[33m,[39m[0m

      at generateTestToken (tests/setup.js:122:15)
      at Object.<anonymous> (tests/admin.test.js:33:18)

  ΓùÅ ≡ƒæ¿ΓÇì≡ƒÆ╝ Admin Dashboard & Management ΓÇ║ GET 
/api/v1/admin/users ΓÇ║ Γ£ô Should search users by email

    ReferenceError: require is not defined

    [0m [90m 120 |[39m [90m */[39m
     [90m 121 |[39m [36mexport[39m [36mconst[39m generateTestToken 
[33m=[39m (userId[33m,[39m role [33m=[39m [32m'user'[39m) 
[33m=>[39m {
    [31m[1m>[22m[39m[90m 122 |[39m   [36mconst[39m jwt 
[33m=[39m require([32m'jsonwebtoken'[39m)[33m;[39m
     [90m     |[39m               [31m[1m^[22m[39m
     [90m 123 |[39m   [36mconst[39m token [33m=[39m 
jwt[33m.[39msign(
     [90m 124 |[39m     { userId[33m,[39m role[33m,[39m 
email[33m:[39m [32m`test${userId}@example.com`[39m }[33m,[39m
     [90m 125 |[39m     
process[33m.[39menv[33m.[39m[33mJWT_SECRET[39m [33m||[39m 
[32m'test_secret'[39m[33m,[39m[0m

      at generateTestToken (tests/setup.js:122:15)
      at Object.<anonymous> (tests/admin.test.js:33:18)

  ΓùÅ ≡ƒæ¿ΓÇì≡ƒÆ╝ Admin Dashboard & Management ΓÇ║ GET 
/api/v1/admin/users ΓÇ║ Γ£ô Should filter by role

    ReferenceError: require is not defined

    [0m [90m 120 |[39m [90m */[39m
     [90m 121 |[39m [36mexport[39m [36mconst[39m generateTestToken 
[33m=[39m (userId[33m,[39m role [33m=[39m [32m'user'[39m) 
[33m=>[39m {
    [31m[1m>[22m[39m[90m 122 |[39m   [36mconst[39m jwt 
[33m=[39m require([32m'jsonwebtoken'[39m)[33m;[39m
     [90m     |[39m               [31m[1m^[22m[39m
     [90m 123 |[39m   [36mconst[39m token [33m=[39m 
jwt[33m.[39msign(
     [90m 124 |[39m     { userId[33m,[39m role[33m,[39m 
email[33m:[39m [32m`test${userId}@example.com`[39m }[33m,[39m
     [90m 125 |[39m     
process[33m.[39menv[33m.[39m[33mJWT_SECRET[39m [33m||[39m 
[32m'test_secret'[39m[33m,[39m[0m

      at generateTestToken (tests/setup.js:122:15)
      at Object.<anonymous> (tests/admin.test.js:33:18)

  ΓùÅ ≡ƒæ¿ΓÇì≡ƒÆ╝ Admin Dashboard & Management ΓÇ║ GET 
/api/v1/admin/users/:id ΓÇ║ Γ£ô Should get user details with order history

    ReferenceError: require is not defined

    [0m [90m 120 |[39m [90m */[39m
     [90m 121 |[39m [36mexport[39m [36mconst[39m generateTestToken 
[33m=[39m (userId[33m,[39m role [33m=[39m [32m'user'[39m) 
[33m=>[39m {
    [31m[1m>[22m[39m[90m 122 |[39m   [36mconst[39m jwt 
[33m=[39m require([32m'jsonwebtoken'[39m)[33m;[39m
     [90m     |[39m               [31m[1m^[22m[39m
     [90m 123 |[39m   [36mconst[39m token [33m=[39m 
jwt[33m.[39msign(
     [90m 124 |[39m     { userId[33m,[39m role[33m,[39m 
email[33m:[39m [32m`test${userId}@example.com`[39m }[33m,[39m
     [90m 125 |[39m     
process[33m.[39menv[33m.[39m[33mJWT_SECRET[39m [33m||[39m 
[32m'test_secret'[39m[33m,[39m[0m

      at generateTestToken (tests/setup.js:122:15)
      at Object.<anonymous> (tests/admin.test.js:33:18)

  ΓùÅ ≡ƒæ¿ΓÇì≡ƒÆ╝ Admin Dashboard & Management ΓÇ║ GET 
/api/v1/admin/products/pending ΓÇ║ Γ£ô Should list pending products

    ReferenceError: require is not defined

    [0m [90m 120 |[39m [90m */[39m
     [90m 121 |[39m [36mexport[39m [36mconst[39m generateTestToken 
[33m=[39m (userId[33m,[39m role [33m=[39m [32m'user'[39m) 
[33m=>[39m {
    [31m[1m>[22m[39m[90m 122 |[39m   [36mconst[39m jwt 
[33m=[39m require([32m'jsonwebtoken'[39m)[33m;[39m
     [90m     |[39m               [31m[1m^[22m[39m
     [90m 123 |[39m   [36mconst[39m token [33m=[39m 
jwt[33m.[39msign(
     [90m 124 |[39m     { userId[33m,[39m role[33m,[39m 
email[33m:[39m [32m`test${userId}@example.com`[39m }[33m,[39m
     [90m 125 |[39m     
process[33m.[39menv[33m.[39m[33mJWT_SECRET[39m [33m||[39m 
[32m'test_secret'[39m[33m,[39m[0m

      at generateTestToken (tests/setup.js:122:15)
      at Object.<anonymous> (tests/admin.test.js:33:18)

  ΓùÅ ≡ƒæ¿ΓÇì≡ƒÆ╝ Admin Dashboard & Management ΓÇ║ PUT 
/api/v1/admin/products/:id/approve ΓÇ║ Γ£ô Should approve product

    ReferenceError: require is not defined

    [0m [90m 120 |[39m [90m */[39m
     [90m 121 |[39m [36mexport[39m [36mconst[39m generateTestToken 
[33m=[39m (userId[33m,[39m role [33m=[39m [32m'user'[39m) 
[33m=>[39m {
    [31m[1m>[22m[39m[90m 122 |[39m   [36mconst[39m jwt 
[33m=[39m require([32m'jsonwebtoken'[39m)[33m;[39m
     [90m     |[39m               [31m[1m^[22m[39m
     [90m 123 |[39m   [36mconst[39m token [33m=[39m 
jwt[33m.[39msign(
     [90m 124 |[39m     { userId[33m,[39m role[33m,[39m 
email[33m:[39m [32m`test${userId}@example.com`[39m }[33m,[39m
     [90m 125 |[39m     
process[33m.[39menv[33m.[39m[33mJWT_SECRET[39m [33m||[39m 
[32m'test_secret'[39m[33m,[39m[0m

      at generateTestToken (tests/setup.js:122:15)
      at Object.<anonymous> (tests/admin.test.js:33:18)

  ΓùÅ ≡ƒæ¿ΓÇì≡ƒÆ╝ Admin Dashboard & Management ΓÇ║ PUT 
/api/v1/admin/products/:id/approve ΓÇ║ Γ£ô Should reject product with 
reason

    ReferenceError: require is not defined

    [0m [90m 120 |[39m [90m */[39m
     [90m 121 |[39m [36mexport[39m [36mconst[39m generateTestToken 
[33m=[39m (userId[33m,[39m role [33m=[39m [32m'user'[39m) 
[33m=>[39m {
    [31m[1m>[22m[39m[90m 122 |[39m   [36mconst[39m jwt 
[33m=[39m require([32m'jsonwebtoken'[39m)[33m;[39m
     [90m     |[39m               [31m[1m^[22m[39m
     [90m 123 |[39m   [36mconst[39m token [33m=[39m 
jwt[33m.[39msign(
     [90m 124 |[39m     { userId[33m,[39m role[33m,[39m 
email[33m:[39m [32m`test${userId}@example.com`[39m }[33m,[39m
     [90m 125 |[39m     
process[33m.[39menv[33m.[39m[33mJWT_SECRET[39m [33m||[39m 
[32m'test_secret'[39m[33m,[39m[0m

      at generateTestToken (tests/setup.js:122:15)
      at Object.<anonymous> (tests/admin.test.js:33:18)

  ΓùÅ ≡ƒæ¿ΓÇì≡ƒÆ╝ Admin Dashboard & Management ΓÇ║ PUT 
/api/v1/admin/products/:id/approve ΓÇ║ Γ£ù Should not allow regular users

    ReferenceError: require is not defined

    [0m [90m 120 |[39m [90m */[39m
     [90m 121 |[39m [36mexport[39m [36mconst[39m generateTestToken 
[33m=[39m (userId[33m,[39m role [33m=[39m [32m'user'[39m) 
[33m=>[39m {
    [31m[1m>[22m[39m[90m 122 |[39m   [36mconst[39m jwt 
[33m=[39m require([32m'jsonwebtoken'[39m)[33m;[39m
     [90m     |[39m               [31m[1m^[22m[39m
     [90m 123 |[39m   [36mconst[39m token [33m=[39m 
jwt[33m.[39msign(
     [90m 124 |[39m     { userId[33m,[39m role[33m,[39m 
email[33m:[39m [32m`test${userId}@example.com`[39m }[33m,[39m
     [90m 125 |[39m     
process[33m.[39menv[33m.[39m[33mJWT_SECRET[39m [33m||[39m 
[32m'test_secret'[39m[33m,[39m[0m

      at generateTestToken (tests/setup.js:122:15)
      at Object.<anonymous> (tests/admin.test.js:33:18)

  ΓùÅ ≡ƒæ¿ΓÇì≡ƒÆ╝ Admin Dashboard & Management ΓÇ║ GET 
/api/v1/admin/orders ΓÇ║ Γ£ô Should list all orders

    ReferenceError: require is not defined

    [0m [90m 120 |[39m [90m */[39m
     [90m 121 |[39m [36mexport[39m [36mconst[39m generateTestToken 
[33m=[39m (userId[33m,[39m role [33m=[39m [32m'user'[39m) 
[33m=>[39m {
    [31m[1m>[22m[39m[90m 122 |[39m   [36mconst[39m jwt 
[33m=[39m require([32m'jsonwebtoken'[39m)[33m;[39m
     [90m     |[39m               [31m[1m^[22m[39m
     [90m 123 |[39m   [36mconst[39m token [33m=[39m 
jwt[33m.[39msign(
     [90m 124 |[39m     { userId[33m,[39m role[33m,[39m 
email[33m:[39m [32m`test${userId}@example.com`[39m }[33m,[39m
     [90m 125 |[39m     
process[33m.[39menv[33m.[39m[33mJWT_SECRET[39m [33m||[39m 
[32m'test_secret'[39m[33m,[39m[0m

      at generateTestToken (tests/setup.js:122:15)
      at Object.<anonymous> (tests/admin.test.js:33:18)

  ΓùÅ ≡ƒæ¿ΓÇì≡ƒÆ╝ Admin Dashboard & Management ΓÇ║ GET 
/api/v1/admin/orders ΓÇ║ Γ£ô Should filter by status

    ReferenceError: require is not defined

    [0m [90m 120 |[39m [90m */[39m
     [90m 121 |[39m [36mexport[39m [36mconst[39m generateTestToken 
[33m=[39m (userId[33m,[39m role [33m=[39m [32m'user'[39m) 
[33m=>[39m {
    [31m[1m>[22m[39m[90m 122 |[39m   [36mconst[39m jwt 
[33m=[39m require([32m'jsonwebtoken'[39m)[33m;[39m
     [90m     |[39m               [31m[1m^[22m[39m
     [90m 123 |[39m   [36mconst[39m token [33m=[39m 
jwt[33m.[39msign(
     [90m 124 |[39m     { userId[33m,[39m role[33m,[39m 
email[33m:[39m [32m`test${userId}@example.com`[39m }[33m,[39m
     [90m 125 |[39m     
process[33m.[39menv[33m.[39m[33mJWT_SECRET[39m [33m||[39m 
[32m'test_secret'[39m[33m,[39m[0m

      at generateTestToken (tests/setup.js:122:15)
      at Object.<anonymous> (tests/admin.test.js:33:18)

  ΓùÅ ≡ƒæ¿ΓÇì≡ƒÆ╝ Admin Dashboard & Management ΓÇ║ GET 
/api/v1/admin/analytics ΓÇ║ Γ£ô Should return sales analytics

    ReferenceError: require is not defined

    [0m [90m 120 |[39m [90m */[39m
     [90m 121 |[39m [36mexport[39m [36mconst[39m generateTestToken 
[33m=[39m (userId[33m,[39m role [33m=[39m [32m'user'[39m) 
[33m=>[39m {
    [31m[1m>[22m[39m[90m 122 |[39m   [36mconst[39m jwt 
[33m=[39m require([32m'jsonwebtoken'[39m)[33m;[39m
     [90m     |[39m               [31m[1m^[22m[39m
     [90m 123 |[39m   [36mconst[39m token [33m=[39m 
jwt[33m.[39msign(
     [90m 124 |[39m     { userId[33m,[39m role[33m,[39m 
email[33m:[39m [32m`test${userId}@example.com`[39m }[33m,[39m
     [90m 125 |[39m     
process[33m.[39menv[33m.[39m[33mJWT_SECRET[39m [33m||[39m 
[32m'test_secret'[39m[33m,[39m[0m

      at generateTestToken (tests/setup.js:122:15)
      at Object.<anonymous> (tests/admin.test.js:33:18)

  ΓùÅ ≡ƒæ¿ΓÇì≡ƒÆ╝ Admin Dashboard & Management ΓÇ║ GET 
/api/v1/admin/analytics ΓÇ║ Γ£ô Should accept date range filter

    ReferenceError: require is not defined

    [0m [90m 120 |[39m [90m */[39m
     [90m 121 |[39m [36mexport[39m [36mconst[39m generateTestToken 
[33m=[39m (userId[33m,[39m role [33m=[39m [32m'user'[39m) 
[33m=>[39m {
    [31m[1m>[22m[39m[90m 122 |[39m   [36mconst[39m jwt 
[33m=[39m require([32m'jsonwebtoken'[39m)[33m;[39m
     [90m     |[39m               [31m[1m^[22m[39m
     [90m 123 |[39m   [36mconst[39m token [33m=[39m 
jwt[33m.[39msign(
     [90m 124 |[39m     { userId[33m,[39m role[33m,[39m 
email[33m:[39m [32m`test${userId}@example.com`[39m }[33m,[39m
     [90m 125 |[39m     
process[33m.[39menv[33m.[39m[33mJWT_SECRET[39m [33m||[39m 
[32m'test_secret'[39m[33m,[39m[0m

      at generateTestToken (tests/setup.js:122:15)
      at Object.<anonymous> (tests/admin.test.js:33:18)

  ΓùÅ ≡ƒæ¿ΓÇì≡ƒÆ╝ Admin Dashboard & Management ΓÇ║ GET /api/v1/admin/logs 
ΓÇ║ Γ£ô Should return admin action logs

    ReferenceError: require is not defined

    [0m [90m 120 |[39m [90m */[39m
     [90m 121 |[39m [36mexport[39m [36mconst[39m generateTestToken 
[33m=[39m (userId[33m,[39m role [33m=[39m [32m'user'[39m) 
[33m=>[39m {
    [31m[1m>[22m[39m[90m 122 |[39m   [36mconst[39m jwt 
[33m=[39m require([32m'jsonwebtoken'[39m)[33m;[39m
     [90m     |[39m               [31m[1m^[22m[39m
     [90m 123 |[39m   [36mconst[39m token [33m=[39m 
jwt[33m.[39msign(
     [90m 124 |[39m     { userId[33m,[39m role[33m,[39m 
email[33m:[39m [32m`test${userId}@example.com`[39m }[33m,[39m
     [90m 125 |[39m     
process[33m.[39menv[33m.[39m[33mJWT_SECRET[39m [33m||[39m 
[32m'test_secret'[39m[33m,[39m[0m

      at generateTestToken (tests/setup.js:122:15)
      at Object.<anonymous> (tests/admin.test.js:33:18)

  ΓùÅ ≡ƒæ¿ΓÇì≡ƒÆ╝ Admin Dashboard & Management ΓÇ║ GET /api/v1/admin/logs 
ΓÇ║ Γ£ô Should filter by action type

    ReferenceError: require is not defined

    [0m [90m 120 |[39m [90m */[39m
     [90m 121 |[39m [36mexport[39m [36mconst[39m generateTestToken 
[33m=[39m (userId[33m,[39m role [33m=[39m [32m'user'[39m) 
[33m=>[39m {
    [31m[1m>[22m[39m[90m 122 |[39m   [36mconst[39m jwt 
[33m=[39m require([32m'jsonwebtoken'[39m)[33m;[39m
     [90m     |[39m               [31m[1m^[22m[39m
     [90m 123 |[39m   [36mconst[39m token [33m=[39m 
jwt[33m.[39msign(
     [90m 124 |[39m     { userId[33m,[39m role[33m,[39m 
email[33m:[39m [32m`test${userId}@example.com`[39m }[33m,[39m
     [90m 125 |[39m     
process[33m.[39menv[33m.[39m[33mJWT_SECRET[39m [33m||[39m 
[32m'test_secret'[39m[33m,[39m[0m

      at generateTestToken (tests/setup.js:122:15)
      at Object.<anonymous> (tests/admin.test.js:33:18)

  console.log
    [dotenv@17.2.0] injecting env (61) from .env (tip: ≡ƒöÉ encrypt with dotenvx: https://dotenvx.com)

      at _log (node_modules/dotenv/lib/main.js:136:11)

[32minfo[39m: SMTP Config: {"host":"smtp.gmail.com","pass":"***","port":587,"timestamp":"2026-01-24T06:13:33.537Z","user":"your-email@gmail.com"}
[33mwarn[39m: Redis disabled via REDIS_DISABLED=true; using local handlers. {"timestamp":"2026-01-24T06:13:33.573Z"}
  console.log
    [dotenv@17.2.0] injecting env (0) from .env (tip: ≡ƒ¢á∩╕Å  run anywhere with `dotenvx run -- yourcommand`)

      at _log (node_modules/dotenv/lib/main.js:136:11)

  console.warn
    ΓÜá∩╕Å  Insecure default values detected (development only):
       JWT_SECRET
       JWT_REFRESH_SECRET
       These are OK for development but MUST be changed for production!

    [0m [90m  97 |[39m   [90m// Log insecure values in development[39m
     [90m  98 |[39m   [36mif[39m (insecure[33m.[39mlength [33m>[39m [35m0[39m [33m&&[39m process[33m.[39menv[33m.[39m[33mNODE_ENV[39m [33m!==[39m [32m'production'[39m) {
    [31m[1m>[22m[39m[90m  99 |[39m     console[33m.[39mwarn(
     [90m     |[39m             [31m[1m^[22m[39m
     [90m 100 |[39m       [32m'ΓÜá∩╕Å  Insecure default values detected (development only):\n'[39m [33m+[39m
     [90m 101 |[39m       [32m`   ${insecure.join('\n   ')}\n`[39m [33m+[39m
     [90m 102 |[39m       [32m'   These are OK for development but MUST be changed for production!'[39m[0m

      at validateEnv (src/config/validation.js:99:13)
      at src/server.js:23:1

  console.info
    Γ£à Environment validation passed

      at validateEnv (src/config/validation.js:106:11)

  console.log
    [dotenv@17.2.0] injecting env (1) from .env.test (tip: ≡ƒöÉ prevent committing .env to code: https://dotenvx.com/precommit)

      at _log (node_modules/dotenv/lib/main.js:136:11)

(node:2992) [MONGODB DRIVER] Warning: useNewUrlParser is a deprecated 
option: useNewUrlParser has no effect since Node.js Driver version 4.0.0 
and will be removed in the next major version
(node:2992) [MONGODB DRIVER] Warning: useUnifiedTopology is a deprecated 
option: useUnifiedTopology has no effect since Node.js Driver version 
4.0.0 and will be removed in the next major version
  console.log
    Γ£ô Test database connected

      at connectTestDB (tests/setup.js:33:13)

  console.log
    Γ£ô Database cleared

      at clearDatabase (tests/setup.js:64:13)

  console.log
    Γ£ô Database cleared

      at clearDatabase (tests/setup.js:64:13)

  console.log
    Γ£ô Database cleared

      at clearDatabase (tests/setup.js:64:13)

  console.log
    Γ£ô Database cleared

      at clearDatabase (tests/setup.js:64:13)

  console.log
    Γ£ô Database cleared

      at clearDatabase (tests/setup.js:64:13)

  console.log
    Γ£ô Database cleared

      at clearDatabase (tests/setup.js:64:13)

  console.log
    Γ£ô Database cleared

      at clearDatabase (tests/setup.js:64:13)

  console.log
    Γ£ô Database cleared

      at clearDatabase (tests/setup.js:64:13)

  console.log
    Γ£ô Database cleared

      at clearDatabase (tests/setup.js:64:13)

  console.log
    Γ£ô Database cleared

      at clearDatabase (tests/setup.js:64:13)

  console.log
    Γ£ô Database cleared

      at clearDatabase (tests/setup.js:64:13)

  console.log
    Γ£ô Database cleared

      at clearDatabase (tests/setup.js:64:13)

  console.log
    Γ£ô Database cleared

      at clearDatabase (tests/setup.js:64:13)

  console.log
    Γ£ô Database cleared

      at clearDatabase (tests/setup.js:64:13)

  console.log
    Γ£ô Database cleared

      at clearDatabase (tests/setup.js:64:13)

  console.log
    Γ£ô Test database disconnected

      at disconnectTestDB (tests/setup.js:46:13)

FAIL aqherbal-backend-tests tests/cart.test.js (6.824 s, 281 MB heap size)
  ≡ƒ¢Æ Shopping Cart
    GET /api/v1/cart
      ├ù Γ£ô Should get empty cart for new user (759 ms)
      ├ù Γ£ô Should get cart with items (109 ms)
      ├ù Γ£ù Should require authentication (97 ms)
    POST /api/v1/cart/add
      ├ù Γ£ô Should add product to cart (96 ms)
      ├ù Γ£ô Should increase quantity for duplicate product (97 ms)
      ├ù Γ£ù Should fail with invalid quantity (230 ms)
      ├ù Γ£ù Should fail with out-of-stock quantity (208 ms)
      ├ù Γ£ù Should fail with non-existent product (126 ms)
      ├ù Γ£ù Should fail with inactive product (89 ms)
    PUT /api/v1/cart/update
      ├ù Γ£ô Should update item quantity (135 ms)
      ├ù Γ£ù Should fail with invalid quantity (128 ms)
      ├ù Γ£ù Should fail with quantity exceeding stock (89 ms)
    DELETE /api/v1/cart/remove/:productId
      ├ù Γ£ô Should remove product from cart (164 ms)
      ├ù Γ£ù Should fail with non-existent item (228 ms)
    DELETE /api/v1/cart/clear
      ├ù Γ£ô Should clear entire cart (162 ms)

  ΓùÅ ≡ƒ¢Æ Shopping Cart ΓÇ║ GET /api/v1/cart ΓÇ║ Γ£ô Should get empty 
cart for new user

    ReferenceError: require is not defined

    [0m [90m 120 |[39m [90m */[39m
     [90m 121 |[39m [36mexport[39m [36mconst[39m generateTestToken 
[33m=[39m (userId[33m,[39m role [33m=[39m [32m'user'[39m) 
[33m=>[39m {
    [31m[1m>[22m[39m[90m 122 |[39m   [36mconst[39m jwt 
[33m=[39m require([32m'jsonwebtoken'[39m)[33m;[39m
     [90m     |[39m               [31m[1m^[22m[39m
     [90m 123 |[39m   [36mconst[39m token [33m=[39m 
jwt[33m.[39msign(
     [90m 124 |[39m     { userId[33m,[39m role[33m,[39m 
email[33m:[39m [32m`test${userId}@example.com`[39m }[33m,[39m
     [90m 125 |[39m     
process[33m.[39menv[33m.[39m[33mJWT_SECRET[39m [33m||[39m 
[32m'test_secret'[39m[33m,[39m[0m

      at generateTestToken (tests/setup.js:122:15)
      at Object.<anonymous> (tests/cart.test.js:30:17)

  ΓùÅ ≡ƒ¢Æ Shopping Cart ΓÇ║ GET /api/v1/cart ΓÇ║ Γ£ô Should get cart 
with items

    ReferenceError: require is not defined

    [0m [90m 120 |[39m [90m */[39m
     [90m 121 |[39m [36mexport[39m [36mconst[39m generateTestToken 
[33m=[39m (userId[33m,[39m role [33m=[39m [32m'user'[39m) 
[33m=>[39m {
    [31m[1m>[22m[39m[90m 122 |[39m   [36mconst[39m jwt 
[33m=[39m require([32m'jsonwebtoken'[39m)[33m;[39m
     [90m     |[39m               [31m[1m^[22m[39m
     [90m 123 |[39m   [36mconst[39m token [33m=[39m 
jwt[33m.[39msign(
     [90m 124 |[39m     { userId[33m,[39m role[33m,[39m 
email[33m:[39m [32m`test${userId}@example.com`[39m }[33m,[39m
     [90m 125 |[39m     
process[33m.[39menv[33m.[39m[33mJWT_SECRET[39m [33m||[39m 
[32m'test_secret'[39m[33m,[39m[0m

      at generateTestToken (tests/setup.js:122:15)
      at Object.<anonymous> (tests/cart.test.js:30:17)

  ΓùÅ ≡ƒ¢Æ Shopping Cart ΓÇ║ GET /api/v1/cart ΓÇ║ Γ£ù Should require 
authentication

    ReferenceError: require is not defined

    [0m [90m 120 |[39m [90m */[39m
     [90m 121 |[39m [36mexport[39m [36mconst[39m generateTestToken 
[33m=[39m (userId[33m,[39m role [33m=[39m [32m'user'[39m) 
[33m=>[39m {
    [31m[1m>[22m[39m[90m 122 |[39m   [36mconst[39m jwt 
[33m=[39m require([32m'jsonwebtoken'[39m)[33m;[39m
     [90m     |[39m               [31m[1m^[22m[39m
     [90m 123 |[39m   [36mconst[39m token [33m=[39m 
jwt[33m.[39msign(
     [90m 124 |[39m     { userId[33m,[39m role[33m,[39m 
email[33m:[39m [32m`test${userId}@example.com`[39m }[33m,[39m
     [90m 125 |[39m     
process[33m.[39menv[33m.[39m[33mJWT_SECRET[39m [33m||[39m 
[32m'test_secret'[39m[33m,[39m[0m

      at generateTestToken (tests/setup.js:122:15)
      at Object.<anonymous> (tests/cart.test.js:30:17)

  ΓùÅ ≡ƒ¢Æ Shopping Cart ΓÇ║ POST /api/v1/cart/add ΓÇ║ Γ£ô Should add 
product to cart

    ReferenceError: require is not defined

    [0m [90m 120 |[39m [90m */[39m
     [90m 121 |[39m [36mexport[39m [36mconst[39m generateTestToken 
[33m=[39m (userId[33m,[39m role [33m=[39m [32m'user'[39m) 
[33m=>[39m {
    [31m[1m>[22m[39m[90m 122 |[39m   [36mconst[39m jwt 
[33m=[39m require([32m'jsonwebtoken'[39m)[33m;[39m
     [90m     |[39m               [31m[1m^[22m[39m
     [90m 123 |[39m   [36mconst[39m token [33m=[39m 
jwt[33m.[39msign(
     [90m 124 |[39m     { userId[33m,[39m role[33m,[39m 
email[33m:[39m [32m`test${userId}@example.com`[39m }[33m,[39m
     [90m 125 |[39m     
process[33m.[39menv[33m.[39m[33mJWT_SECRET[39m [33m||[39m 
[32m'test_secret'[39m[33m,[39m[0m

      at generateTestToken (tests/setup.js:122:15)
      at Object.<anonymous> (tests/cart.test.js:30:17)

  ΓùÅ ≡ƒ¢Æ Shopping Cart ΓÇ║ POST /api/v1/cart/add ΓÇ║ Γ£ô Should 
increase quantity for duplicate product

    ReferenceError: require is not defined

    [0m [90m 120 |[39m [90m */[39m
     [90m 121 |[39m [36mexport[39m [36mconst[39m generateTestToken 
[33m=[39m (userId[33m,[39m role [33m=[39m [32m'user'[39m) 
[33m=>[39m {
    [31m[1m>[22m[39m[90m 122 |[39m   [36mconst[39m jwt 
[33m=[39m require([32m'jsonwebtoken'[39m)[33m;[39m
     [90m     |[39m               [31m[1m^[22m[39m
     [90m 123 |[39m   [36mconst[39m token [33m=[39m 
jwt[33m.[39msign(
     [90m 124 |[39m     { userId[33m,[39m role[33m,[39m 
email[33m:[39m [32m`test${userId}@example.com`[39m }[33m,[39m
     [90m 125 |[39m     
process[33m.[39menv[33m.[39m[33mJWT_SECRET[39m [33m||[39m 
[32m'test_secret'[39m[33m,[39m[0m

      at generateTestToken (tests/setup.js:122:15)
      at Object.<anonymous> (tests/cart.test.js:30:17)

  ΓùÅ ≡ƒ¢Æ Shopping Cart ΓÇ║ POST /api/v1/cart/add ΓÇ║ Γ£ù Should fail 
with invalid quantity

    ReferenceError: require is not defined

    [0m [90m 120 |[39m [90m */[39m
     [90m 121 |[39m [36mexport[39m [36mconst[39m generateTestToken 
[33m=[39m (userId[33m,[39m role [33m=[39m [32m'user'[39m) 
[33m=>[39m {
    [31m[1m>[22m[39m[90m 122 |[39m   [36mconst[39m jwt 
[33m=[39m require([32m'jsonwebtoken'[39m)[33m;[39m
     [90m     |[39m               [31m[1m^[22m[39m
     [90m 123 |[39m   [36mconst[39m token [33m=[39m 
jwt[33m.[39msign(
     [90m 124 |[39m     { userId[33m,[39m role[33m,[39m 
email[33m:[39m [32m`test${userId}@example.com`[39m }[33m,[39m
     [90m 125 |[39m     
process[33m.[39menv[33m.[39m[33mJWT_SECRET[39m [33m||[39m 
[32m'test_secret'[39m[33m,[39m[0m

      at generateTestToken (tests/setup.js:122:15)
      at Object.<anonymous> (tests/cart.test.js:30:17)

  ΓùÅ ≡ƒ¢Æ Shopping Cart ΓÇ║ POST /api/v1/cart/add ΓÇ║ Γ£ù Should fail 
with out-of-stock quantity

    ReferenceError: require is not defined

    [0m [90m 120 |[39m [90m */[39m
     [90m 121 |[39m [36mexport[39m [36mconst[39m generateTestToken 
[33m=[39m (userId[33m,[39m role [33m=[39m [32m'user'[39m) 
[33m=>[39m {
    [31m[1m>[22m[39m[90m 122 |[39m   [36mconst[39m jwt 
[33m=[39m require([32m'jsonwebtoken'[39m)[33m;[39m
     [90m     |[39m               [31m[1m^[22m[39m
     [90m 123 |[39m   [36mconst[39m token [33m=[39m 
jwt[33m.[39msign(
     [90m 124 |[39m     { userId[33m,[39m role[33m,[39m 
email[33m:[39m [32m`test${userId}@example.com`[39m }[33m,[39m
     [90m 125 |[39m     
process[33m.[39menv[33m.[39m[33mJWT_SECRET[39m [33m||[39m 
[32m'test_secret'[39m[33m,[39m[0m

      at generateTestToken (tests/setup.js:122:15)
      at Object.<anonymous> (tests/cart.test.js:30:17)

  ΓùÅ ≡ƒ¢Æ Shopping Cart ΓÇ║ POST /api/v1/cart/add ΓÇ║ Γ£ù Should fail 
with non-existent product

    ReferenceError: require is not defined

    [0m [90m 120 |[39m [90m */[39m
     [90m 121 |[39m [36mexport[39m [36mconst[39m generateTestToken 
[33m=[39m (userId[33m,[39m role [33m=[39m [32m'user'[39m) 
[33m=>[39m {
    [31m[1m>[22m[39m[90m 122 |[39m   [36mconst[39m jwt 
[33m=[39m require([32m'jsonwebtoken'[39m)[33m;[39m
     [90m     |[39m               [31m[1m^[22m[39m
     [90m 123 |[39m   [36mconst[39m token [33m=[39m 
jwt[33m.[39msign(
     [90m 124 |[39m     { userId[33m,[39m role[33m,[39m 
email[33m:[39m [32m`test${userId}@example.com`[39m }[33m,[39m
     [90m 125 |[39m     
process[33m.[39menv[33m.[39m[33mJWT_SECRET[39m [33m||[39m 
[32m'test_secret'[39m[33m,[39m[0m

      at generateTestToken (tests/setup.js:122:15)
      at Object.<anonymous> (tests/cart.test.js:30:17)

  ΓùÅ ≡ƒ¢Æ Shopping Cart ΓÇ║ POST /api/v1/cart/add ΓÇ║ Γ£ù Should fail 
with inactive product

    ReferenceError: require is not defined

    [0m [90m 120 |[39m [90m */[39m
     [90m 121 |[39m [36mexport[39m [36mconst[39m generateTestToken 
[33m=[39m (userId[33m,[39m role [33m=[39m [32m'user'[39m) 
[33m=>[39m {
    [31m[1m>[22m[39m[90m 122 |[39m   [36mconst[39m jwt 
[33m=[39m require([32m'jsonwebtoken'[39m)[33m;[39m
     [90m     |[39m               [31m[1m^[22m[39m
     [90m 123 |[39m   [36mconst[39m token [33m=[39m 
jwt[33m.[39msign(
     [90m 124 |[39m     { userId[33m,[39m role[33m,[39m 
email[33m:[39m [32m`test${userId}@example.com`[39m }[33m,[39m
     [90m 125 |[39m     
process[33m.[39menv[33m.[39m[33mJWT_SECRET[39m [33m||[39m 
[32m'test_secret'[39m[33m,[39m[0m

      at generateTestToken (tests/setup.js:122:15)
      at Object.<anonymous> (tests/cart.test.js:30:17)

  ΓùÅ ≡ƒ¢Æ Shopping Cart ΓÇ║ PUT /api/v1/cart/update ΓÇ║ Γ£ô Should 
update item quantity

    ReferenceError: require is not defined

    [0m [90m 120 |[39m [90m */[39m
     [90m 121 |[39m [36mexport[39m [36mconst[39m generateTestToken 
[33m=[39m (userId[33m,[39m role [33m=[39m [32m'user'[39m) 
[33m=>[39m {
    [31m[1m>[22m[39m[90m 122 |[39m   [36mconst[39m jwt 
[33m=[39m require([32m'jsonwebtoken'[39m)[33m;[39m
     [90m     |[39m               [31m[1m^[22m[39m
     [90m 123 |[39m   [36mconst[39m token [33m=[39m 
jwt[33m.[39msign(
     [90m 124 |[39m     { userId[33m,[39m role[33m,[39m 
email[33m:[39m [32m`test${userId}@example.com`[39m }[33m,[39m
     [90m 125 |[39m     
process[33m.[39menv[33m.[39m[33mJWT_SECRET[39m [33m||[39m 
[32m'test_secret'[39m[33m,[39m[0m

      at generateTestToken (tests/setup.js:122:15)
      at Object.<anonymous> (tests/cart.test.js:30:17)

  ΓùÅ ≡ƒ¢Æ Shopping Cart ΓÇ║ PUT /api/v1/cart/update ΓÇ║ Γ£ù Should fail 
with invalid quantity

    ReferenceError: require is not defined

    [0m [90m 120 |[39m [90m */[39m
     [90m 121 |[39m [36mexport[39m [36mconst[39m generateTestToken 
[33m=[39m (userId[33m,[39m role [33m=[39m [32m'user'[39m) 
[33m=>[39m {
    [31m[1m>[22m[39m[90m 122 |[39m   [36mconst[39m jwt 
[33m=[39m require([32m'jsonwebtoken'[39m)[33m;[39m
     [90m     |[39m               [31m[1m^[22m[39m
     [90m 123 |[39m   [36mconst[39m token [33m=[39m 
jwt[33m.[39msign(
     [90m 124 |[39m     { userId[33m,[39m role[33m,[39m 
email[33m:[39m [32m`test${userId}@example.com`[39m }[33m,[39m
     [90m 125 |[39m     
process[33m.[39menv[33m.[39m[33mJWT_SECRET[39m [33m||[39m 
[32m'test_secret'[39m[33m,[39m[0m

      at generateTestToken (tests/setup.js:122:15)
      at Object.<anonymous> (tests/cart.test.js:30:17)

  ΓùÅ ≡ƒ¢Æ Shopping Cart ΓÇ║ PUT /api/v1/cart/update ΓÇ║ Γ£ù Should fail 
with quantity exceeding stock

    ReferenceError: require is not defined

    [0m [90m 120 |[39m [90m */[39m
     [90m 121 |[39m [36mexport[39m [36mconst[39m generateTestToken 
[33m=[39m (userId[33m,[39m role [33m=[39m [32m'user'[39m) 
[33m=>[39m {
    [31m[1m>[22m[39m[90m 122 |[39m   [36mconst[39m jwt 
[33m=[39m require([32m'jsonwebtoken'[39m)[33m;[39m
     [90m     |[39m               [31m[1m^[22m[39m
     [90m 123 |[39m   [36mconst[39m token [33m=[39m 
jwt[33m.[39msign(
     [90m 124 |[39m     { userId[33m,[39m role[33m,[39m 
email[33m:[39m [32m`test${userId}@example.com`[39m }[33m,[39m
     [90m 125 |[39m     
process[33m.[39menv[33m.[39m[33mJWT_SECRET[39m [33m||[39m 
[32m'test_secret'[39m[33m,[39m[0m

      at generateTestToken (tests/setup.js:122:15)
      at Object.<anonymous> (tests/cart.test.js:30:17)

  ΓùÅ ≡ƒ¢Æ Shopping Cart ΓÇ║ DELETE /api/v1/cart/remove/:productId ΓÇ║ 
Γ£ô Should remove product from cart

    ReferenceError: require is not defined

    [0m [90m 120 |[39m [90m */[39m
     [90m 121 |[39m [36mexport[39m [36mconst[39m generateTestToken 
[33m=[39m (userId[33m,[39m role [33m=[39m [32m'user'[39m) 
[33m=>[39m {
    [31m[1m>[22m[39m[90m 122 |[39m   [36mconst[39m jwt 
[33m=[39m require([32m'jsonwebtoken'[39m)[33m;[39m
     [90m     |[39m               [31m[1m^[22m[39m
     [90m 123 |[39m   [36mconst[39m token [33m=[39m 
jwt[33m.[39msign(
     [90m 124 |[39m     { userId[33m,[39m role[33m,[39m 
email[33m:[39m [32m`test${userId}@example.com`[39m }[33m,[39m
     [90m 125 |[39m     
process[33m.[39menv[33m.[39m[33mJWT_SECRET[39m [33m||[39m 
[32m'test_secret'[39m[33m,[39m[0m

      at generateTestToken (tests/setup.js:122:15)
      at Object.<anonymous> (tests/cart.test.js:30:17)

  ΓùÅ ≡ƒ¢Æ Shopping Cart ΓÇ║ DELETE /api/v1/cart/remove/:productId ΓÇ║ 
Γ£ù Should fail with non-existent item

    ReferenceError: require is not defined

    [0m [90m 120 |[39m [90m */[39m
     [90m 121 |[39m [36mexport[39m [36mconst[39m generateTestToken 
[33m=[39m (userId[33m,[39m role [33m=[39m [32m'user'[39m) 
[33m=>[39m {
    [31m[1m>[22m[39m[90m 122 |[39m   [36mconst[39m jwt 
[33m=[39m require([32m'jsonwebtoken'[39m)[33m;[39m
     [90m     |[39m               [31m[1m^[22m[39m
     [90m 123 |[39m   [36mconst[39m token [33m=[39m 
jwt[33m.[39msign(
     [90m 124 |[39m     { userId[33m,[39m role[33m,[39m 
email[33m:[39m [32m`test${userId}@example.com`[39m }[33m,[39m
     [90m 125 |[39m     
process[33m.[39menv[33m.[39m[33mJWT_SECRET[39m [33m||[39m 
[32m'test_secret'[39m[33m,[39m[0m

      at generateTestToken (tests/setup.js:122:15)
      at Object.<anonymous> (tests/cart.test.js:30:17)

  ΓùÅ ≡ƒ¢Æ Shopping Cart ΓÇ║ DELETE /api/v1/cart/clear ΓÇ║ Γ£ô Should 
clear entire cart

    ReferenceError: require is not defined

    [0m [90m 120 |[39m [90m */[39m
     [90m 121 |[39m [36mexport[39m [36mconst[39m generateTestToken 
[33m=[39m (userId[33m,[39m role [33m=[39m [32m'user'[39m) 
[33m=>[39m {
    [31m[1m>[22m[39m[90m 122 |[39m   [36mconst[39m jwt 
[33m=[39m require([32m'jsonwebtoken'[39m)[33m;[39m
     [90m     |[39m               [31m[1m^[22m[39m
     [90m 123 |[39m   [36mconst[39m token [33m=[39m 
jwt[33m.[39msign(
     [90m 124 |[39m     { userId[33m,[39m role[33m,[39m 
email[33m:[39m [32m`test${userId}@example.com`[39m }[33m,[39m
     [90m 125 |[39m     
process[33m.[39menv[33m.[39m[33mJWT_SECRET[39m [33m||[39m 
[32m'test_secret'[39m[33m,[39m[0m

      at generateTestToken (tests/setup.js:122:15)
      at Object.<anonymous> (tests/cart.test.js:30:17)

  console.log
    [dotenv@17.2.0] injecting env (61) from .env (tip: ≡ƒöÉ prevent committing .env to code: https://dotenvx.com/precommit)

      at _log (node_modules/dotenv/lib/main.js:136:11)

[32minfo[39m: SMTP Config: {"host":"smtp.gmail.com","pass":"***","port":587,"timestamp":"2026-01-24T06:13:39.646Z","user":"your-email@gmail.com"}
[33mwarn[39m: Redis disabled via REDIS_DISABLED=true; using local handlers. {"timestamp":"2026-01-24T06:13:39.680Z"}
  console.log
    [dotenv@17.2.0] injecting env (0) from .env (tip: ΓÜÖ∩╕Å  specify custom .env file path with { path: '/custom/path/.env' })

      at _log (node_modules/dotenv/lib/main.js:136:11)

  console.warn
    ΓÜá∩╕Å  Insecure default values detected (development only):
       JWT_SECRET
       JWT_REFRESH_SECRET
       These are OK for development but MUST be changed for production!

    [0m [90m  97 |[39m   [90m// Log insecure values in development[39m
     [90m  98 |[39m   [36mif[39m (insecure[33m.[39mlength [33m>[39m [35m0[39m [33m&&[39m process[33m.[39menv[33m.[39m[33mNODE_ENV[39m [33m!==[39m [32m'production'[39m) {
    [31m[1m>[22m[39m[90m  99 |[39m     console[33m.[39mwarn(
     [90m     |[39m             [31m[1m^[22m[39m
     [90m 100 |[39m       [32m'ΓÜá∩╕Å  Insecure default values detected (development only):\n'[39m [33m+[39m
     [90m 101 |[39m       [32m`   ${insecure.join('\n   ')}\n`[39m [33m+[39m
     [90m 102 |[39m       [32m'   These are OK for development but MUST be changed for production!'[39m[0m

      at validateEnv (src/config/validation.js:99:13)
      at src/server.js:23:1

  console.info
    Γ£à Environment validation passed

      at validateEnv (src/config/validation.js:106:11)

  console.log
    [dotenv@17.2.0] injecting env (1) from .env.test (tip: ≡ƒ¢á∩╕Å  run anywhere with `dotenvx run -- yourcommand`)

      at _log (node_modules/dotenv/lib/main.js:136:11)

(node:2992) [MONGODB DRIVER] Warning: useNewUrlParser is a deprecated 
option: useNewUrlParser has no effect since Node.js Driver version 4.0.0 
and will be removed in the next major version
(node:2992) [MONGODB DRIVER] Warning: useUnifiedTopology is a deprecated 
option: useUnifiedTopology has no effect since Node.js Driver version 
4.0.0 and will be removed in the next major version
  console.log
    Γ£ô Test database connected

      at connectTestDB (tests/setup.js:33:13)

  console.log
    Γ£ô Database cleared

      at clearDatabase (tests/setup.js:64:13)

  console.log
    Γ£ô Database cleared

      at clearDatabase (tests/setup.js:64:13)

  console.log
    Γ£ô Database cleared

      at clearDatabase (tests/setup.js:64:13)

  console.log
    Γ£ô Database cleared

      at clearDatabase (tests/setup.js:64:13)

  console.log
    Γ£ô Database cleared

      at clearDatabase (tests/setup.js:64:13)

  console.log
    Γ£ô Database cleared

      at clearDatabase (tests/setup.js:64:13)

  console.log
    Γ£ô Database cleared

      at clearDatabase (tests/setup.js:64:13)

  console.log
    Γ£ô Database cleared

      at clearDatabase (tests/setup.js:64:13)

  console.log
    Γ£ô Database cleared

      at clearDatabase (tests/setup.js:64:13)

  console.log
    Γ£ô Database cleared

      at clearDatabase (tests/setup.js:64:13)

  console.log
    Γ£ô Database cleared

      at clearDatabase (tests/setup.js:64:13)

  console.log
    Γ£ô Database cleared

      at clearDatabase (tests/setup.js:64:13)

  console.log
    Γ£ô Database cleared

      at clearDatabase (tests/setup.js:64:13)

  console.log
    Γ£ô Database cleared

      at clearDatabase (tests/setup.js:64:13)

  console.log
    Γ£ô Database cleared

      at clearDatabase (tests/setup.js:64:13)

  console.log
    Γ£ô Database cleared

      at clearDatabase (tests/setup.js:64:13)

  console.log
    Γ£ô Database cleared

      at clearDatabase (tests/setup.js:64:13)

  console.log
    Γ£ô Database cleared

      at clearDatabase (tests/setup.js:64:13)

  console.log
    Γ£ô Database cleared

      at clearDatabase (tests/setup.js:64:13)

  console.log
    Γ£ô Database cleared

      at clearDatabase (tests/setup.js:64:13)

  console.log
    Γ£ô Database cleared

      at clearDatabase (tests/setup.js:64:13)

  console.log
    Γ£ô Database cleared

      at clearDatabase (tests/setup.js:64:13)

  console.log
    Γ£ô Database cleared

      at clearDatabase (tests/setup.js:64:13)

  console.log
    Γ£ô Database cleared

      at clearDatabase (tests/setup.js:64:13)

  console.log
    Γ£ô Database cleared

      at clearDatabase (tests/setup.js:64:13)

  console.log
    Γ£ô Database cleared

      at clearDatabase (tests/setup.js:64:13)

  console.log
    Γ£ô Test database disconnected

      at disconnectTestDB (tests/setup.js:46:13)

FAIL aqherbal-backend-tests tests/reviews.test.js (6.434 s, 279 MB heap 
size)
  Γ¡É Reviews
    POST /api/v1/reviews
      ├ù Γ£ô Should submit review for purchased product (1329 ms)
      ├ù Γ£ù Should fail without valid purchase (110 ms)
      ├ù Γ£ù Should fail without authentication (130 ms)
      ├ù Γ£ù Should fail with invalid rating (109 ms)
      ├ù Γ£ù Should fail with rating 0 (88 ms)
      ├ù Γ£ù Should fail with missing required fields (83 ms)
      ├ù Γ£ù Should prevent duplicate reviews from same user (94 ms)
      ├ù Γ£ù Should reject review with excessive content length (70 ms)
    GET /api/v1/products/:id/reviews
      ├ù Γ£ô Should get product reviews (69 ms)
      ├ù Γ£ô Should have pagination (70 ms)
      ├ù Γ£ô Should filter by rating (73 ms)
      ├ù Γ£ô Should sort by date (66 ms)
      ├ù Γ£ô Should calculate average rating (66 ms)
    GET /api/v1/reviews/:id
      ├ù Γ£ô Should get review details (65 ms)
      ├ù Γ£ù Should return 404 for non-existent review (70 ms)
    PUT /api/v1/reviews/:id
      ├ù Γ£ô Should update own review (65 ms)
      ├ù Γ£ù Should not allow updating other user reviews (66 ms)
    DELETE /api/v1/reviews/:id
      ├ù Γ£ô Should delete own review (68 ms)
      ├ù Γ£ù Should not allow deleting other user reviews (67 ms)
    POST /api/v1/reviews/:id/helpful
      ├ù Γ£ô Should mark review as helpful (66 ms)
      ├ù Γ£ô Should mark review as not helpful (66 ms)
      ├ù Γ£ù Should prevent duplicate helpful votes from same user (71 ms)
      ├ù Γ£ù Should not allow user to vote on own review (65 ms)
    PUT /api/v1/reviews/:id/approve
      ├ù Γ£ô Should approve review (62 ms)
      ├ù Γ£ô Should reject review (70 ms)
      ├ù Γ£ù Should not allow regular users to approve (73 ms)

  ΓùÅ Γ¡É Reviews ΓÇ║ POST /api/v1/reviews ΓÇ║ Γ£ô Should submit review 
for purchased product

    ReferenceError: require is not defined

    [0m [90m 120 |[39m [90m */[39m
     [90m 121 |[39m [36mexport[39m [36mconst[39m generateTestToken 
[33m=[39m (userId[33m,[39m role [33m=[39m [32m'user'[39m) 
[33m=>[39m {
    [31m[1m>[22m[39m[90m 122 |[39m   [36mconst[39m jwt 
[33m=[39m require([32m'jsonwebtoken'[39m)[33m;[39m
     [90m     |[39m               [31m[1m^[22m[39m
     [90m 123 |[39m   [36mconst[39m token [33m=[39m 
jwt[33m.[39msign(
     [90m 124 |[39m     { userId[33m,[39m role[33m,[39m 
email[33m:[39m [32m`test${userId}@example.com`[39m }[33m,[39m
     [90m 125 |[39m     
process[33m.[39menv[33m.[39m[33mJWT_SECRET[39m [33m||[39m 
[32m'test_secret'[39m[33m,[39m[0m

      at generateTestToken (tests/setup.js:122:15)
      at Object.<anonymous> (tests/reviews.test.js:33:17)

  ΓùÅ Γ¡É Reviews ΓÇ║ POST /api/v1/reviews ΓÇ║ Γ£ù Should fail without 
valid purchase

    ReferenceError: require is not defined

    [0m [90m 120 |[39m [90m */[39m
     [90m 121 |[39m [36mexport[39m [36mconst[39m generateTestToken 
[33m=[39m (userId[33m,[39m role [33m=[39m [32m'user'[39m) 
[33m=>[39m {
    [31m[1m>[22m[39m[90m 122 |[39m   [36mconst[39m jwt 
[33m=[39m require([32m'jsonwebtoken'[39m)[33m;[39m
     [90m     |[39m               [31m[1m^[22m[39m
     [90m 123 |[39m   [36mconst[39m token [33m=[39m 
jwt[33m.[39msign(
     [90m 124 |[39m     { userId[33m,[39m role[33m,[39m 
email[33m:[39m [32m`test${userId}@example.com`[39m }[33m,[39m
     [90m 125 |[39m     
process[33m.[39menv[33m.[39m[33mJWT_SECRET[39m [33m||[39m 
[32m'test_secret'[39m[33m,[39m[0m

      at generateTestToken (tests/setup.js:122:15)
      at Object.<anonymous> (tests/reviews.test.js:33:17)

  ΓùÅ Γ¡É Reviews ΓÇ║ POST /api/v1/reviews ΓÇ║ Γ£ù Should fail without 
authentication

    ReferenceError: require is not defined

    [0m [90m 120 |[39m [90m */[39m
     [90m 121 |[39m [36mexport[39m [36mconst[39m generateTestToken 
[33m=[39m (userId[33m,[39m role [33m=[39m [32m'user'[39m) 
[33m=>[39m {
    [31m[1m>[22m[39m[90m 122 |[39m   [36mconst[39m jwt 
[33m=[39m require([32m'jsonwebtoken'[39m)[33m;[39m
     [90m     |[39m               [31m[1m^[22m[39m
     [90m 123 |[39m   [36mconst[39m token [33m=[39m 
jwt[33m.[39msign(
     [90m 124 |[39m     { userId[33m,[39m role[33m,[39m 
email[33m:[39m [32m`test${userId}@example.com`[39m }[33m,[39m
     [90m 125 |[39m     
process[33m.[39menv[33m.[39m[33mJWT_SECRET[39m [33m||[39m 
[32m'test_secret'[39m[33m,[39m[0m

      at generateTestToken (tests/setup.js:122:15)
      at Object.<anonymous> (tests/reviews.test.js:33:17)

  ΓùÅ Γ¡É Reviews ΓÇ║ POST /api/v1/reviews ΓÇ║ Γ£ù Should fail with 
invalid rating

    ReferenceError: require is not defined

    [0m [90m 120 |[39m [90m */[39m
     [90m 121 |[39m [36mexport[39m [36mconst[39m generateTestToken 
[33m=[39m (userId[33m,[39m role [33m=[39m [32m'user'[39m) 
[33m=>[39m {
    [31m[1m>[22m[39m[90m 122 |[39m   [36mconst[39m jwt 
[33m=[39m require([32m'jsonwebtoken'[39m)[33m;[39m
     [90m     |[39m               [31m[1m^[22m[39m
     [90m 123 |[39m   [36mconst[39m token [33m=[39m 
jwt[33m.[39msign(
     [90m 124 |[39m     { userId[33m,[39m role[33m,[39m 
email[33m:[39m [32m`test${userId}@example.com`[39m }[33m,[39m
     [90m 125 |[39m     
process[33m.[39menv[33m.[39m[33mJWT_SECRET[39m [33m||[39m 
[32m'test_secret'[39m[33m,[39m[0m

      at generateTestToken (tests/setup.js:122:15)
      at Object.<anonymous> (tests/reviews.test.js:33:17)

  ΓùÅ Γ¡É Reviews ΓÇ║ POST /api/v1/reviews ΓÇ║ Γ£ù Should fail with 
rating 0

    ReferenceError: require is not defined

    [0m [90m 120 |[39m [90m */[39m
     [90m 121 |[39m [36mexport[39m [36mconst[39m generateTestToken 
[33m=[39m (userId[33m,[39m role [33m=[39m [32m'user'[39m) 
[33m=>[39m {
    [31m[1m>[22m[39m[90m 122 |[39m   [36mconst[39m jwt 
[33m=[39m require([32m'jsonwebtoken'[39m)[33m;[39m
     [90m     |[39m               [31m[1m^[22m[39m
     [90m 123 |[39m   [36mconst[39m token [33m=[39m 
jwt[33m.[39msign(
     [90m 124 |[39m     { userId[33m,[39m role[33m,[39m 
email[33m:[39m [32m`test${userId}@example.com`[39m }[33m,[39m
     [90m 125 |[39m     
process[33m.[39menv[33m.[39m[33mJWT_SECRET[39m [33m||[39m 
[32m'test_secret'[39m[33m,[39m[0m

      at generateTestToken (tests/setup.js:122:15)
      at Object.<anonymous> (tests/reviews.test.js:33:17)

  ΓùÅ Γ¡É Reviews ΓÇ║ POST /api/v1/reviews ΓÇ║ Γ£ù Should fail with 
missing required fields

    ReferenceError: require is not defined

    [0m [90m 120 |[39m [90m */[39m
     [90m 121 |[39m [36mexport[39m [36mconst[39m generateTestToken 
[33m=[39m (userId[33m,[39m role [33m=[39m [32m'user'[39m) 
[33m=>[39m {
    [31m[1m>[22m[39m[90m 122 |[39m   [36mconst[39m jwt 
[33m=[39m require([32m'jsonwebtoken'[39m)[33m;[39m
     [90m     |[39m               [31m[1m^[22m[39m
     [90m 123 |[39m   [36mconst[39m token [33m=[39m 
jwt[33m.[39msign(
     [90m 124 |[39m     { userId[33m,[39m role[33m,[39m 
email[33m:[39m [32m`test${userId}@example.com`[39m }[33m,[39m
     [90m 125 |[39m     
process[33m.[39menv[33m.[39m[33mJWT_SECRET[39m [33m||[39m 
[32m'test_secret'[39m[33m,[39m[0m

      at generateTestToken (tests/setup.js:122:15)
      at Object.<anonymous> (tests/reviews.test.js:33:17)

  ΓùÅ Γ¡É Reviews ΓÇ║ POST /api/v1/reviews ΓÇ║ Γ£ù Should prevent 
duplicate reviews from same user

    ReferenceError: require is not defined

    [0m [90m 120 |[39m [90m */[39m
     [90m 121 |[39m [36mexport[39m [36mconst[39m generateTestToken 
[33m=[39m (userId[33m,[39m role [33m=[39m [32m'user'[39m) 
[33m=>[39m {
    [31m[1m>[22m[39m[90m 122 |[39m   [36mconst[39m jwt 
[33m=[39m require([32m'jsonwebtoken'[39m)[33m;[39m
     [90m     |[39m               [31m[1m^[22m[39m
     [90m 123 |[39m   [36mconst[39m token [33m=[39m 
jwt[33m.[39msign(
     [90m 124 |[39m     { userId[33m,[39m role[33m,[39m 
email[33m:[39m [32m`test${userId}@example.com`[39m }[33m,[39m
     [90m 125 |[39m     
process[33m.[39menv[33m.[39m[33mJWT_SECRET[39m [33m||[39m 
[32m'test_secret'[39m[33m,[39m[0m

      at generateTestToken (tests/setup.js:122:15)
      at Object.<anonymous> (tests/reviews.test.js:33:17)

  ΓùÅ Γ¡É Reviews ΓÇ║ POST /api/v1/reviews ΓÇ║ Γ£ù Should reject review 
with excessive content length

    ReferenceError: require is not defined

    [0m [90m 120 |[39m [90m */[39m
     [90m 121 |[39m [36mexport[39m [36mconst[39m generateTestToken 
[33m=[39m (userId[33m,[39m role [33m=[39m [32m'user'[39m) 
[33m=>[39m {
    [31m[1m>[22m[39m[90m 122 |[39m   [36mconst[39m jwt 
[33m=[39m require([32m'jsonwebtoken'[39m)[33m;[39m
     [90m     |[39m               [31m[1m^[22m[39m
     [90m 123 |[39m   [36mconst[39m token [33m=[39m 
jwt[33m.[39msign(
     [90m 124 |[39m     { userId[33m,[39m role[33m,[39m 
email[33m:[39m [32m`test${userId}@example.com`[39m }[33m,[39m
     [90m 125 |[39m     
process[33m.[39menv[33m.[39m[33mJWT_SECRET[39m [33m||[39m 
[32m'test_secret'[39m[33m,[39m[0m

      at generateTestToken (tests/setup.js:122:15)
      at Object.<anonymous> (tests/reviews.test.js:33:17)

  ΓùÅ Γ¡É Reviews ΓÇ║ GET /api/v1/products/:id/reviews ΓÇ║ Γ£ô Should get 
product reviews

    ReferenceError: require is not defined

    [0m [90m 120 |[39m [90m */[39m
     [90m 121 |[39m [36mexport[39m [36mconst[39m generateTestToken 
[33m=[39m (userId[33m,[39m role [33m=[39m [32m'user'[39m) 
[33m=>[39m {
    [31m[1m>[22m[39m[90m 122 |[39m   [36mconst[39m jwt 
[33m=[39m require([32m'jsonwebtoken'[39m)[33m;[39m
     [90m     |[39m               [31m[1m^[22m[39m
     [90m 123 |[39m   [36mconst[39m token [33m=[39m 
jwt[33m.[39msign(
     [90m 124 |[39m     { userId[33m,[39m role[33m,[39m 
email[33m:[39m [32m`test${userId}@example.com`[39m }[33m,[39m
     [90m 125 |[39m     
process[33m.[39menv[33m.[39m[33mJWT_SECRET[39m [33m||[39m 
[32m'test_secret'[39m[33m,[39m[0m

      at generateTestToken (tests/setup.js:122:15)
      at Object.<anonymous> (tests/reviews.test.js:33:17)

  ΓùÅ Γ¡É Reviews ΓÇ║ GET /api/v1/products/:id/reviews ΓÇ║ Γ£ô Should 
have pagination

    ReferenceError: require is not defined

    [0m [90m 120 |[39m [90m */[39m
     [90m 121 |[39m [36mexport[39m [36mconst[39m generateTestToken 
[33m=[39m (userId[33m,[39m role [33m=[39m [32m'user'[39m) 
[33m=>[39m {
    [31m[1m>[22m[39m[90m 122 |[39m   [36mconst[39m jwt 
[33m=[39m require([32m'jsonwebtoken'[39m)[33m;[39m
     [90m     |[39m               [31m[1m^[22m[39m
     [90m 123 |[39m   [36mconst[39m token [33m=[39m 
jwt[33m.[39msign(
     [90m 124 |[39m     { userId[33m,[39m role[33m,[39m 
email[33m:[39m [32m`test${userId}@example.com`[39m }[33m,[39m
     [90m 125 |[39m     
process[33m.[39menv[33m.[39m[33mJWT_SECRET[39m [33m||[39m 
[32m'test_secret'[39m[33m,[39m[0m

      at generateTestToken (tests/setup.js:122:15)
      at Object.<anonymous> (tests/reviews.test.js:33:17)

  ΓùÅ Γ¡É Reviews ΓÇ║ GET /api/v1/products/:id/reviews ΓÇ║ Γ£ô Should 
filter by rating

    ReferenceError: require is not defined

    [0m [90m 120 |[39m [90m */[39m
     [90m 121 |[39m [36mexport[39m [36mconst[39m generateTestToken 
[33m=[39m (userId[33m,[39m role [33m=[39m [32m'user'[39m) 
[33m=>[39m {
    [31m[1m>[22m[39m[90m 122 |[39m   [36mconst[39m jwt 
[33m=[39m require([32m'jsonwebtoken'[39m)[33m;[39m
     [90m     |[39m               [31m[1m^[22m[39m
     [90m 123 |[39m   [36mconst[39m token [33m=[39m 
jwt[33m.[39msign(
     [90m 124 |[39m     { userId[33m,[39m role[33m,[39m 
email[33m:[39m [32m`test${userId}@example.com`[39m }[33m,[39m
     [90m 125 |[39m     
process[33m.[39menv[33m.[39m[33mJWT_SECRET[39m [33m||[39m 
[32m'test_secret'[39m[33m,[39m[0m

      at generateTestToken (tests/setup.js:122:15)
      at Object.<anonymous> (tests/reviews.test.js:33:17)

  ΓùÅ Γ¡É Reviews ΓÇ║ GET /api/v1/products/:id/reviews ΓÇ║ Γ£ô Should 
sort by date

    ReferenceError: require is not defined

    [0m [90m 120 |[39m [90m */[39m
     [90m 121 |[39m [36mexport[39m [36mconst[39m generateTestToken 
[33m=[39m (userId[33m,[39m role [33m=[39m [32m'user'[39m) 
[33m=>[39m {
    [31m[1m>[22m[39m[90m 122 |[39m   [36mconst[39m jwt 
[33m=[39m require([32m'jsonwebtoken'[39m)[33m;[39m
     [90m     |[39m               [31m[1m^[22m[39m
     [90m 123 |[39m   [36mconst[39m token [33m=[39m 
jwt[33m.[39msign(
     [90m 124 |[39m     { userId[33m,[39m role[33m,[39m 
email[33m:[39m [32m`test${userId}@example.com`[39m }[33m,[39m
     [90m 125 |[39m     
process[33m.[39menv[33m.[39m[33mJWT_SECRET[39m [33m||[39m 
[32m'test_secret'[39m[33m,[39m[0m

      at generateTestToken (tests/setup.js:122:15)
      at Object.<anonymous> (tests/reviews.test.js:33:17)

  ΓùÅ Γ¡É Reviews ΓÇ║ GET /api/v1/products/:id/reviews ΓÇ║ Γ£ô Should 
calculate average rating

    ReferenceError: require is not defined

    [0m [90m 120 |[39m [90m */[39m
     [90m 121 |[39m [36mexport[39m [36mconst[39m generateTestToken 
[33m=[39m (userId[33m,[39m role [33m=[39m [32m'user'[39m) 
[33m=>[39m {
    [31m[1m>[22m[39m[90m 122 |[39m   [36mconst[39m jwt 
[33m=[39m require([32m'jsonwebtoken'[39m)[33m;[39m
     [90m     |[39m               [31m[1m^[22m[39m
     [90m 123 |[39m   [36mconst[39m token [33m=[39m 
jwt[33m.[39msign(
     [90m 124 |[39m     { userId[33m,[39m role[33m,[39m 
email[33m:[39m [32m`test${userId}@example.com`[39m }[33m,[39m
     [90m 125 |[39m     
process[33m.[39menv[33m.[39m[33mJWT_SECRET[39m [33m||[39m 
[32m'test_secret'[39m[33m,[39m[0m

      at generateTestToken (tests/setup.js:122:15)
      at Object.<anonymous> (tests/reviews.test.js:33:17)

  ΓùÅ Γ¡É Reviews ΓÇ║ GET /api/v1/reviews/:id ΓÇ║ Γ£ô Should get review 
details

    ReferenceError: require is not defined

    [0m [90m 120 |[39m [90m */[39m
     [90m 121 |[39m [36mexport[39m [36mconst[39m generateTestToken 
[33m=[39m (userId[33m,[39m role [33m=[39m [32m'user'[39m) 
[33m=>[39m {
    [31m[1m>[22m[39m[90m 122 |[39m   [36mconst[39m jwt 
[33m=[39m require([32m'jsonwebtoken'[39m)[33m;[39m
     [90m     |[39m               [31m[1m^[22m[39m
     [90m 123 |[39m   [36mconst[39m token [33m=[39m 
jwt[33m.[39msign(
     [90m 124 |[39m     { userId[33m,[39m role[33m,[39m 
email[33m:[39m [32m`test${userId}@example.com`[39m }[33m,[39m
     [90m 125 |[39m     
process[33m.[39menv[33m.[39m[33mJWT_SECRET[39m [33m||[39m 
[32m'test_secret'[39m[33m,[39m[0m

      at generateTestToken (tests/setup.js:122:15)
      at Object.<anonymous> (tests/reviews.test.js:33:17)

  ΓùÅ Γ¡É Reviews ΓÇ║ GET /api/v1/reviews/:id ΓÇ║ Γ£ù Should return 404 
for non-existent review

    ReferenceError: require is not defined

    [0m [90m 120 |[39m [90m */[39m
     [90m 121 |[39m [36mexport[39m [36mconst[39m generateTestToken 
[33m=[39m (userId[33m,[39m role [33m=[39m [32m'user'[39m) 
[33m=>[39m {
    [31m[1m>[22m[39m[90m 122 |[39m   [36mconst[39m jwt 
[33m=[39m require([32m'jsonwebtoken'[39m)[33m;[39m
     [90m     |[39m               [31m[1m^[22m[39m
     [90m 123 |[39m   [36mconst[39m token [33m=[39m 
jwt[33m.[39msign(
     [90m 124 |[39m     { userId[33m,[39m role[33m,[39m 
email[33m:[39m [32m`test${userId}@example.com`[39m }[33m,[39m
     [90m 125 |[39m     
process[33m.[39menv[33m.[39m[33mJWT_SECRET[39m [33m||[39m 
[32m'test_secret'[39m[33m,[39m[0m

      at generateTestToken (tests/setup.js:122:15)
      at Object.<anonymous> (tests/reviews.test.js:33:17)

  ΓùÅ Γ¡É Reviews ΓÇ║ PUT /api/v1/reviews/:id ΓÇ║ Γ£ô Should update own 
review

    ReferenceError: require is not defined

    [0m [90m 120 |[39m [90m */[39m
     [90m 121 |[39m [36mexport[39m [36mconst[39m generateTestToken 
[33m=[39m (userId[33m,[39m role [33m=[39m [32m'user'[39m) 
[33m=>[39m {
    [31m[1m>[22m[39m[90m 122 |[39m   [36mconst[39m jwt 
[33m=[39m require([32m'jsonwebtoken'[39m)[33m;[39m
     [90m     |[39m               [31m[1m^[22m[39m
     [90m 123 |[39m   [36mconst[39m token [33m=[39m 
jwt[33m.[39msign(
     [90m 124 |[39m     { userId[33m,[39m role[33m,[39m 
email[33m:[39m [32m`test${userId}@example.com`[39m }[33m,[39m
     [90m 125 |[39m     
process[33m.[39menv[33m.[39m[33mJWT_SECRET[39m [33m||[39m 
[32m'test_secret'[39m[33m,[39m[0m

      at generateTestToken (tests/setup.js:122:15)
      at Object.<anonymous> (tests/reviews.test.js:33:17)

  ΓùÅ Γ¡É Reviews ΓÇ║ PUT /api/v1/reviews/:id ΓÇ║ Γ£ù Should not allow 
updating other user reviews

    ReferenceError: require is not defined

    [0m [90m 120 |[39m [90m */[39m
     [90m 121 |[39m [36mexport[39m [36mconst[39m generateTestToken 
[33m=[39m (userId[33m,[39m role [33m=[39m [32m'user'[39m) 
[33m=>[39m {
    [31m[1m>[22m[39m[90m 122 |[39m   [36mconst[39m jwt 
[33m=[39m require([32m'jsonwebtoken'[39m)[33m;[39m
     [90m     |[39m               [31m[1m^[22m[39m
     [90m 123 |[39m   [36mconst[39m token [33m=[39m 
jwt[33m.[39msign(
     [90m 124 |[39m     { userId[33m,[39m role[33m,[39m 
email[33m:[39m [32m`test${userId}@example.com`[39m }[33m,[39m
     [90m 125 |[39m     
process[33m.[39menv[33m.[39m[33mJWT_SECRET[39m [33m||[39m 
[32m'test_secret'[39m[33m,[39m[0m

      at generateTestToken (tests/setup.js:122:15)
      at Object.<anonymous> (tests/reviews.test.js:33:17)

  ΓùÅ Γ¡É Reviews ΓÇ║ DELETE /api/v1/reviews/:id ΓÇ║ Γ£ô Should delete 
own review

    ReferenceError: require is not defined

    [0m [90m 120 |[39m [90m */[39m
     [90m 121 |[39m [36mexport[39m [36mconst[39m generateTestToken 
[33m=[39m (userId[33m,[39m role [33m=[39m [32m'user'[39m) 
[33m=>[39m {
    [31m[1m>[22m[39m[90m 122 |[39m   [36mconst[39m jwt 
[33m=[39m require([32m'jsonwebtoken'[39m)[33m;[39m
     [90m     |[39m               [31m[1m^[22m[39m
     [90m 123 |[39m   [36mconst[39m token [33m=[39m 
jwt[33m.[39msign(
     [90m 124 |[39m     { userId[33m,[39m role[33m,[39m 
email[33m:[39m [32m`test${userId}@example.com`[39m }[33m,[39m
     [90m 125 |[39m     
process[33m.[39menv[33m.[39m[33mJWT_SECRET[39m [33m||[39m 
[32m'test_secret'[39m[33m,[39m[0m

      at generateTestToken (tests/setup.js:122:15)
      at Object.<anonymous> (tests/reviews.test.js:33:17)

  ΓùÅ Γ¡É Reviews ΓÇ║ DELETE /api/v1/reviews/:id ΓÇ║ Γ£ù Should not allow 
deleting other user reviews

    ReferenceError: require is not defined

    [0m [90m 120 |[39m [90m */[39m
     [90m 121 |[39m [36mexport[39m [36mconst[39m generateTestToken 
[33m=[39m (userId[33m,[39m role [33m=[39m [32m'user'[39m) 
[33m=>[39m {
    [31m[1m>[22m[39m[90m 122 |[39m   [36mconst[39m jwt 
[33m=[39m require([32m'jsonwebtoken'[39m)[33m;[39m
     [90m     |[39m               [31m[1m^[22m[39m
     [90m 123 |[39m   [36mconst[39m token [33m=[39m 
jwt[33m.[39msign(
     [90m 124 |[39m     { userId[33m,[39m role[33m,[39m 
email[33m:[39m [32m`test${userId}@example.com`[39m }[33m,[39m
     [90m 125 |[39m     
process[33m.[39menv[33m.[39m[33mJWT_SECRET[39m [33m||[39m 
[32m'test_secret'[39m[33m,[39m[0m

      at generateTestToken (tests/setup.js:122:15)
      at Object.<anonymous> (tests/reviews.test.js:33:17)

  ΓùÅ Γ¡É Reviews ΓÇ║ POST /api/v1/reviews/:id/helpful ΓÇ║ Γ£ô Should 
mark review as helpful

    ReferenceError: require is not defined

    [0m [90m 120 |[39m [90m */[39m
     [90m 121 |[39m [36mexport[39m [36mconst[39m generateTestToken 
[33m=[39m (userId[33m,[39m role [33m=[39m [32m'user'[39m) 
[33m=>[39m {
    [31m[1m>[22m[39m[90m 122 |[39m   [36mconst[39m jwt 
[33m=[39m require([32m'jsonwebtoken'[39m)[33m;[39m
     [90m     |[39m               [31m[1m^[22m[39m
     [90m 123 |[39m   [36mconst[39m token [33m=[39m 
jwt[33m.[39msign(
     [90m 124 |[39m     { userId[33m,[39m role[33m,[39m 
email[33m:[39m [32m`test${userId}@example.com`[39m }[33m,[39m
     [90m 125 |[39m     
process[33m.[39menv[33m.[39m[33mJWT_SECRET[39m [33m||[39m 
[32m'test_secret'[39m[33m,[39m[0m

      at generateTestToken (tests/setup.js:122:15)
      at Object.<anonymous> (tests/reviews.test.js:33:17)

  ΓùÅ Γ¡É Reviews ΓÇ║ POST /api/v1/reviews/:id/helpful ΓÇ║ Γ£ô Should 
mark review as not helpful

    ReferenceError: require is not defined

    [0m [90m 120 |[39m [90m */[39m
     [90m 121 |[39m [36mexport[39m [36mconst[39m generateTestToken 
[33m=[39m (userId[33m,[39m role [33m=[39m [32m'user'[39m) 
[33m=>[39m {
    [31m[1m>[22m[39m[90m 122 |[39m   [36mconst[39m jwt 
[33m=[39m require([32m'jsonwebtoken'[39m)[33m;[39m
     [90m     |[39m               [31m[1m^[22m[39m
     [90m 123 |[39m   [36mconst[39m token [33m=[39m 
jwt[33m.[39msign(
     [90m 124 |[39m     { userId[33m,[39m role[33m,[39m 
email[33m:[39m [32m`test${userId}@example.com`[39m }[33m,[39m
     [90m 125 |[39m     
process[33m.[39menv[33m.[39m[33mJWT_SECRET[39m [33m||[39m 
[32m'test_secret'[39m[33m,[39m[0m

      at generateTestToken (tests/setup.js:122:15)
      at Object.<anonymous> (tests/reviews.test.js:33:17)

  ΓùÅ Γ¡É Reviews ΓÇ║ POST /api/v1/reviews/:id/helpful ΓÇ║ Γ£ù Should 
prevent duplicate helpful votes from same user

    ReferenceError: require is not defined

    [0m [90m 120 |[39m [90m */[39m
     [90m 121 |[39m [36mexport[39m [36mconst[39m generateTestToken 
[33m=[39m (userId[33m,[39m role [33m=[39m [32m'user'[39m) 
[33m=>[39m {
    [31m[1m>[22m[39m[90m 122 |[39m   [36mconst[39m jwt 
[33m=[39m require([32m'jsonwebtoken'[39m)[33m;[39m
     [90m     |[39m               [31m[1m^[22m[39m
     [90m 123 |[39m   [36mconst[39m token [33m=[39m 
jwt[33m.[39msign(
     [90m 124 |[39m     { userId[33m,[39m role[33m,[39m 
email[33m:[39m [32m`test${userId}@example.com`[39m }[33m,[39m
     [90m 125 |[39m     
process[33m.[39menv[33m.[39m[33mJWT_SECRET[39m [33m||[39m 
[32m'test_secret'[39m[33m,[39m[0m

      at generateTestToken (tests/setup.js:122:15)
      at Object.<anonymous> (tests/reviews.test.js:33:17)

  ΓùÅ Γ¡É Reviews ΓÇ║ POST /api/v1/reviews/:id/helpful ΓÇ║ Γ£ù Should not 
allow user to vote on own review

    ReferenceError: require is not defined

    [0m [90m 120 |[39m [90m */[39m
     [90m 121 |[39m [36mexport[39m [36mconst[39m generateTestToken 
[33m=[39m (userId[33m,[39m role [33m=[39m [32m'user'[39m) 
[33m=>[39m {
    [31m[1m>[22m[39m[90m 122 |[39m   [36mconst[39m jwt 
[33m=[39m require([32m'jsonwebtoken'[39m)[33m;[39m
     [90m     |[39m               [31m[1m^[22m[39m
     [90m 123 |[39m   [36mconst[39m token [33m=[39m 
jwt[33m.[39msign(
     [90m 124 |[39m     { userId[33m,[39m role[33m,[39m 
email[33m:[39m [32m`test${userId}@example.com`[39m }[33m,[39m
     [90m 125 |[39m     
process[33m.[39menv[33m.[39m[33mJWT_SECRET[39m [33m||[39m 
[32m'test_secret'[39m[33m,[39m[0m

      at generateTestToken (tests/setup.js:122:15)
      at Object.<anonymous> (tests/reviews.test.js:33:17)

  ΓùÅ Γ¡É Reviews ΓÇ║ PUT /api/v1/reviews/:id/approve ΓÇ║ Γ£ô Should 
approve review

    ReferenceError: require is not defined

    [0m [90m 120 |[39m [90m */[39m
     [90m 121 |[39m [36mexport[39m [36mconst[39m generateTestToken 
[33m=[39m (userId[33m,[39m role [33m=[39m [32m'user'[39m) 
[33m=>[39m {
    [31m[1m>[22m[39m[90m 122 |[39m   [36mconst[39m jwt 
[33m=[39m require([32m'jsonwebtoken'[39m)[33m;[39m
     [90m     |[39m               [31m[1m^[22m[39m
     [90m 123 |[39m   [36mconst[39m token [33m=[39m 
jwt[33m.[39msign(
     [90m 124 |[39m     { userId[33m,[39m role[33m,[39m 
email[33m:[39m [32m`test${userId}@example.com`[39m }[33m,[39m
     [90m 125 |[39m     
process[33m.[39menv[33m.[39m[33mJWT_SECRET[39m [33m||[39m 
[32m'test_secret'[39m[33m,[39m[0m

      at generateTestToken (tests/setup.js:122:15)
      at Object.<anonymous> (tests/reviews.test.js:33:17)

  ΓùÅ Γ¡É Reviews ΓÇ║ PUT /api/v1/reviews/:id/approve ΓÇ║ Γ£ô Should 
reject review

    ReferenceError: require is not defined

    [0m [90m 120 |[39m [90m */[39m
     [90m 121 |[39m [36mexport[39m [36mconst[39m generateTestToken 
[33m=[39m (userId[33m,[39m role [33m=[39m [32m'user'[39m) 
[33m=>[39m {
    [31m[1m>[22m[39m[90m 122 |[39m   [36mconst[39m jwt 
[33m=[39m require([32m'jsonwebtoken'[39m)[33m;[39m
     [90m     |[39m               [31m[1m^[22m[39m
     [90m 123 |[39m   [36mconst[39m token [33m=[39m 
jwt[33m.[39msign(
     [90m 124 |[39m     { userId[33m,[39m role[33m,[39m 
email[33m:[39m [32m`test${userId}@example.com`[39m }[33m,[39m
     [90m 125 |[39m     
process[33m.[39menv[33m.[39m[33mJWT_SECRET[39m [33m||[39m 
[32m'test_secret'[39m[33m,[39m[0m

      at generateTestToken (tests/setup.js:122:15)
      at Object.<anonymous> (tests/reviews.test.js:33:17)

  ΓùÅ Γ¡É Reviews ΓÇ║ PUT /api/v1/reviews/:id/approve ΓÇ║ Γ£ù Should not 
allow regular users to approve

    ReferenceError: require is not defined

    [0m [90m 120 |[39m [90m */[39m
     [90m 121 |[39m [36mexport[39m [36mconst[39m generateTestToken 
[33m=[39m (userId[33m,[39m role [33m=[39m [32m'user'[39m) 
[33m=>[39m {
    [31m[1m>[22m[39m[90m 122 |[39m   [36mconst[39m jwt 
[33m=[39m require([32m'jsonwebtoken'[39m)[33m;[39m
     [90m     |[39m               [31m[1m^[22m[39m
     [90m 123 |[39m   [36mconst[39m token [33m=[39m 
jwt[33m.[39msign(
     [90m 124 |[39m     { userId[33m,[39m role[33m,[39m 
email[33m:[39m [32m`test${userId}@example.com`[39m }[33m,[39m
     [90m 125 |[39m     
process[33m.[39menv[33m.[39m[33mJWT_SECRET[39m [33m||[39m 
[32m'test_secret'[39m[33m,[39m[0m

      at generateTestToken (tests/setup.js:122:15)
      at Object.<anonymous> (tests/reviews.test.js:33:17)

  console.log
    [dotenv@17.2.0] injecting env (61) from .env (tip: ≡ƒöÉ prevent committing .env to code: https://dotenvx.com/precommit)

      at _log (node_modules/dotenv/lib/main.js:136:11)

[32minfo[39m: SMTP Config: {"host":"smtp.gmail.com","pass":"***","port":587,"timestamp":"2026-01-24T06:13:45.399Z","user":"your-email@gmail.com"}
[33mwarn[39m: Redis disabled via REDIS_DISABLED=true; using local handlers. {"timestamp":"2026-01-24T06:13:45.418Z"}
  console.log
    [dotenv@17.2.0] injecting env (0) from .env (tip: ΓÜÖ∩╕Å  load multiple .env files with { path: ['.env.local', '.env'] })

      at _log (node_modules/dotenv/lib/main.js:136:11)

  console.warn
    ΓÜá∩╕Å  Insecure default values detected (development only):
       JWT_SECRET
       JWT_REFRESH_SECRET
       These are OK for development but MUST be changed for production!

    [0m [90m  97 |[39m   [90m// Log insecure values in development[39m
     [90m  98 |[39m   [36mif[39m (insecure[33m.[39mlength [33m>[39m [35m0[39m [33m&&[39m process[33m.[39menv[33m.[39m[33mNODE_ENV[39m [33m!==[39m [32m'production'[39m) {
    [31m[1m>[22m[39m[90m  99 |[39m     console[33m.[39mwarn(
     [90m     |[39m             [31m[1m^[22m[39m
     [90m 100 |[39m       [32m'ΓÜá∩╕Å  Insecure default values detected (development only):\n'[39m [33m+[39m
     [90m 101 |[39m       [32m`   ${insecure.join('\n   ')}\n`[39m [33m+[39m
     [90m 102 |[39m       [32m'   These are OK for development but MUST be changed for production!'[39m[0m

      at validateEnv (src/config/validation.js:99:13)
      at src/server.js:23:1

  console.info
    Γ£à Environment validation passed

      at validateEnv (src/config/validation.js:106:11)

  console.log
    [dotenv@17.2.0] injecting env (1) from .env.test (tip: ≡ƒ¢á∩╕Å  run anywhere with `dotenvx run -- yourcommand`)

      at _log (node_modules/dotenv/lib/main.js:136:11)

(node:2992) [MONGODB DRIVER] Warning: useNewUrlParser is a deprecated 
option: useNewUrlParser has no effect since Node.js Driver version 4.0.0 
and will be removed in the next major version
(node:2992) [MONGODB DRIVER] Warning: useUnifiedTopology is a deprecated 
option: useUnifiedTopology has no effect since Node.js Driver version 
4.0.0 and will be removed in the next major version
  console.log
    Γ£ô Test database connected

      at connectTestDB (tests/setup.js:33:13)

  console.log
    Γ£ô Database cleared

      at clearDatabase (tests/setup.js:64:13)

  console.log
    Γ£ô Database cleared

      at clearDatabase (tests/setup.js:64:13)

  console.log
    Γ£ô Database cleared

      at clearDatabase (tests/setup.js:64:13)

  console.log
    Γ£ô Database cleared

      at clearDatabase (tests/setup.js:64:13)

  console.log
    Γ£ô Database cleared

      at clearDatabase (tests/setup.js:64:13)

  console.log
    Γ£ô Database cleared

      at clearDatabase (tests/setup.js:64:13)

  console.log
    Γ£ô Database cleared

      at clearDatabase (tests/setup.js:64:13)

  console.log
    Γ£ô Database cleared

      at clearDatabase (tests/setup.js:64:13)

  console.log
    Γ£ô Database cleared

      at clearDatabase (tests/setup.js:64:13)

  console.log
    Γ£ô Database cleared

      at clearDatabase (tests/setup.js:64:13)

  console.log
    Γ£ô Database cleared

      at clearDatabase (tests/setup.js:64:13)

  console.log
    Γ£ô Database cleared

      at clearDatabase (tests/setup.js:64:13)

  console.log
    Γ£ô Database cleared

      at clearDatabase (tests/setup.js:64:13)

  console.log
    Γ£ô Database cleared

      at clearDatabase (tests/setup.js:64:13)

  console.log
    Γ£ô Database cleared

      at clearDatabase (tests/setup.js:64:13)

  console.log
    Γ£ô Database cleared

      at clearDatabase (tests/setup.js:64:13)

  console.log
    Γ£ô Database cleared

      at clearDatabase (tests/setup.js:64:13)

  console.log
    Γ£ô Database cleared

      at clearDatabase (tests/setup.js:64:13)

  console.log
    Γ£ô Database cleared

      at clearDatabase (tests/setup.js:64:13)

  console.log
    Γ£ô Database cleared

      at clearDatabase (tests/setup.js:64:13)

  console.log
    Γ£ô Test database disconnected

      at disconnectTestDB (tests/setup.js:46:13)

FAIL aqherbal-backend-tests tests/orders.test.js (5.366 s, 328 MB heap 
size)
  ≡ƒôï Orders & Payments
    POST /api/v1/orders
      ├ù Γ£ô Should create order from cart (1143 ms)
      ├ù Γ£ù Should fail with empty cart (123 ms)
      ├ù Γ£ù Should fail without authentication (102 ms)
      ├ù Γ£ù Should fail with out-of-stock item (95 ms)
      ├ù Γ£ù Should fail with invalid payment method (97 ms)
      ├ù Γ£ù Should update inventory after order creation (85 ms)
    GET /api/v1/orders
      ├ù Γ£ô Should get user orders (83 ms)
      ├ù Γ£ô Should filter orders by status (83 ms)
      ├ù Γ£ô Should have pagination (85 ms)
    GET /api/v1/orders/:id
      ├ù Γ£ô Should get order details (86 ms)
      ├ù Γ£ù Should not allow user to view other user orders (83 ms)
      ├ù Γ£ù Should return 404 for non-existent order (84 ms)
    POST /api/v1/payments/initiate
      ├ù Γ£ô Should initiate payment (86 ms)
      ├ù Γ£ù Should fail with non-existent order (80 ms)
      ├ù Γ£ù Should fail if order already paid (85 ms)
    POST /api/v1/payments/verify
      ├ù Γ£ô Should verify successful payment (98 ms)
      ├ù Γ£ù Should reject payment with invalid signature (105 ms)
    PUT /api/v1/orders/:id/cancel
      ├ù Γ£ô Should cancel pending order (130 ms)
      ├ù Γ£ù Should fail if order already shipped (137 ms)
      ├ù Γ£ô Should restore inventory on cancellation (99 ms)

  ΓùÅ ≡ƒôï Orders & Payments ΓÇ║ POST /api/v1/orders ΓÇ║ Γ£ô Should 
create order from cart

    ReferenceError: require is not defined

    [0m [90m 120 |[39m [90m */[39m
     [90m 121 |[39m [36mexport[39m [36mconst[39m generateTestToken 
[33m=[39m (userId[33m,[39m role [33m=[39m [32m'user'[39m) 
[33m=>[39m {
    [31m[1m>[22m[39m[90m 122 |[39m   [36mconst[39m jwt 
[33m=[39m require([32m'jsonwebtoken'[39m)[33m;[39m
     [90m     |[39m               [31m[1m^[22m[39m
     [90m 123 |[39m   [36mconst[39m token [33m=[39m 
jwt[33m.[39msign(
     [90m 124 |[39m     { userId[33m,[39m role[33m,[39m 
email[33m:[39m [32m`test${userId}@example.com`[39m }[33m,[39m
     [90m 125 |[39m     
process[33m.[39menv[33m.[39m[33mJWT_SECRET[39m [33m||[39m 
[32m'test_secret'[39m[33m,[39m[0m

      at generateTestToken (tests/setup.js:122:15)
      at Object.<anonymous> (tests/orders.test.js:46:17)

  ΓùÅ ≡ƒôï Orders & Payments ΓÇ║ POST /api/v1/orders ΓÇ║ Γ£ù Should fail 
with empty cart

    ReferenceError: require is not defined

    [0m [90m 120 |[39m [90m */[39m
     [90m 121 |[39m [36mexport[39m [36mconst[39m generateTestToken 
[33m=[39m (userId[33m,[39m role [33m=[39m [32m'user'[39m) 
[33m=>[39m {
    [31m[1m>[22m[39m[90m 122 |[39m   [36mconst[39m jwt 
[33m=[39m require([32m'jsonwebtoken'[39m)[33m;[39m
     [90m     |[39m               [31m[1m^[22m[39m
     [90m 123 |[39m   [36mconst[39m token [33m=[39m 
jwt[33m.[39msign(
     [90m 124 |[39m     { userId[33m,[39m role[33m,[39m 
email[33m:[39m [32m`test${userId}@example.com`[39m }[33m,[39m
     [90m 125 |[39m     
process[33m.[39menv[33m.[39m[33mJWT_SECRET[39m [33m||[39m 
[32m'test_secret'[39m[33m,[39m[0m

      at generateTestToken (tests/setup.js:122:15)
      at Object.<anonymous> (tests/orders.test.js:46:17)

  ΓùÅ ≡ƒôï Orders & Payments ΓÇ║ POST /api/v1/orders ΓÇ║ Γ£ù Should fail 
without authentication

    ReferenceError: require is not defined

    [0m [90m 120 |[39m [90m */[39m
     [90m 121 |[39m [36mexport[39m [36mconst[39m generateTestToken 
[33m=[39m (userId[33m,[39m role [33m=[39m [32m'user'[39m) 
[33m=>[39m {
    [31m[1m>[22m[39m[90m 122 |[39m   [36mconst[39m jwt 
[33m=[39m require([32m'jsonwebtoken'[39m)[33m;[39m
     [90m     |[39m               [31m[1m^[22m[39m
     [90m 123 |[39m   [36mconst[39m token [33m=[39m 
jwt[33m.[39msign(
     [90m 124 |[39m     { userId[33m,[39m role[33m,[39m 
email[33m:[39m [32m`test${userId}@example.com`[39m }[33m,[39m
     [90m 125 |[39m     
process[33m.[39menv[33m.[39m[33mJWT_SECRET[39m [33m||[39m 
[32m'test_secret'[39m[33m,[39m[0m

      at generateTestToken (tests/setup.js:122:15)
      at Object.<anonymous> (tests/orders.test.js:46:17)

  ΓùÅ ≡ƒôï Orders & Payments ΓÇ║ POST /api/v1/orders ΓÇ║ Γ£ù Should fail 
with out-of-stock item

    ReferenceError: require is not defined

    [0m [90m 120 |[39m [90m */[39m
     [90m 121 |[39m [36mexport[39m [36mconst[39m generateTestToken 
[33m=[39m (userId[33m,[39m role [33m=[39m [32m'user'[39m) 
[33m=>[39m {
    [31m[1m>[22m[39m[90m 122 |[39m   [36mconst[39m jwt 
[33m=[39m require([32m'jsonwebtoken'[39m)[33m;[39m
     [90m     |[39m               [31m[1m^[22m[39m
     [90m 123 |[39m   [36mconst[39m token [33m=[39m 
jwt[33m.[39msign(
     [90m 124 |[39m     { userId[33m,[39m role[33m,[39m 
email[33m:[39m [32m`test${userId}@example.com`[39m }[33m,[39m
     [90m 125 |[39m     
process[33m.[39menv[33m.[39m[33mJWT_SECRET[39m [33m||[39m 
[32m'test_secret'[39m[33m,[39m[0m

      at generateTestToken (tests/setup.js:122:15)
      at Object.<anonymous> (tests/orders.test.js:46:17)

  ΓùÅ ≡ƒôï Orders & Payments ΓÇ║ POST /api/v1/orders ΓÇ║ Γ£ù Should fail 
with invalid payment method

    ReferenceError: require is not defined

    [0m [90m 120 |[39m [90m */[39m
     [90m 121 |[39m [36mexport[39m [36mconst[39m generateTestToken 
[33m=[39m (userId[33m,[39m role [33m=[39m [32m'user'[39m) 
[33m=>[39m {
    [31m[1m>[22m[39m[90m 122 |[39m   [36mconst[39m jwt 
[33m=[39m require([32m'jsonwebtoken'[39m)[33m;[39m
     [90m     |[39m               [31m[1m^[22m[39m
     [90m 123 |[39m   [36mconst[39m token [33m=[39m 
jwt[33m.[39msign(
     [90m 124 |[39m     { userId[33m,[39m role[33m,[39m 
email[33m:[39m [32m`test${userId}@example.com`[39m }[33m,[39m
     [90m 125 |[39m     
process[33m.[39menv[33m.[39m[33mJWT_SECRET[39m [33m||[39m 
[32m'test_secret'[39m[33m,[39m[0m

      at generateTestToken (tests/setup.js:122:15)
      at Object.<anonymous> (tests/orders.test.js:46:17)

  ΓùÅ ≡ƒôï Orders & Payments ΓÇ║ POST /api/v1/orders ΓÇ║ Γ£ù Should 
update inventory after order creation

    ReferenceError: require is not defined

    [0m [90m 120 |[39m [90m */[39m
     [90m 121 |[39m [36mexport[39m [36mconst[39m generateTestToken 
[33m=[39m (userId[33m,[39m role [33m=[39m [32m'user'[39m) 
[33m=>[39m {
    [31m[1m>[22m[39m[90m 122 |[39m   [36mconst[39m jwt 
[33m=[39m require([32m'jsonwebtoken'[39m)[33m;[39m
     [90m     |[39m               [31m[1m^[22m[39m
     [90m 123 |[39m   [36mconst[39m token [33m=[39m 
jwt[33m.[39msign(
     [90m 124 |[39m     { userId[33m,[39m role[33m,[39m 
email[33m:[39m [32m`test${userId}@example.com`[39m }[33m,[39m
     [90m 125 |[39m     
process[33m.[39menv[33m.[39m[33mJWT_SECRET[39m [33m||[39m 
[32m'test_secret'[39m[33m,[39m[0m

      at generateTestToken (tests/setup.js:122:15)
      at Object.<anonymous> (tests/orders.test.js:46:17)

  ΓùÅ ≡ƒôï Orders & Payments ΓÇ║ GET /api/v1/orders ΓÇ║ Γ£ô Should get 
user orders

    ReferenceError: require is not defined

    [0m [90m 120 |[39m [90m */[39m
     [90m 121 |[39m [36mexport[39m [36mconst[39m generateTestToken 
[33m=[39m (userId[33m,[39m role [33m=[39m [32m'user'[39m) 
[33m=>[39m {
    [31m[1m>[22m[39m[90m 122 |[39m   [36mconst[39m jwt 
[33m=[39m require([32m'jsonwebtoken'[39m)[33m;[39m
     [90m     |[39m               [31m[1m^[22m[39m
     [90m 123 |[39m   [36mconst[39m token [33m=[39m 
jwt[33m.[39msign(
     [90m 124 |[39m     { userId[33m,[39m role[33m,[39m 
email[33m:[39m [32m`test${userId}@example.com`[39m }[33m,[39m
     [90m 125 |[39m     
process[33m.[39menv[33m.[39m[33mJWT_SECRET[39m [33m||[39m 
[32m'test_secret'[39m[33m,[39m[0m

      at generateTestToken (tests/setup.js:122:15)
      at Object.<anonymous> (tests/orders.test.js:46:17)

  ΓùÅ ≡ƒôï Orders & Payments ΓÇ║ GET /api/v1/orders ΓÇ║ Γ£ô Should filter 
orders by status

    ReferenceError: require is not defined

    [0m [90m 120 |[39m [90m */[39m
     [90m 121 |[39m [36mexport[39m [36mconst[39m generateTestToken 
[33m=[39m (userId[33m,[39m role [33m=[39m [32m'user'[39m) 
[33m=>[39m {
    [31m[1m>[22m[39m[90m 122 |[39m   [36mconst[39m jwt 
[33m=[39m require([32m'jsonwebtoken'[39m)[33m;[39m
     [90m     |[39m               [31m[1m^[22m[39m
     [90m 123 |[39m   [36mconst[39m token [33m=[39m 
jwt[33m.[39msign(
     [90m 124 |[39m     { userId[33m,[39m role[33m,[39m 
email[33m:[39m [32m`test${userId}@example.com`[39m }[33m,[39m
     [90m 125 |[39m     
process[33m.[39menv[33m.[39m[33mJWT_SECRET[39m [33m||[39m 
[32m'test_secret'[39m[33m,[39m[0m

      at generateTestToken (tests/setup.js:122:15)
      at Object.<anonymous> (tests/orders.test.js:46:17)

  ΓùÅ ≡ƒôï Orders & Payments ΓÇ║ GET /api/v1/orders ΓÇ║ Γ£ô Should have 
pagination

    ReferenceError: require is not defined

    [0m [90m 120 |[39m [90m */[39m
     [90m 121 |[39m [36mexport[39m [36mconst[39m generateTestToken 
[33m=[39m (userId[33m,[39m role [33m=[39m [32m'user'[39m) 
[33m=>[39m {
    [31m[1m>[22m[39m[90m 122 |[39m   [36mconst[39m jwt 
[33m=[39m require([32m'jsonwebtoken'[39m)[33m;[39m
     [90m     |[39m               [31m[1m^[22m[39m
     [90m 123 |[39m   [36mconst[39m token [33m=[39m 
jwt[33m.[39msign(
     [90m 124 |[39m     { userId[33m,[39m role[33m,[39m 
email[33m:[39m [32m`test${userId}@example.com`[39m }[33m,[39m
     [90m 125 |[39m     
process[33m.[39menv[33m.[39m[33mJWT_SECRET[39m [33m||[39m 
[32m'test_secret'[39m[33m,[39m[0m

      at generateTestToken (tests/setup.js:122:15)
      at Object.<anonymous> (tests/orders.test.js:46:17)

  ΓùÅ ≡ƒôï Orders & Payments ΓÇ║ GET /api/v1/orders/:id ΓÇ║ Γ£ô Should 
get order details

    ReferenceError: require is not defined

    [0m [90m 120 |[39m [90m */[39m
     [90m 121 |[39m [36mexport[39m [36mconst[39m generateTestToken 
[33m=[39m (userId[33m,[39m role [33m=[39m [32m'user'[39m) 
[33m=>[39m {
    [31m[1m>[22m[39m[90m 122 |[39m   [36mconst[39m jwt 
[33m=[39m require([32m'jsonwebtoken'[39m)[33m;[39m
     [90m     |[39m               [31m[1m^[22m[39m
     [90m 123 |[39m   [36mconst[39m token [33m=[39m 
jwt[33m.[39msign(
     [90m 124 |[39m     { userId[33m,[39m role[33m,[39m 
email[33m:[39m [32m`test${userId}@example.com`[39m }[33m,[39m
     [90m 125 |[39m     
process[33m.[39menv[33m.[39m[33mJWT_SECRET[39m [33m||[39m 
[32m'test_secret'[39m[33m,[39m[0m

      at generateTestToken (tests/setup.js:122:15)
      at Object.<anonymous> (tests/orders.test.js:46:17)

  ΓùÅ ≡ƒôï Orders & Payments ΓÇ║ GET /api/v1/orders/:id ΓÇ║ Γ£ù Should 
not allow user to view other user orders

    ReferenceError: require is not defined

    [0m [90m 120 |[39m [90m */[39m
     [90m 121 |[39m [36mexport[39m [36mconst[39m generateTestToken 
[33m=[39m (userId[33m,[39m role [33m=[39m [32m'user'[39m) 
[33m=>[39m {
    [31m[1m>[22m[39m[90m 122 |[39m   [36mconst[39m jwt 
[33m=[39m require([32m'jsonwebtoken'[39m)[33m;[39m
     [90m     |[39m               [31m[1m^[22m[39m
     [90m 123 |[39m   [36mconst[39m token [33m=[39m 
jwt[33m.[39msign(
     [90m 124 |[39m     { userId[33m,[39m role[33m,[39m 
email[33m:[39m [32m`test${userId}@example.com`[39m }[33m,[39m
     [90m 125 |[39m     
process[33m.[39menv[33m.[39m[33mJWT_SECRET[39m [33m||[39m 
[32m'test_secret'[39m[33m,[39m[0m

      at generateTestToken (tests/setup.js:122:15)
      at Object.<anonymous> (tests/orders.test.js:46:17)

  ΓùÅ ≡ƒôï Orders & Payments ΓÇ║ GET /api/v1/orders/:id ΓÇ║ Γ£ù Should 
return 404 for non-existent order

    ReferenceError: require is not defined

    [0m [90m 120 |[39m [90m */[39m
     [90m 121 |[39m [36mexport[39m [36mconst[39m generateTestToken 
[33m=[39m (userId[33m,[39m role [33m=[39m [32m'user'[39m) 
[33m=>[39m {
    [31m[1m>[22m[39m[90m 122 |[39m   [36mconst[39m jwt 
[33m=[39m require([32m'jsonwebtoken'[39m)[33m;[39m
     [90m     |[39m               [31m[1m^[22m[39m
     [90m 123 |[39m   [36mconst[39m token [33m=[39m 
jwt[33m.[39msign(
     [90m 124 |[39m     { userId[33m,[39m role[33m,[39m 
email[33m:[39m [32m`test${userId}@example.com`[39m }[33m,[39m
     [90m 125 |[39m     
process[33m.[39menv[33m.[39m[33mJWT_SECRET[39m [33m||[39m 
[32m'test_secret'[39m[33m,[39m[0m

      at generateTestToken (tests/setup.js:122:15)
      at Object.<anonymous> (tests/orders.test.js:46:17)

  ΓùÅ ≡ƒôï Orders & Payments ΓÇ║ POST /api/v1/payments/initiate ΓÇ║ Γ£ô 
Should initiate payment

    ReferenceError: require is not defined

    [0m [90m 120 |[39m [90m */[39m
     [90m 121 |[39m [36mexport[39m [36mconst[39m generateTestToken 
[33m=[39m (userId[33m,[39m role [33m=[39m [32m'user'[39m) 
[33m=>[39m {
    [31m[1m>[22m[39m[90m 122 |[39m   [36mconst[39m jwt 
[33m=[39m require([32m'jsonwebtoken'[39m)[33m;[39m
     [90m     |[39m               [31m[1m^[22m[39m
     [90m 123 |[39m   [36mconst[39m token [33m=[39m 
jwt[33m.[39msign(
     [90m 124 |[39m     { userId[33m,[39m role[33m,[39m 
email[33m:[39m [32m`test${userId}@example.com`[39m }[33m,[39m
     [90m 125 |[39m     
process[33m.[39menv[33m.[39m[33mJWT_SECRET[39m [33m||[39m 
[32m'test_secret'[39m[33m,[39m[0m

      at generateTestToken (tests/setup.js:122:15)
      at Object.<anonymous> (tests/orders.test.js:46:17)

  ΓùÅ ≡ƒôï Orders & Payments ΓÇ║ POST /api/v1/payments/initiate ΓÇ║ Γ£ù 
Should fail with non-existent order

    ReferenceError: require is not defined

    [0m [90m 120 |[39m [90m */[39m
     [90m 121 |[39m [36mexport[39m [36mconst[39m generateTestToken 
[33m=[39m (userId[33m,[39m role [33m=[39m [32m'user'[39m) 
[33m=>[39m {
    [31m[1m>[22m[39m[90m 122 |[39m   [36mconst[39m jwt 
[33m=[39m require([32m'jsonwebtoken'[39m)[33m;[39m
     [90m     |[39m               [31m[1m^[22m[39m
     [90m 123 |[39m   [36mconst[39m token [33m=[39m 
jwt[33m.[39msign(
     [90m 124 |[39m     { userId[33m,[39m role[33m,[39m 
email[33m:[39m [32m`test${userId}@example.com`[39m }[33m,[39m
     [90m 125 |[39m     
process[33m.[39menv[33m.[39m[33mJWT_SECRET[39m [33m||[39m 
[32m'test_secret'[39m[33m,[39m[0m

      at generateTestToken (tests/setup.js:122:15)
      at Object.<anonymous> (tests/orders.test.js:46:17)

  ΓùÅ ≡ƒôï Orders & Payments ΓÇ║ POST /api/v1/payments/initiate ΓÇ║ Γ£ù 
Should fail if order already paid

    ReferenceError: require is not defined

    [0m [90m 120 |[39m [90m */[39m
     [90m 121 |[39m [36mexport[39m [36mconst[39m generateTestToken 
[33m=[39m (userId[33m,[39m role [33m=[39m [32m'user'[39m) 
[33m=>[39m {
    [31m[1m>[22m[39m[90m 122 |[39m   [36mconst[39m jwt 
[33m=[39m require([32m'jsonwebtoken'[39m)[33m;[39m
     [90m     |[39m               [31m[1m^[22m[39m
     [90m 123 |[39m   [36mconst[39m token [33m=[39m 
jwt[33m.[39msign(
     [90m 124 |[39m     { userId[33m,[39m role[33m,[39m 
email[33m:[39m [32m`test${userId}@example.com`[39m }[33m,[39m
     [90m 125 |[39m     
process[33m.[39menv[33m.[39m[33mJWT_SECRET[39m [33m||[39m 
[32m'test_secret'[39m[33m,[39m[0m

      at generateTestToken (tests/setup.js:122:15)
      at Object.<anonymous> (tests/orders.test.js:46:17)

  ΓùÅ ≡ƒôï Orders & Payments ΓÇ║ POST /api/v1/payments/verify ΓÇ║ Γ£ô 
Should verify successful payment

    ReferenceError: require is not defined

    [0m [90m 120 |[39m [90m */[39m
     [90m 121 |[39m [36mexport[39m [36mconst[39m generateTestToken 
[33m=[39m (userId[33m,[39m role [33m=[39m [32m'user'[39m) 
[33m=>[39m {
    [31m[1m>[22m[39m[90m 122 |[39m   [36mconst[39m jwt 
[33m=[39m require([32m'jsonwebtoken'[39m)[33m;[39m
     [90m     |[39m               [31m[1m^[22m[39m
     [90m 123 |[39m   [36mconst[39m token [33m=[39m 
jwt[33m.[39msign(
     [90m 124 |[39m     { userId[33m,[39m role[33m,[39m 
email[33m:[39m [32m`test${userId}@example.com`[39m }[33m,[39m
     [90m 125 |[39m     
process[33m.[39menv[33m.[39m[33mJWT_SECRET[39m [33m||[39m 
[32m'test_secret'[39m[33m,[39m[0m

      at generateTestToken (tests/setup.js:122:15)
      at Object.<anonymous> (tests/orders.test.js:46:17)

  ΓùÅ ≡ƒôï Orders & Payments ΓÇ║ POST /api/v1/payments/verify ΓÇ║ Γ£ù 
Should reject payment with invalid signature

    ReferenceError: require is not defined

    [0m [90m 120 |[39m [90m */[39m
     [90m 121 |[39m [36mexport[39m [36mconst[39m generateTestToken 
[33m=[39m (userId[33m,[39m role [33m=[39m [32m'user'[39m) 
[33m=>[39m {
    [31m[1m>[22m[39m[90m 122 |[39m   [36mconst[39m jwt 
[33m=[39m require([32m'jsonwebtoken'[39m)[33m;[39m
     [90m     |[39m               [31m[1m^[22m[39m
     [90m 123 |[39m   [36mconst[39m token [33m=[39m 
jwt[33m.[39msign(
     [90m 124 |[39m     { userId[33m,[39m role[33m,[39m 
email[33m:[39m [32m`test${userId}@example.com`[39m }[33m,[39m
     [90m 125 |[39m     
process[33m.[39menv[33m.[39m[33mJWT_SECRET[39m [33m||[39m 
[32m'test_secret'[39m[33m,[39m[0m

      at generateTestToken (tests/setup.js:122:15)
      at Object.<anonymous> (tests/orders.test.js:46:17)

  ΓùÅ ≡ƒôï Orders & Payments ΓÇ║ PUT /api/v1/orders/:id/cancel ΓÇ║ Γ£ô 
Should cancel pending order

    ReferenceError: require is not defined

    [0m [90m 120 |[39m [90m */[39m
     [90m 121 |[39m [36mexport[39m [36mconst[39m generateTestToken 
[33m=[39m (userId[33m,[39m role [33m=[39m [32m'user'[39m) 
[33m=>[39m {
    [31m[1m>[22m[39m[90m 122 |[39m   [36mconst[39m jwt 
[33m=[39m require([32m'jsonwebtoken'[39m)[33m;[39m
     [90m     |[39m               [31m[1m^[22m[39m
     [90m 123 |[39m   [36mconst[39m token [33m=[39m 
jwt[33m.[39msign(
     [90m 124 |[39m     { userId[33m,[39m role[33m,[39m 
email[33m:[39m [32m`test${userId}@example.com`[39m }[33m,[39m
     [90m 125 |[39m     
process[33m.[39menv[33m.[39m[33mJWT_SECRET[39m [33m||[39m 
[32m'test_secret'[39m[33m,[39m[0m

      at generateTestToken (tests/setup.js:122:15)
      at Object.<anonymous> (tests/orders.test.js:46:17)

  ΓùÅ ≡ƒôï Orders & Payments ΓÇ║ PUT /api/v1/orders/:id/cancel ΓÇ║ Γ£ù 
Should fail if order already shipped

    ReferenceError: require is not defined

    [0m [90m 120 |[39m [90m */[39m
     [90m 121 |[39m [36mexport[39m [36mconst[39m generateTestToken 
[33m=[39m (userId[33m,[39m role [33m=[39m [32m'user'[39m) 
[33m=>[39m {
    [31m[1m>[22m[39m[90m 122 |[39m   [36mconst[39m jwt 
[33m=[39m require([32m'jsonwebtoken'[39m)[33m;[39m
     [90m     |[39m               [31m[1m^[22m[39m
     [90m 123 |[39m   [36mconst[39m token [33m=[39m 
jwt[33m.[39msign(
     [90m 124 |[39m     { userId[33m,[39m role[33m,[39m 
email[33m:[39m [32m`test${userId}@example.com`[39m }[33m,[39m
     [90m 125 |[39m     
process[33m.[39menv[33m.[39m[33mJWT_SECRET[39m [33m||[39m 
[32m'test_secret'[39m[33m,[39m[0m

      at generateTestToken (tests/setup.js:122:15)
      at Object.<anonymous> (tests/orders.test.js:46:17)

  ΓùÅ ≡ƒôï Orders & Payments ΓÇ║ PUT /api/v1/orders/:id/cancel ΓÇ║ Γ£ô 
Should restore inventory on cancellation

    ReferenceError: require is not defined

    [0m [90m 120 |[39m [90m */[39m
     [90m 121 |[39m [36mexport[39m [36mconst[39m generateTestToken 
[33m=[39m (userId[33m,[39m role [33m=[39m [32m'user'[39m) 
[33m=>[39m {
    [31m[1m>[22m[39m[90m 122 |[39m   [36mconst[39m jwt 
[33m=[39m require([32m'jsonwebtoken'[39m)[33m;[39m
     [90m     |[39m               [31m[1m^[22m[39m
     [90m 123 |[39m   [36mconst[39m token [33m=[39m 
jwt[33m.[39msign(
     [90m 124 |[39m     { userId[33m,[39m role[33m,[39m 
email[33m:[39m [32m`test${userId}@example.com`[39m }[33m,[39m
     [90m 125 |[39m     
process[33m.[39menv[33m.[39m[33mJWT_SECRET[39m [33m||[39m 
[32m'test_secret'[39m[33m,[39m[0m

      at generateTestToken (tests/setup.js:122:15)
      at Object.<anonymous> (tests/orders.test.js:46:17)

PASS aqherbal-backend-tests tests/integration/workflow.test.js (336 MB 
heap size)
  E-Commerce Integration Tests
    ΓêÜ placeholder test - install supertest to run full integration 
tests (3 ms)

  console.log
    [dotenv@17.2.0] injecting env (61) from .env (tip: ΓÜÖ∩╕Å  override existing env vars with { override: true })

      at _log (node_modules/dotenv/lib/main.js:136:11)

[32minfo[39m: SMTP Config: {"host":"smtp.gmail.com","pass":"***","port":587,"timestamp":"2026-01-24T06:13:50.786Z","user":"your-email@gmail.com"}
[33mwarn[39m: Redis disabled via REDIS_DISABLED=true; using local handlers. {"timestamp":"2026-01-24T06:13:50.803Z"}
  console.log
    [dotenv@17.2.0] injecting env (0) from .env (tip: ΓÜÖ∩╕Å  override existing env vars with { override: true })

      at _log (node_modules/dotenv/lib/main.js:136:11)

  console.warn
    ΓÜá∩╕Å  Insecure default values detected (development only):
       JWT_SECRET
       JWT_REFRESH_SECRET
       These are OK for development but MUST be changed for production!

    [0m [90m  97 |[39m   [90m// Log insecure values in development[39m
     [90m  98 |[39m   [36mif[39m (insecure[33m.[39mlength [33m>[39m [35m0[39m [33m&&[39m process[33m.[39menv[33m.[39m[33mNODE_ENV[39m [33m!==[39m [32m'production'[39m) {
    [31m[1m>[22m[39m[90m  99 |[39m     console[33m.[39mwarn(
     [90m     |[39m             [31m[1m^[22m[39m
     [90m 100 |[39m       [32m'ΓÜá∩╕Å  Insecure default values detected (development only):\n'[39m [33m+[39m
     [90m 101 |[39m       [32m`   ${insecure.join('\n   ')}\n`[39m [33m+[39m
     [90m 102 |[39m       [32m'   These are OK for development but MUST be changed for production!'[39m[0m

      at validateEnv (src/config/validation.js:99:13)
      at src/server.js:23:1

  console.info
    Γ£à Environment validation passed

      at validateEnv (src/config/validation.js:106:11)

  console.log
    [dotenv@17.2.0] injecting env (1) from .env.test (tip: ΓÜÖ∩╕Å  write to custom object with { processEnv: myObject })

      at _log (node_modules/dotenv/lib/main.js:136:11)

FAIL aqherbal-backend-tests tests/products.test.js
  ΓùÅ Test suite failed to run

    TypeError: Cannot read properties of undefined (reading '_id')

    [0m [90m 237 |[39m       name[33m:[39m [32m'New Herbal 
Product'[39m[33m,[39m
     [90m 238 |[39m       sku[33m:[39m [32m'NEW-001'[39m[33m,[39m
    [31m[1m>[22m[39m[90m 239 |[39m       categoryId[33m:[39m 
testCategory[33m.[39m_id[33m.[39mtoString()[33m,[39m
     [90m     |[39m                                [31m[1m^[22m[39m
     [90m 240 |[39m       price[33m:[39m [35m299[39m[33m,[39m
     [90m 241 |[39m       stock[33m:[39m [35m50[39m[33m,[39m
     [90m 242 |[39m       description[33m:[39m [32m'High-quality 
herbal product'[39m[33m,[39m[0m

      at tests/products.test.js:239:32
      at tests/products.test.js:234:3
      at tests/products.test.js:13:1

Test Suites: 9 failed, 1 passed, 10 total
Tests:       182 failed, 1 passed, 183 total
Snapshots:   0 total
Time:        151.545 s
Ran all test suites.

Jest has detected the following 9 open handles potentially keeping Jest 
from exiting:

  ΓùÅ  TCPSERVERWRAP

    [0m [90m 18 |[39m     it([32m'Γ£ô Should register user with valid 
credentials'[39m[33m,[39m [36masync[39m () [33m=>[39m {
     [90m 19 |[39m       [36mconst[39m res [33m=[39m 
[36mawait[39m request(app)
    [31m[1m>[22m[39m[90m 20 |[39m         
[33m.[39mpost([32m'/api/v1/auth/register'[39m)
     [90m    |[39m          [31m[1m^[22m[39m
     [90m 21 |[39m         [33m.[39msend({
     [90m 22 |[39m           email[33m:[39m 
[32m'newuser@test.com'[39m[33m,[39m
     [90m 23 |[39m           password[33m:[39m 
[32m'SecurePass123!'[39m[33m,[39m[0m

      at Test.serverAddress (node_modules/supertest/lib/test.js:63:35)
      at new Test (node_modules/supertest/lib/test.js:49:14)
      at Object.obj.<computed> [as post] 
(node_modules/supertest/index.js:39:18)
      at Object.<anonymous> (tests/auth.test.js:20:10)


  ΓùÅ  TCPSERVERWRAP

    [0m [90m 56 |[39m     it([32m'Γ£ù Should fail registration with 
invalid email'[39m[33m,[39m [36masync[39m () [33m=>[39m {
     [90m 57 |[39m       [36mconst[39m res [33m=[39m 
[36mawait[39m request(app)
    [31m[1m>[22m[39m[90m 58 |[39m         
[33m.[39mpost([32m'/api/v1/auth/register'[39m)
     [90m    |[39m          [31m[1m^[22m[39m
     [90m 59 |[39m         [33m.[39msend({
     [90m 60 |[39m           email[33m:[39m 
[32m'invalid-email'[39m[33m,[39m
     [90m 61 |[39m           password[33m:[39m 
[32m'SecurePass123!'[39m[33m,[39m[0m

      at Test.serverAddress (node_modules/supertest/lib/test.js:63:35)
      at new Test (node_modules/supertest/lib/test.js:49:14)
      at Object.obj.<computed> [as post] 
(node_modules/supertest/index.js:39:18)
      at Object.<anonymous> (tests/auth.test.js:58:10)


  ΓùÅ  TCPSERVERWRAP

    [0m [90m 69 |[39m     it([32m'Γ£ù Should fail registration with 
weak password'[39m[33m,[39m [36masync[39m () [33m=>[39m {
     [90m 70 |[39m       [36mconst[39m res [33m=[39m 
[36mawait[39m request(app)
    [31m[1m>[22m[39m[90m 71 |[39m         
[33m.[39mpost([32m'/api/v1/auth/register'[39m)
     [90m    |[39m          [31m[1m^[22m[39m
     [90m 72 |[39m         [33m.[39msend({
     [90m 73 |[39m           email[33m:[39m 
[32m'test@test.com'[39m[33m,[39m
     [90m 74 |[39m           password[33m:[39m 
[32m'123'[39m[33m,[39m[0m

      at Test.serverAddress (node_modules/supertest/lib/test.js:63:35)
      at new Test (node_modules/supertest/lib/test.js:49:14)
      at Object.obj.<computed> [as post] 
(node_modules/supertest/index.js:39:18)
      at Object.<anonymous> (tests/auth.test.js:71:10)


  ΓùÅ  TCPSERVERWRAP

    [0m [90m 82 |[39m     it([32m'Γ£ù Should fail registration with 
missing required fields'[39m[33m,[39m [36masync[39m () [33m=>[39m {
     [90m 83 |[39m       [36mconst[39m res [33m=[39m 
[36mawait[39m request(app)
    [31m[1m>[22m[39m[90m 84 |[39m         
[33m.[39mpost([32m'/api/v1/auth/register'[39m)
     [90m    |[39m          [31m[1m^[22m[39m
     [90m 85 |[39m         [33m.[39msend({
     [90m 86 |[39m           email[33m:[39m 
[32m'test@test.com'[39m[33m,[39m
     [90m 87 |[39m           [90m// Missing password[39m[0m

      at Test.serverAddress (node_modules/supertest/lib/test.js:63:35)
      at new Test (node_modules/supertest/lib/test.js:49:14)
      at Object.obj.<computed> [as post] 
(node_modules/supertest/index.js:39:18)
      at Object.<anonymous> (tests/auth.test.js:84:10)


  ΓùÅ  TCPSERVERWRAP

    [0m [90m  96 |[39m       
     [90m  97 |[39m       [36mconst[39m res [33m=[39m 
[36mawait[39m request(app)
    [31m[1m>[22m[39m[90m  98 |[39m         
[33m.[39mpost([32m'/api/v1/auth/register'[39m)
     [90m     |[39m          [31m[1m^[22m[39m
     [90m  99 |[39m         [33m.[39msend({
     [90m 100 |[39m           email[33m:[39m 
[32m'test@test.com'[39m[33m,[39m
     [90m 101 |[39m           password[33m:[39m 
[32m'SecurePass123!'[39m[33m,[39m[0m

      at Test.serverAddress (node_modules/supertest/lib/test.js:63:35)
      at new Test (node_modules/supertest/lib/test.js:49:14)
      at Object.obj.<computed> [as post] 
(node_modules/supertest/index.js:39:18)
      at Object.<anonymous> (tests/auth.test.js:98:10)


  ΓùÅ  TCPSERVERWRAP

    [0m [90m 123 |[39m     it([32m'Γ£ô Should login with valid 
credentials'[39m[33m,[39m [36masync[39m () [33m=>[39m {
     [90m 124 |[39m       [36mconst[39m res [33m=[39m 
[36mawait[39m request(app)
    [31m[1m>[22m[39m[90m 125 |[39m         
[33m.[39mpost([32m'/api/v1/auth/login'[39m)
     [90m     |[39m          [31m[1m^[22m[39m
     [90m 126 |[39m         [33m.[39msend({
     [90m 127 |[39m           email[33m:[39m 
[32m'login@test.com'[39m[33m,[39m
     [90m 128 |[39m           password[33m:[39m 
[32m'SecurePass123!'[39m[33m,[39m[0m

      at Test.serverAddress (node_modules/supertest/lib/test.js:63:35)
      at new Test (node_modules/supertest/lib/test.js:49:14)
      at Object.obj.<computed> [as post] 
(node_modules/supertest/index.js:39:18)
      at Object.<anonymous> (tests/auth.test.js:125:10)


  ΓùÅ  TCPSERVERWRAP

    [0m [90m 137 |[39m     it([32m'Γ£ù Should fail login with wrong 
password'[39m[33m,[39m [36masync[39m () [33m=>[39m {
     [90m 138 |[39m       [36mconst[39m res [33m=[39m 
[36mawait[39m request(app)
    [31m[1m>[22m[39m[90m 139 |[39m         
[33m.[39mpost([32m'/api/v1/auth/login'[39m)
     [90m     |[39m          [31m[1m^[22m[39m
     [90m 140 |[39m         [33m.[39msend({
     [90m 141 |[39m           email[33m:[39m 
[32m'login@test.com'[39m[33m,[39m
     [90m 142 |[39m           password[33m:[39m 
[32m'WrongPassword123!'[39m[33m,[39m[0m

      at Test.serverAddress (node_modules/supertest/lib/test.js:63:35)
      at new Test (node_modules/supertest/lib/test.js:49:14)
      at Object.obj.<computed> [as post] 
(node_modules/supertest/index.js:39:18)
      at Object.<anonymous> (tests/auth.test.js:139:10)


  ΓùÅ  TCPSERVERWRAP

    [0m [90m 149 |[39m     it([32m'Γ£ù Should fail login with 
non-existent email'[39m[33m,[39m [36masync[39m () [33m=>[39m {
     [90m 150 |[39m       [36mconst[39m res [33m=[39m 
[36mawait[39m request(app)
    [31m[1m>[22m[39m[90m 151 |[39m         
[33m.[39mpost([32m'/api/v1/auth/login'[39m)
     [90m     |[39m          [31m[1m^[22m[39m
     [90m 152 |[39m         [33m.[39msend({
     [90m 153 |[39m           email[33m:[39m 
[32m'nonexistent@test.com'[39m[33m,[39m
     [90m 154 |[39m           password[33m:[39m 
[32m'SecurePass123!'[39m[33m,[39m[0m

      at Test.serverAddress (node_modules/supertest/lib/test.js:63:35)
      at new Test (node_modules/supertest/lib/test.js:49:14)
      at Object.obj.<computed> [as post] 
(node_modules/supertest/index.js:39:18)
      at Object.<anonymous> (tests/auth.test.js:151:10)


  ΓùÅ  TCPSERVERWRAP

    [0m [90m 160 |[39m     it([32m'Γ£ù Should fail login with missing 
credentials'[39m[33m,[39m [36masync[39m () [33m=>[39m {
     [90m 161 |[39m       [36mconst[39m res [33m=[39m 
[36mawait[39m request(app)
    [31m[1m>[22m[39m[90m 162 |[39m         
[33m.[39mpost([32m'/api/v1/auth/login'[39m)
     [90m     |[39m          [31m[1m^[22m[39m
     [90m 163 |[39m         [33m.[39msend({
     [90m 164 |[39m           email[33m:[39m 
[32m'login@test.com'[39m[33m,[39m
     [90m 165 |[39m         })[33m;[39m[0m

      at Test.serverAddress (node_modules/supertest/lib/test.js:63:35)
      at new Test (node_modules/supertest/lib/test.js:49:14)
      at Object.obj.<computed> [as post] 
(node_modules/supertest/index.js:39:18)
      at Object.<anonymous> (tests/auth.test.js:162:10)

